<html>
<body>
<pre>
<h1>µVision Build Log</h1>
<h2>Tool Versions:</h2>
IDE-Version: ¦ÌVision V5.31.0.0
Copyright (C) 2020 ARM Ltd and ARM Germany GmbH. All rights reserved.
License Information: dao SZM, mengchong, LIC=WHYH9-4ST22-8T63P-M9GFM-M23W9-T1LG0
 
Tool Versions:
Toolchain:       MDK-ARM Plus  Version: 5.31.0.0
Toolchain Path:  C:\Keil_v5\ARM\ARMCLANG\Bin
C Compiler:      ArmClang.exe V6.14
Assembler:       Armasm.exe V6.14
Linker/Locator:  ArmLink.exe V6.14
Library Manager: ArmAr.exe V6.14
Hex Converter:   FromElf.exe V6.14
CPU DLL:         SARMCM3.DLL V5.31.0.0
Dialog DLL:      DCM.DLL V1.17.3.0
Target DLL:      Segger\JL2CM3.dll V2.99.38.0
Dialog DLL:      TCM.DLL V1.46.0.0
 
<h2>Project:</h2>
D:\Projects\KeilProjects\stm32h750\stm32h750ibk6\MDK-ARM\stm32h750ibk6.uvprojx
Project File Date:  06/07/2025

<h2>Output:</h2>
*** Using Compiler 'V6.14', folder: 'C:\Keil_v5\ARM\ARMCLANG\Bin'
Build target 'stm32h750ibk6'
../Apps/desktop/desktop.c(29): warning: implicit truncation from 'int' to bit-field changes value from 107 to 11 [-Wbitfield-constant-conversion]
    ui_color normal = {107, 112, 187, 255};
                       ^~~
../Apps/desktop/desktop.c(29): warning: implicit truncation from 'int' to bit-field changes value from 112 to 48 [-Wbitfield-constant-conversion]
    ui_color normal = {107, 112, 187, 255};
                            ^~~
../Apps/desktop/desktop.c(29): warning: implicit truncation from 'int' to bit-field changes value from 187 to 27 [-Wbitfield-constant-conversion]
    ui_color normal = {107, 112, 187, 255};
                                 ^~~
../Apps/desktop/desktop.c(30): warning: implicit truncation from 'int' to bit-field changes value from 60 to 28 [-Wbitfield-constant-conversion]
    ui_color hover = {60, 68, 182, 255};
                      ^~
../Apps/desktop/desktop.c(30): warning: implicit truncation from 'int' to bit-field changes value from 68 to 4 [-Wbitfield-constant-conversion]
    ui_color hover = {60, 68, 182, 255};
                          ^~
../Apps/desktop/desktop.c(30): warning: implicit truncation from 'int' to bit-field changes value from 182 to 22 [-Wbitfield-constant-conversion]
    ui_color hover = {60, 68, 182, 255};
                              ^~~
../Apps/desktop/desktop.c(31): warning: implicit truncation from 'int' to bit-field changes value from 188 to 28 [-Wbitfield-constant-conversion]
    ui_color active = {188, 65, 102, 255};
                       ^~~
../Apps/desktop/desktop.c(31): warning: implicit truncation from 'int' to bit-field changes value from 65 to 1 [-Wbitfield-constant-conversion]
    ui_color active = {188, 65, 102, 255};
                            ^~
../Apps/desktop/desktop.c(31): warning: implicit truncation from 'int' to bit-field changes value from 102 to 6 [-Wbitfield-constant-conversion]
    ui_color active = {188, 65, 102, 255};
                                ^~~
9 warnings generated.
compiling desktop.c...
compiling main.c...
linking...
Program Size: Code=49020 RO-data=14304 RW-data=404 ZI-data=298780  
FromELF: creating hex file...
"stm32h750ibk6\stm32h750ibk6.axf" - 0 Error(s), 9 Warning(s).

<h2>Software Packages used:</h2>

Package Vendor: Keil
                https://www.keil.com/pack/Keil.STM32H7xx_DFP.3.1.1.pack
                Keil.STM32H7xx_DFP.3.1.1
                STMicroelectronics STM32H7 Series Device Support and Examples

<h2>Collection of Component include folders:</h2>
  C:\Users\SZM\AppData\Local\Arm\Packs\Keil\STM32H7xx_DFP\3.1.1\Drivers\CMSIS\Device\ST\STM32H7xx\Include

<h2>Collection of Component Files used:</h2>
Build Time Elapsed:  00:00:01
</pre>
</body>
</html>
