Component: ARM Compiler 6.14 Tool: armlink [5db06800]

==============================================================================

Memory Map of the image

  Image Entry point : 0x90000299

  Load Region LR_qspiflash (Base: 0x90000000, Size: 0x0000fe60, Max: 0x01000000, ABSOLUTE, COMPRESSED[0x0000fdc0])

    Execution Region ITCMRAM (Exec base: 0x00000000, Load base: 0x9000fdc0, Size: 0x00000000, Max: 0x00010000, ABSOLUTE)

    **** No section assigned to this execution region ****


    Execution Region DTCMRAM_WITHOUT_400 (Exec base: 0x20000400, Load base: 0x9000fcb0, Size: 0x00007668, Max: 0x0001fc00, ABSOLUTE, COMPRESSED[0x00000110])

    Exec Addr    Load Addr    Size         Type   Attr      Idx    E Section Name        Object

    0x20000400   COMPRESSED   0x00000008   Data   RW          954    .data..L_MergedGlobals  stm32h7xx_hal.o
    0x20000408   COMPRESSED   0x00000008   Data   RW         1829    .data..L_MergedGlobals  system_stm32h7xx.o
    0x20000410   COMPRESSED   0x00000048   Data   RW         1926    .data..L_MergedGlobals  keyboard.o
    0x20000458   COMPRESSED   0x00000008   Data   RW         1989    .data.LineCoding    usbd_cdc_interface.o
    0x20000460   COMPRESSED   0x00000038   Data   RW         1966    .data.USBD_CDC      usbd_cdc.o
    0x20000498   COMPRESSED   0x00000043   Data   RW         1968    .data.USBD_CDC_CfgDesc  usbd_cdc.o
    0x200004db   COMPRESSED   0x00000001   PAD
    0x200004dc   COMPRESSED   0x0000000a   Data   RW         1967    .data.USBD_CDC_DeviceQualifierDesc  usbd_cdc.o
    0x200004e6   COMPRESSED   0x00000002   PAD
    0x200004e8   COMPRESSED   0x00000014   Data   RW         1993    .data.USBD_CDC_fops  usbd_cdc_interface.o
    0x200004fc   COMPRESSED   0x00000012   Data   RW         2166    .data.USBD_DeviceDesc  usbd_desc.o
    0x2000050e   COMPRESSED   0x00000002   PAD
    0x20000510   COMPRESSED   0x00000004   Data   RW         2167    .data.USBD_LangIDDesc  usbd_desc.o
    0x20000514   COMPRESSED   0x0000001a   Data   RW         2168    .data.USBD_StringSerial  usbd_desc.o
    0x2000052e   COMPRESSED   0x00000002   PAD
    0x20000530   COMPRESSED   0x0000001c   Data   RW         2165    .data.VCP_Desc      usbd_desc.o
    0x2000054c   COMPRESSED   0x00000020   Data   RW           27    .data.ctx           main.o
    0x2000056c   COMPRESSED   0x00000044   Data   RW         2283    .data.desktop_activity  desktop.o
    0x200005b0        -       0x00000060   Zero   RW         2490    .bss                c_w.l(libspace.o)
    0x20000610        -       0x00000064   Zero   RW           37    .bss..L_MergedGlobals  main.o
    0x20000674        -       0x0000000c   Zero   RW         1890    .bss..L_MergedGlobals  lcd.o
    0x20000680        -       0x00000011   Zero   RW         2254    .bss..L_MergedGlobals  segger_rtt.o
    0x20000691   COMPRESSED   0x00000001   PAD
    0x20000692        -       0x00000006   Zero   RW         2286    .bss..L_MergedGlobals  desktop.o
    0x20000698        -       0x00000030   Zero   RW         1927    .bss..L_MergedGlobals.1  keyboard.o
    0x200006c8        -       0x00000001   Zero   RW          101    .bss.FMC_Initialized  stm32h7xx_hal_msp.o
    0x200006c9        -       0x00000001   Zero   RW           74    .bss.HAL_ADC_ConvCpltCallback.index  stm32h7xx_it.o
    0x200006ca   COMPRESSED   0x00000002   PAD
    0x200006cc        -       0x000002dc   Zero   RW           28    .bss.USBD_Device    main.o
    0x200009a8        -       0x00000001   Zero   RW         2142    .bss.USBD_SetConfig.cfgidx  usbd_ctlreq.o
    0x200009a9   COMPRESSED   0x00000003   PAD
    0x200009ac        -       0x00000040   Zero   RW         2169    .bss.USBD_StrDesc   usbd_desc.o
    0x200009ec        -       0x00000220   Zero   RW         2065    .bss.USBD_static_malloc.mem  usbd_conf.o
    0x20000c0c        -       0x00000800   Zero   RW         1994    .bss.UserRxBuffer   usbd_cdc_interface.o
    0x2000140c        -       0x00000800   Zero   RW         1995    .bss.UserTxBuffer   usbd_cdc_interface.o
    0x20001c0c        -       0x000000a8   Zero   RW         2250    .bss._SEGGER_RTT    segger_rtt.o
    0x20001cb4        -       0x00000400   Zero   RW         2253    .bss._acUpBuffer    segger_rtt.o
    0x200020b4        -       0x00000474   Zero   RW           33    .bss.ascii_1206_    main.o
    0x20002528        -       0x000005f0   Zero   RW           32    .bss.ascii_1608_    main.o
    0x20002b18        -       0x000011d0   Zero   RW           31    .bss.ascii_2412_    main.o
    0x20003ce8        -       0x000017c0   Zero   RW           30    .bss.ascii_3216_    main.o
    0x200054a8        -       0x00000064   Zero   RW           29    .bss.hadc3          main.o
    0x2000550c        -       0x000004e4   Zero   RW         2064    .bss.hpcd           usbd_conf.o
    0x200059f0        -       0x00000064   Zero   RW         1925    .bss.keyboard_event_buffer  keyboard.o
    0x20005a54        -       0x00000004   Zero   RW           75    .bss.time_stamp_1   stm32h7xx_it.o
    0x20005a58        -       0x00000004   Zero   RW           77    .bss.time_stamp_2   stm32h7xx_it.o
    0x20005a5c        -       0x00000004   Zero   RW           76    .bss.time_stamp_3   stm32h7xx_it.o
    0x20005a60        -       0x00000004   Zero   RW           78    .bss.time_stamp_4   stm32h7xx_it.o
    0x20005a64        -       0x00000004   Zero   RW          953    .bss.uwTick         stm32h7xx_hal.o
    0x20005a68        -       0x00001000   Zero   RW            2    HEAP                startup_stm32h750xx.o
    0x20006a68        -       0x00001000   Zero   RW            1    STACK               startup_stm32h750xx.o


    Execution Region RAM_D1 (Exec base: 0x24000000, Load base: 0x9000fdc0, Size: 0x00000000, Max: 0x00080000, ABSOLUTE)

    **** No section assigned to this execution region ****


    Execution Region RAM_D2 (Exec base: 0x30000000, Load base: 0x9000fdc0, Size: 0x00000000, Max: 0x00048000, ABSOLUTE)

    **** No section assigned to this execution region ****


    Execution Region RAM_D3 (Exec base: 0x38000000, Load base: 0x9000fdc0, Size: 0x00000000, Max: 0x00010000, ABSOLUTE)

    **** No section assigned to this execution region ****


    Execution Region ER_qspiflash (Exec base: 0x90000000, Load base: 0x90000000, Size: 0x0000fcb0, Max: 0x01000000, ABSOLUTE)

    Exec Addr    Load Addr    Size         Type   Attr      Idx    E Section Name        Object

    0x90000000   0x90000000   0x00000298   Data   RO            3    RESET               startup_stm32h750xx.o
    0x90000298   0x90000298   0x00000008   Code   RO         2412  * !!!main             c_w.l(__main.o)
    0x900002a0   0x900002a0   0x00000034   Code   RO         2642    !!!scatter          c_w.l(__scatter.o)
    0x900002d4   0x900002d4   0x0000003a   Code   RO         2640    !!dczerorl          c_w.l(__dczerorl.o)
    0x9000030e   0x9000030e   0x00000002   PAD
    0x90000310   0x90000310   0x0000001c   Code   RO         2644    !!handler_zi        c_w.l(__scatter_zi.o)
    0x9000032c   0x9000032c   0x00000000   Code   RO         2401    .ARM.Collect$$_printf_percent$$00000000  c_w.l(_printf_percent.o)
    0x9000032c   0x9000032c   0x00000006   Code   RO         2400    .ARM.Collect$$_printf_percent$$00000003  c_w.l(_printf_f.o)
    0x90000332   0x90000332   0x00000006   Code   RO         2399    .ARM.Collect$$_printf_percent$$0000000A  c_w.l(_printf_u.o)
    0x90000338   0x90000338   0x00000004   Code   RO         2427    .ARM.Collect$$_printf_percent$$00000017  c_w.l(_printf_percent_end.o)
    0x9000033c   0x9000033c   0x00000002   Code   RO         2505    .ARM.Collect$$libinit$$00000000  c_w.l(libinit.o)
    0x9000033e   0x9000033e   0x00000004   Code   RO         2506    .ARM.Collect$$libinit$$00000001  c_w.l(libinit2.o)
    0x90000342   0x90000342   0x00000000   Code   RO         2509    .ARM.Collect$$libinit$$00000004  c_w.l(libinit2.o)
    0x90000342   0x90000342   0x00000000   Code   RO         2512    .ARM.Collect$$libinit$$0000000A  c_w.l(libinit2.o)
    0x90000342   0x90000342   0x00000000   Code   RO         2514    .ARM.Collect$$libinit$$0000000C  c_w.l(libinit2.o)
    0x90000342   0x90000342   0x00000000   Code   RO         2516    .ARM.Collect$$libinit$$0000000E  c_w.l(libinit2.o)
    0x90000342   0x90000342   0x00000006   Code   RO         2517    .ARM.Collect$$libinit$$0000000F  c_w.l(libinit2.o)
    0x90000348   0x90000348   0x00000000   Code   RO         2519    .ARM.Collect$$libinit$$00000011  c_w.l(libinit2.o)
    0x90000348   0x90000348   0x00000000   Code   RO         2521    .ARM.Collect$$libinit$$00000013  c_w.l(libinit2.o)
    0x90000348   0x90000348   0x00000000   Code   RO         2523    .ARM.Collect$$libinit$$00000015  c_w.l(libinit2.o)
    0x90000348   0x90000348   0x0000000a   Code   RO         2524    .ARM.Collect$$libinit$$00000016  c_w.l(libinit2.o)
    0x90000352   0x90000352   0x00000000   Code   RO         2525    .ARM.Collect$$libinit$$00000017  c_w.l(libinit2.o)
    0x90000352   0x90000352   0x00000000   Code   RO         2527    .ARM.Collect$$libinit$$00000019  c_w.l(libinit2.o)
    0x90000352   0x90000352   0x00000000   Code   RO         2529    .ARM.Collect$$libinit$$0000001B  c_w.l(libinit2.o)
    0x90000352   0x90000352   0x00000000   Code   RO         2531    .ARM.Collect$$libinit$$0000001D  c_w.l(libinit2.o)
    0x90000352   0x90000352   0x00000000   Code   RO         2533    .ARM.Collect$$libinit$$0000001F  c_w.l(libinit2.o)
    0x90000352   0x90000352   0x00000000   Code   RO         2535    .ARM.Collect$$libinit$$00000021  c_w.l(libinit2.o)
    0x90000352   0x90000352   0x00000000   Code   RO         2537    .ARM.Collect$$libinit$$00000023  c_w.l(libinit2.o)
    0x90000352   0x90000352   0x00000000   Code   RO         2539    .ARM.Collect$$libinit$$00000025  c_w.l(libinit2.o)
    0x90000352   0x90000352   0x00000000   Code   RO         2543    .ARM.Collect$$libinit$$0000002C  c_w.l(libinit2.o)
    0x90000352   0x90000352   0x00000000   Code   RO         2545    .ARM.Collect$$libinit$$0000002E  c_w.l(libinit2.o)
    0x90000352   0x90000352   0x00000000   Code   RO         2547    .ARM.Collect$$libinit$$00000030  c_w.l(libinit2.o)
    0x90000352   0x90000352   0x00000000   Code   RO         2549    .ARM.Collect$$libinit$$00000032  c_w.l(libinit2.o)
    0x90000352   0x90000352   0x00000002   Code   RO         2550    .ARM.Collect$$libinit$$00000033  c_w.l(libinit2.o)
    0x90000354   0x90000354   0x00000002   Code   RO         2586    .ARM.Collect$$libshutdown$$00000000  c_w.l(libshutdown.o)
    0x90000356   0x90000356   0x00000000   Code   RO         2597    .ARM.Collect$$libshutdown$$00000002  c_w.l(libshutdown2.o)
    0x90000356   0x90000356   0x00000000   Code   RO         2599    .ARM.Collect$$libshutdown$$00000004  c_w.l(libshutdown2.o)
    0x90000356   0x90000356   0x00000000   Code   RO         2602    .ARM.Collect$$libshutdown$$00000007  c_w.l(libshutdown2.o)
    0x90000356   0x90000356   0x00000000   Code   RO         2605    .ARM.Collect$$libshutdown$$0000000A  c_w.l(libshutdown2.o)
    0x90000356   0x90000356   0x00000000   Code   RO         2607    .ARM.Collect$$libshutdown$$0000000C  c_w.l(libshutdown2.o)
    0x90000356   0x90000356   0x00000000   Code   RO         2610    .ARM.Collect$$libshutdown$$0000000F  c_w.l(libshutdown2.o)
    0x90000356   0x90000356   0x00000002   Code   RO         2611    .ARM.Collect$$libshutdown$$00000010  c_w.l(libshutdown2.o)
    0x90000358   0x90000358   0x00000000   Code   RO         2416    .ARM.Collect$$rtentry$$00000000  c_w.l(__rtentry.o)
    0x90000358   0x90000358   0x00000000   Code   RO         2429    .ARM.Collect$$rtentry$$00000002  c_w.l(__rtentry2.o)
    0x90000358   0x90000358   0x00000006   Code   RO         2441    .ARM.Collect$$rtentry$$00000004  c_w.l(__rtentry4.o)
    0x9000035e   0x9000035e   0x00000000   Code   RO         2431    .ARM.Collect$$rtentry$$00000009  c_w.l(__rtentry2.o)
    0x9000035e   0x9000035e   0x00000004   Code   RO         2432    .ARM.Collect$$rtentry$$0000000A  c_w.l(__rtentry2.o)
    0x90000362   0x90000362   0x00000000   Code   RO         2434    .ARM.Collect$$rtentry$$0000000C  c_w.l(__rtentry2.o)
    0x90000362   0x90000362   0x00000008   Code   RO         2435    .ARM.Collect$$rtentry$$0000000D  c_w.l(__rtentry2.o)
    0x9000036a   0x9000036a   0x00000002   Code   RO         2551    .ARM.Collect$$rtexit$$00000000  c_w.l(rtexit.o)
    0x9000036c   0x9000036c   0x00000000   Code   RO         2560    .ARM.Collect$$rtexit$$00000002  c_w.l(rtexit2.o)
    0x9000036c   0x9000036c   0x00000004   Code   RO         2561    .ARM.Collect$$rtexit$$00000003  c_w.l(rtexit2.o)
    0x90000370   0x90000370   0x00000006   Code   RO         2562    .ARM.Collect$$rtexit$$00000004  c_w.l(rtexit2.o)
    0x90000376   0x90000376   0x00000002   PAD
    0x90000378   0x90000378   0x00000040   Code   RO            4    .text               startup_stm32h750xx.o
    0x900003b8   0x900003b8   0x00000028   Code   RO         2373    .text               c_w.l(noretval__2sprintf.o)
    0x900003e0   0x900003e0   0x00000078   Code   RO         2377    .text               c_w.l(_printf_dec.o)
    0x90000458   0x90000458   0x00000160   Code   RO         2394    .text               c_w.l(__printf_ss_wp.o)
    0x900005b8   0x900005b8   0x0000008a   Code   RO         2404    .text               c_w.l(rt_memcpy_v6.o)
    0x90000642   0x90000642   0x00000064   Code   RO         2406    .text               c_w.l(rt_memcpy_w.o)
    0x900006a6   0x900006a6   0x0000004e   Code   RO         2408    .text               c_w.l(rt_memclr_w.o)
    0x900006f4   0x900006f4   0x00000006   Code   RO         2410    .text               c_w.l(heapauxi.o)
    0x900006fa   0x900006fa   0x000000b2   Code   RO         2417    .text               c_w.l(_printf_intcommon.o)
    0x900007ac   0x900007ac   0x0000041c   Code   RO         2419    .text               c_w.l(_printf_fp_dec.o)
    0x90000bc8   0x90000bc8   0x00000030   Code   RO         2423    .text               c_w.l(_printf_char_common.o)
    0x90000bf8   0x90000bf8   0x0000000a   Code   RO         2425    .text               c_w.l(_sputc.o)
    0x90000c02   0x90000c02   0x00000002   PAD
    0x90000c04   0x90000c04   0x00000008   Code   RO         2446    .text               c_w.l(rt_locale_intlibspace.o)
    0x90000c0c   0x90000c0c   0x0000008a   Code   RO         2448    .text               c_w.l(lludiv10.o)
    0x90000c96   0x90000c96   0x00000002   PAD
    0x90000c98   0x90000c98   0x00000080   Code   RO         2450    .text               c_w.l(_printf_fp_infnan.o)
    0x90000d18   0x90000d18   0x000000e4   Code   RO         2454    .text               c_w.l(bigflt0.o)
    0x90000dfc   0x90000dfc   0x00000008   Code   RO         2489    .text               c_w.l(libspace.o)
    0x90000e04   0x90000e04   0x0000004a   Code   RO         2492    .text               c_w.l(sys_stackheap_outer.o)
    0x90000e4e   0x90000e4e   0x00000012   Code   RO         2496    .text               c_w.l(exit.o)
    0x90000e60   0x90000e60   0x0000007c   Code   RO         2498    .text               c_w.l(strcmpv7m_pel.o)
    0x90000edc   0x90000edc   0x0000000c   Code   RO         2572    .text               c_w.l(sys_exit.o)
    0x90000ee8   0x90000ee8   0x00000002   Code   RO         2587    .text               c_w.l(use_no_semi.o)
    0x90000eea   0x90000eea   0x00000000   Code   RO         2589    .text               c_w.l(indicate_semi.o)
    0x90000eea   0x90000eea   0x00000006   PAD
    0x90000ef0   0x90000ef0   0x0000000c   Code   RO           70    .text.ADC3_IRQHandler  stm32h7xx_it.o
    0x90000efc   0x90000efc   0x00000004   PAD
    0x90000f00   0x90000f00   0x00000122   Code   RO          143    .text.ADC_ConfigureBoostMode  stm32h7xx_hal_adc.o
    0x90001022   0x90001022   0x00000006   PAD
    0x90001028   0x90001028   0x000000ec   Code   RO          147    .text.ADC_ConversionStop  stm32h7xx_hal_adc.o
    0x90001114   0x90001114   0x00000004   PAD
    0x90001118   0x90001118   0x0000007c   Code   RO          149    .text.ADC_Disable   stm32h7xx_hal_adc.o
    0x90001194   0x90001194   0x00000004   PAD
    0x90001198   0x90001198   0x000000b8   Code   RO          155    .text.ADC_Enable    stm32h7xx_hal_adc.o
    0x90001250   0x90001250   0x00000002   Code   RO           52    .text.BusFault_Handler  stm32h7xx_it.o
    0x90001252   0x90001252   0x00000006   PAD
    0x90001258   0x90001258   0x0000004e   Code   RO         1981    .text.CDC_Itf_Control  usbd_cdc_interface.o
    0x900012a6   0x900012a6   0x00000002   PAD
    0x900012a8   0x900012a8   0x00000004   Code   RO         1979    .text.CDC_Itf_DeInit  usbd_cdc_interface.o
    0x900012ac   0x900012ac   0x00000004   PAD
    0x900012b0   0x900012b0   0x0000002c   Code   RO         1977    .text.CDC_Itf_Init  usbd_cdc_interface.o
    0x900012dc   0x900012dc   0x00000004   PAD
    0x900012e0   0x900012e0   0x00000056   Code   RO         1983    .text.CDC_Itf_Receive  usbd_cdc_interface.o
    0x90001336   0x90001336   0x00000002   PAD
    0x90001338   0x90001338   0x00000004   Code   RO         1985    .text.CDC_TransmitCplt  usbd_cdc_interface.o
    0x9000133c   0x9000133c   0x00000004   PAD
    0x90001340   0x90001340   0x00000046   Code   RO           64    .text.DMA1_Stream0_IRQHandler  stm32h7xx_it.o
    0x90001386   0x90001386   0x00000002   PAD
    0x90001388   0x90001388   0x00000002   Code   RO           58    .text.DebugMon_Handler  stm32h7xx_it.o
    0x9000138a   0x9000138a   0x00000006   PAD
    0x90001390   0x90001390   0x0000008e   Code   RO         1198    .text.FMC_SDRAM_Init  stm32h7xx_ll_fmc.o
    0x9000141e   0x9000141e   0x00000002   PAD
    0x90001420   0x90001420   0x00000016   Code   RO         1210    .text.FMC_SDRAM_ProgramRefreshRate  stm32h7xx_ll_fmc.o
    0x90001436   0x90001436   0x00000002   PAD
    0x90001438   0x90001438   0x0000002e   Code   RO         1208    .text.FMC_SDRAM_SendCommand  stm32h7xx_ll_fmc.o
    0x90001466   0x90001466   0x00000002   PAD
    0x90001468   0x90001468   0x000000d2   Code   RO         1200    .text.FMC_SDRAM_Timing_Init  stm32h7xx_ll_fmc.o
    0x9000153a   0x9000153a   0x00000006   PAD
    0x90001540   0x90001540   0x00000002   Code   RO          243    .text.HAL_ADCEx_EndOfSamplingCallback  stm32h7xx_hal_adc_ex.o
    0x90001542   0x90001542   0x00000006   PAD
    0x90001548   0x90001548   0x00000002   Code   RO          235    .text.HAL_ADCEx_InjectedConvCpltCallback  stm32h7xx_hal_adc_ex.o
    0x9000154a   0x9000154a   0x00000006   PAD
    0x90001550   0x90001550   0x00000002   Code   RO          237    .text.HAL_ADCEx_InjectedQueueOverflowCallback  stm32h7xx_hal_adc_ex.o
    0x90001552   0x90001552   0x00000006   PAD
    0x90001558   0x90001558   0x00000002   Code   RO          239    .text.HAL_ADCEx_LevelOutOfWindow2Callback  stm32h7xx_hal_adc_ex.o
    0x9000155a   0x9000155a   0x00000006   PAD
    0x90001560   0x90001560   0x00000002   Code   RO          241    .text.HAL_ADCEx_LevelOutOfWindow3Callback  stm32h7xx_hal_adc_ex.o
    0x90001562   0x90001562   0x00000006   PAD
    0x90001568   0x90001568   0x000003e2   Code   RO          189    .text.HAL_ADC_ConfigChannel  stm32h7xx_hal_adc.o
    0x9000194a   0x9000194a   0x00000006   PAD
    0x90001950   0x90001950   0x00000036   Code   RO           72    .text.HAL_ADC_ConvCpltCallback  stm32h7xx_it.o
    0x90001986   0x90001986   0x00000002   PAD
    0x90001988   0x90001988   0x00000002   Code   RO          185    .text.HAL_ADC_ErrorCallback  stm32h7xx_hal_adc.o
    0x9000198a   0x9000198a   0x00000006   PAD
    0x90001990   0x90001990   0x00000006   Code   RO          177    .text.HAL_ADC_GetValue  stm32h7xx_hal_adc.o
    0x90001996   0x90001996   0x00000002   PAD
    0x90001998   0x90001998   0x00000250   Code   RO          179    .text.HAL_ADC_IRQHandler  stm32h7xx_hal_adc.o
    0x90001be8   0x90001be8   0x00000272   Code   RO          139    .text.HAL_ADC_Init  stm32h7xx_hal_adc.o
    0x90001e5a   0x90001e5a   0x00000006   PAD
    0x90001e60   0x90001e60   0x00000002   Code   RO          183    .text.HAL_ADC_LevelOutOfWindowCallback  stm32h7xx_hal_adc.o
    0x90001e62   0x90001e62   0x00000006   PAD
    0x90001e68   0x90001e68   0x00000086   Code   RO           89    .text.HAL_ADC_MspInit  stm32h7xx_hal_msp.o
    0x90001eee   0x90001eee   0x00000002   PAD
    0x90001ef0   0x90001ef0   0x00000162   Code   RO          163    .text.HAL_ADC_Start_IT  stm32h7xx_hal_adc.o
    0x90002052   0x90002052   0x00000006   PAD
    0x90002058   0x90002058   0x00000052   Code   RO          165    .text.HAL_ADC_Stop_IT  stm32h7xx_hal_adc.o
    0x900020aa   0x900020aa   0x00000006   PAD
    0x900020b0   0x900020b0   0x00000028   Code   RO          877    .text.HAL_Delay     stm32h7xx_hal.o
    0x900020d8   0x900020d8   0x000001e2   Code   RO          513    .text.HAL_GPIO_Init  stm32h7xx_hal_gpio.o
    0x900022ba   0x900022ba   0x00000006   PAD
    0x900022c0   0x900022c0   0x0000000e   Code   RO          885    .text.HAL_GetREVID  stm32h7xx_hal.o
    0x900022ce   0x900022ce   0x00000002   PAD
    0x900022d0   0x900022d0   0x0000000c   Code   RO          869    .text.HAL_GetTick   stm32h7xx_hal.o
    0x900022dc   0x900022dc   0x00000004   PAD
    0x900022e0   0x900022e0   0x0000001a   Code   RO          867    .text.HAL_IncTick   stm32h7xx_hal.o
    0x900022fa   0x900022fa   0x00000006   PAD
    0x90002300   0x90002300   0x00000064   Code   RO          857    .text.HAL_Init      stm32h7xx_hal.o
    0x90002364   0x90002364   0x00000004   PAD
    0x90002368   0x90002368   0x0000004c   Code   RO          859    .text.HAL_InitTick  stm32h7xx_hal.o
    0x900023b4   0x900023b4   0x00000004   PAD
    0x900023b8   0x900023b8   0x0000005e   Code   RO          827    .text.HAL_MPU_ConfigRegion  stm32h7xx_hal_cortex.o
    0x90002416   0x90002416   0x00000002   PAD
    0x90002418   0x90002418   0x0000001a   Code   RO          819    .text.HAL_MPU_Disable  stm32h7xx_hal_cortex.o
    0x90002432   0x90002432   0x00000006   PAD
    0x90002438   0x90002438   0x00000020   Code   RO          821    .text.HAL_MPU_Enable  stm32h7xx_hal_cortex.o
    0x90002458   0x90002458   0x00000046   Code   RO           87    .text.HAL_MspInit   stm32h7xx_hal_msp.o
    0x9000249e   0x9000249e   0x00000002   PAD
    0x900024a0   0x900024a0   0x00000020   Code   RO          809    .text.HAL_NVIC_EnableIRQ  stm32h7xx_hal_cortex.o
    0x900024c0   0x900024c0   0x0000005e   Code   RO          807    .text.HAL_NVIC_SetPriority  stm32h7xx_hal_cortex.o
    0x9000251e   0x9000251e   0x00000002   PAD
    0x90002520   0x90002520   0x00000020   Code   RO          805    .text.HAL_NVIC_SetPriorityGrouping  stm32h7xx_hal_cortex.o
    0x90002540   0x90002540   0x00000026   Code   RO         1698    .text.HAL_PCDEx_ActivateLPM  stm32h7xx_hal_pcd_ex.o
    0x90002566   0x90002566   0x00000002   PAD
    0x90002568   0x90002568   0x00000002   Code   RO         1710    .text.HAL_PCDEx_LPM_Callback  stm32h7xx_hal_pcd_ex.o
    0x9000256a   0x9000256a   0x00000006   PAD
    0x90002570   0x90002570   0x00000008   Code   RO         1696    .text.HAL_PCDEx_SetRxFiFo  stm32h7xx_hal_pcd_ex.o
    0x90002578   0x90002578   0x00000092   Code   RO         1694    .text.HAL_PCDEx_SetTxFiFo  stm32h7xx_hal_pcd_ex.o
    0x9000260a   0x9000260a   0x00000006   PAD
    0x90002610   0x90002610   0x00000008   Code   RO         2026    .text.HAL_PCD_ConnectCallback  usbd_conf.o
    0x90002618   0x90002618   0x00000012   Code   RO         2012    .text.HAL_PCD_DataInStageCallback  usbd_conf.o
    0x9000262a   0x9000262a   0x00000006   PAD
    0x90002630   0x90002630   0x00000014   Code   RO         2010    .text.HAL_PCD_DataOutStageCallback  usbd_conf.o
    0x90002644   0x90002644   0x00000004   PAD
    0x90002648   0x90002648   0x00000008   Code   RO         2028    .text.HAL_PCD_DisconnectCallback  usbd_conf.o
    0x90002650   0x90002650   0x00000052   Code   RO         1664    .text.HAL_PCD_EP_Close  stm32h7xx_hal_pcd.o
    0x900026a2   0x900026a2   0x00000006   PAD
    0x900026a8   0x900026a8   0x00000060   Code   RO         1674    .text.HAL_PCD_EP_ClrStall  stm32h7xx_hal_pcd.o
    0x90002708   0x90002708   0x00000012   Code   RO         1668    .text.HAL_PCD_EP_GetRxCount  stm32h7xx_hal_pcd.o
    0x9000271a   0x9000271a   0x00000006   PAD
    0x90002720   0x90002720   0x00000060   Code   RO         1662    .text.HAL_PCD_EP_Open  stm32h7xx_hal_pcd.o
    0x90002780   0x90002780   0x0000003a   Code   RO         1666    .text.HAL_PCD_EP_Receive  stm32h7xx_hal_pcd.o
    0x900027ba   0x900027ba   0x00000006   PAD
    0x900027c0   0x900027c0   0x00000074   Code   RO         1672    .text.HAL_PCD_EP_SetStall  stm32h7xx_hal_pcd.o
    0x90002834   0x90002834   0x00000004   PAD
    0x90002838   0x90002838   0x0000003e   Code   RO         1670    .text.HAL_PCD_EP_Transmit  stm32h7xx_hal_pcd.o
    0x90002876   0x90002876   0x00000002   PAD
    0x90002878   0x90002878   0x000009e8   Code   RO         1630    .text.HAL_PCD_IRQHandler  stm32h7xx_hal_pcd.o
    0x90003260   0x90003260   0x00000008   Code   RO         2024    .text.HAL_PCD_ISOINIncompleteCallback  usbd_conf.o
    0x90003268   0x90003268   0x00000008   Code   RO         2022    .text.HAL_PCD_ISOOUTIncompleteCallback  usbd_conf.o
    0x90003270   0x90003270   0x00000280   Code   RO         1618    .text.HAL_PCD_Init  stm32h7xx_hal_pcd.o
    0x900034f0   0x900034f0   0x00000074   Code   RO         2004    .text.HAL_PCD_MspInit  usbd_conf.o
    0x90003564   0x90003564   0x00000004   PAD
    0x90003568   0x90003568   0x00000022   Code   RO         2016    .text.HAL_PCD_ResetCallback  usbd_conf.o
    0x9000358a   0x9000358a   0x00000006   PAD
    0x90003590   0x90003590   0x00000008   Code   RO         2020    .text.HAL_PCD_ResumeCallback  usbd_conf.o
    0x90003598   0x90003598   0x00000008   Code   RO         2014    .text.HAL_PCD_SOFCallback  usbd_conf.o
    0x900035a0   0x900035a0   0x00000026   Code   RO         1660    .text.HAL_PCD_SetAddress  stm32h7xx_hal_pcd.o
    0x900035c6   0x900035c6   0x00000002   PAD
    0x900035c8   0x900035c8   0x0000000e   Code   RO         2008    .text.HAL_PCD_SetupStageCallback  usbd_conf.o
    0x900035d6   0x900035d6   0x00000002   PAD
    0x900035d8   0x900035d8   0x0000003e   Code   RO         1626    .text.HAL_PCD_Start  stm32h7xx_hal_pcd.o
    0x90003616   0x90003616   0x00000002   PAD
    0x90003618   0x90003618   0x00000008   Code   RO         2018    .text.HAL_PCD_SuspendCallback  usbd_conf.o
    0x90003620   0x90003620   0x00000198   Code   RO          398    .text.HAL_RCCEx_GetPLL1ClockFreq  stm32h7xx_hal_rcc_ex.o
    0x900037b8   0x900037b8   0x00000198   Code   RO          400    .text.HAL_RCCEx_GetPLL2ClockFreq  stm32h7xx_hal_rcc_ex.o
    0x90003950   0x90003950   0x00000198   Code   RO          402    .text.HAL_RCCEx_GetPLL3ClockFreq  stm32h7xx_hal_rcc_ex.o
    0x90003ae8   0x90003ae8   0x000004c0   Code   RO          396    .text.HAL_RCCEx_GetPeriphCLKFreq  stm32h7xx_hal_rcc_ex.o
    0x90003fa8   0x90003fa8   0x0000004c   Code   RO          366    .text.HAL_RCC_GetHCLKFreq  stm32h7xx_hal_rcc.o
    0x90003ff4   0x90003ff4   0x00000004   PAD
    0x90003ff8   0x90003ff8   0x00000060   Code   RO          368    .text.HAL_RCC_GetPCLK1Freq  stm32h7xx_hal_rcc.o
    0x90004058   0x90004058   0x00000180   Code   RO          358    .text.HAL_RCC_GetSysClockFreq  stm32h7xx_hal_rcc.o
    0x900041d8   0x900041d8   0x00000050   Code   RO         1224    .text.HAL_SDRAM_Init  stm32h7xx_hal_sdram.o
    0x90004228   0x90004228   0x0000010a   Code   RO           97    .text.HAL_SDRAM_MspInit  stm32h7xx_hal_msp.o
    0x90004332   0x90004332   0x00000006   PAD
    0x90004338   0x90004338   0x00000030   Code   RO         1268    .text.HAL_SDRAM_ProgramRefreshRate  stm32h7xx_hal_sdram.o
    0x90004368   0x90004368   0x00000044   Code   RO         1266    .text.HAL_SDRAM_SendCommand  stm32h7xx_hal_sdram.o
    0x900043ac   0x900043ac   0x00000004   PAD
    0x900043b0   0x900043b0   0x00000030   Code   RO          901    .text.HAL_SYSCFG_EnableVREFBUF  stm32h7xx_hal.o
    0x900043e0   0x900043e0   0x00000014   Code   RO          897    .text.HAL_SYSCFG_VREFBUF_HighImpedanceConfig  stm32h7xx_hal.o
    0x900043f4   0x900043f4   0x00000004   PAD
    0x900043f8   0x900043f8   0x00000014   Code   RO          895    .text.HAL_SYSCFG_VREFBUF_VoltageScalingConfig  stm32h7xx_hal.o
    0x9000440c   0x9000440c   0x00000004   PAD
    0x90004410   0x90004410   0x0000002c   Code   RO          817    .text.HAL_SYSTICK_Config  stm32h7xx_hal_cortex.o
    0x9000443c   0x9000443c   0x00000004   PAD
    0x90004440   0x90004440   0x00000002   Code   RO           48    .text.HardFault_Handler  stm32h7xx_it.o
    0x90004442   0x90004442   0x00000006   PAD
    0x90004448   0x90004448   0x000001ee   Code   RO         1907    .text.LCD_Address_Set  lcd_init.o
    0x90004636   0x90004636   0x00000002   PAD
    0x90004638   0x90004638   0x000003b8   Code   RO         1885    .text.LCD_DrawChar  lcd.o
    0x900049f0   0x900049f0   0x0000003c   Code   RO         1887    .text.LCD_DrawString  lcd.o
    0x90004a2c   0x90004a2c   0x00000004   PAD
    0x90004a30   0x90004a30   0x0000007e   Code   RO         1875    .text.LCD_FillRect  lcd.o
    0x90004aae   0x90004aae   0x00000002   PAD
    0x90004ab0   0x90004ab0   0x000000f6   Code   RO         1871    .text.LCD_Present_Buffer_DMA_IT  lcd.o
    0x90004ba6   0x90004ba6   0x00000002   PAD
    0x90004ba8   0x90004ba8   0x00000118   Code   RO         1903    .text.LCD_Write16   lcd_init.o
    0x90004cc0   0x90004cc0   0x000000ce   Code   RO          127    .text.LL_GPIO_Init  stm32h7xx_ll_gpio.o
    0x90004d8e   0x90004d8e   0x00000002   PAD
    0x90004d90   0x90004d90   0x00000180   Code   RO          277    .text.LL_RCC_GetPLL1ClockFreq  stm32h7xx_ll_rcc.o
    0x90004f10   0x90004f10   0x00000180   Code   RO          281    .text.LL_RCC_GetPLL2ClockFreq  stm32h7xx_ll_rcc.o
    0x90005090   0x90005090   0x0000018c   Code   RO          283    .text.LL_RCC_GetPLL3ClockFreq  stm32h7xx_ll_rcc.o
    0x9000521c   0x9000521c   0x00000004   PAD
    0x90005220   0x90005220   0x00000224   Code   RO          285    .text.LL_RCC_GetUSARTClockFreq  stm32h7xx_ll_rcc.o
    0x90005444   0x90005444   0x00000004   PAD
    0x90005448   0x90005448   0x0000009c   Code   RO         1578    .text.LL_SPI_Init   stm32h7xx_ll_spi.o
    0x900054e4   0x900054e4   0x00000004   PAD
    0x900054e8   0x900054e8   0x0000000c   Code   RO          334    .text.LL_SetSystemCoreClock  stm32h7xx_ll_utils.o
    0x900054f4   0x900054f4   0x00000004   PAD
    0x900054f8   0x900054f8   0x00000170   Code   RO         1602    .text.LL_USART_Init  stm32h7xx_ll_usart.o
    0x90005668   0x90005668   0x0000004c   Code   RO          332    .text.LL_mDelay     stm32h7xx_ll_utils.o
    0x900056b4   0x900056b4   0x00000004   PAD
    0x900056b8   0x900056b8   0x00001e96   Code   RO         1909    .text.Lcd_Init      lcd_init.o
    0x9000754e   0x9000754e   0x00000002   PAD
    0x90007550   0x90007550   0x00000002   Code   RO           50    .text.MemManage_Handler  stm32h7xx_it.o
    0x90007552   0x90007552   0x00000006   PAD
    0x90007558   0x90007558   0x00000002   Code   RO           46    .text.NMI_Handler   stm32h7xx_it.o
    0x9000755a   0x9000755a   0x00000006   PAD
    0x90007560   0x90007560   0x0000000c   Code   RO           68    .text.OTG_FS_IRQHandler  stm32h7xx_it.o
    0x9000756c   0x9000756c   0x00000004   PAD
    0x90007570   0x90007570   0x00000002   Code   RO           60    .text.PendSV_Handler  stm32h7xx_it.o
    0x90007572   0x90007572   0x00000006   PAD
    0x90007578   0x90007578   0x000000e0   Code   RO           17    .text.PeriphCommonClock_Config  main.o
    0x90007658   0x90007658   0x0000010c   Code   RO         2218    .text.SEGGER_RTT_GetKey  segger_rtt.o
    0x90007764   0x90007764   0x00000004   PAD
    0x90007768   0x90007768   0x0000006c   Code   RO         2244    .text.SEGGER_RTT_Init  segger_rtt.o
    0x900077d4   0x900077d4   0x00000004   PAD
    0x900077d8   0x900077d8   0x000001c2   Code   RO         2246    .text.SEGGER_RTT_SetTerminal  segger_rtt.o
    0x9000799a   0x9000799a   0x00000006   PAD
    0x900079a0   0x900079a0   0x0000009e   Code   RO         2208    .text.SEGGER_RTT_Write  segger_rtt.o
    0x90007a3e   0x90007a3e   0x00000002   PAD
    0x90007a40   0x90007a40   0x00000176   Code   RO         2206    .text.SEGGER_RTT_WriteNoLock  segger_rtt.o
    0x90007bb6   0x90007bb6   0x00000002   PAD
    0x90007bb8   0x90007bb8   0x0000001e   Code   RO         2267    .text.SEGGER_RTT_printf  segger_rtt_printf.o
    0x90007bd6   0x90007bd6   0x00000002   PAD
    0x90007bd8   0x90007bd8   0x000005ec   Code   RO         2263    .text.SEGGER_RTT_vprintf  segger_rtt_printf.o
    0x900081c4   0x900081c4   0x00000004   PAD
    0x900081c8   0x900081c8   0x00000030   Code   RO           66    .text.SPI1_IRQHandler  stm32h7xx_it.o
    0x900081f8   0x900081f8   0x00000002   Code   RO           56    .text.SVC_Handler   stm32h7xx_it.o
    0x900081fa   0x900081fa   0x00000006   PAD
    0x90008200   0x90008200   0x00000020   Code   RO           62    .text.SysTick_Handler  stm32h7xx_it.o
    0x90008220   0x90008220   0x000001de   Code   RO           15    .text.SystemClock_Config  main.o
    0x900083fe   0x900083fe   0x00000002   PAD
    0x90008400   0x90008400   0x000000cc   Code   RO         1824    .text.SystemInit    system_stm32h7xx.o
    0x900084cc   0x900084cc   0x00000004   PAD
    0x900084d0   0x900084d0   0x00000020   Code   RO         1863    .text.TSG_INIT      tools.o
    0x900084f0   0x900084f0   0x00000072   Code   RO         1944    .text.USBD_CDC_DataIn  usbd_cdc.o
    0x90008562   0x90008562   0x00000006   PAD
    0x90008568   0x90008568   0x0000003c   Code   RO         1946    .text.USBD_CDC_DataOut  usbd_cdc.o
    0x900085a4   0x900085a4   0x00000004   PAD
    0x900085a8   0x900085a8   0x0000005a   Code   RO         1938    .text.USBD_CDC_DeInit  usbd_cdc.o
    0x90008602   0x90008602   0x00000006   PAD
    0x90008608   0x90008608   0x0000003a   Code   RO         1942    .text.USBD_CDC_EP0_RxReady  usbd_cdc.o
    0x90008642   0x90008642   0x00000006   PAD
    0x90008648   0x90008648   0x00000010   Code   RO         1954    .text.USBD_CDC_GetDeviceQualifierDescriptor  usbd_cdc.o
    0x90008658   0x90008658   0x00000052   Code   RO         1950    .text.USBD_CDC_GetFSCfgDesc  usbd_cdc.o
    0x900086aa   0x900086aa   0x00000006   PAD
    0x900086b0   0x900086b0   0x00000056   Code   RO         1948    .text.USBD_CDC_GetHSCfgDesc  usbd_cdc.o
    0x90008706   0x90008706   0x00000002   PAD
    0x90008708   0x90008708   0x00000052   Code   RO         1952    .text.USBD_CDC_GetOtherSpeedCfgDesc  usbd_cdc.o
    0x9000875a   0x9000875a   0x00000006   PAD
    0x90008760   0x90008760   0x000000d6   Code   RO         1936    .text.USBD_CDC_Init  usbd_cdc.o
    0x90008836   0x90008836   0x00000002   PAD
    0x90008838   0x90008838   0x00000016   Code   RO         1956    .text.USBD_CDC_RegisterInterface  usbd_cdc.o
    0x9000884e   0x9000884e   0x00000002   PAD
    0x90008850   0x90008850   0x0000001a   Code   RO         1960    .text.USBD_CDC_SetRxBuffer  usbd_cdc.o
    0x9000886a   0x9000886a   0x00000006   PAD
    0x90008870   0x90008870   0x0000001e   Code   RO         1958    .text.USBD_CDC_SetTxBuffer  usbd_cdc.o
    0x9000888e   0x9000888e   0x00000002   PAD
    0x90008890   0x90008890   0x000000f2   Code   RO         1940    .text.USBD_CDC_Setup  usbd_cdc.o
    0x90008982   0x90008982   0x00000006   PAD
    0x90008988   0x90008988   0x00000012   Code   RO         2088    .text.USBD_ClrClassConfig  usbd_core.o
    0x9000899a   0x9000899a   0x00000006   PAD
    0x900089a0   0x900089a0   0x00000004   Code   RO         2096    .text.USBD_CoreFindEP  usbd_core.o
    0x900089a4   0x900089a4   0x00000004   PAD
    0x900089a8   0x900089a8   0x00000004   Code   RO         2094    .text.USBD_CoreFindIF  usbd_core.o
    0x900089ac   0x900089ac   0x00000004   PAD
    0x900089b0   0x900089b0   0x00000010   Code   RO         2184    .text.USBD_CtlContinueRx  usbd_ioreq.o
    0x900089c0   0x900089c0   0x00000010   Code   RO         2180    .text.USBD_CtlContinueSendData  usbd_ioreq.o
    0x900089d0   0x900089d0   0x00000016   Code   RO         2132    .text.USBD_CtlError  usbd_ctlreq.o
    0x900089e6   0x900089e6   0x00000002   PAD
    0x900089e8   0x900089e8   0x0000001e   Code   RO         2182    .text.USBD_CtlPrepareRx  usbd_ioreq.o
    0x90008a06   0x90008a06   0x00000002   PAD
    0x90008a08   0x90008a08   0x00000016   Code   RO         2188    .text.USBD_CtlReceiveStatus  usbd_ioreq.o
    0x90008a1e   0x90008a1e   0x00000002   PAD
    0x90008a20   0x90008a20   0x0000001a   Code   RO         2178    .text.USBD_CtlSendData  usbd_ioreq.o
    0x90008a3a   0x90008a3a   0x00000006   PAD
    0x90008a40   0x90008a40   0x00000016   Code   RO         2186    .text.USBD_CtlSendStatus  usbd_ioreq.o
    0x90008a56   0x90008a56   0x00000002   PAD
    0x90008a58   0x90008a58   0x00000044   Code   RO         2118    .text.USBD_GetEpDesc  usbd_core.o
    0x90008a9c   0x90008a9c   0x00000004   PAD
    0x90008aa0   0x90008aa0   0x0000010c   Code   RO         2140    .text.USBD_GetString  usbd_ctlreq.o
    0x90008bac   0x90008bac   0x00000004   PAD
    0x90008bb0   0x90008bb0   0x00000028   Code   RO         2074    .text.USBD_Init     usbd_core.o
    0x90008bd8   0x90008bd8   0x0000000e   Code   RO         2046    .text.USBD_LL_ClearStallEP  usbd_conf.o
    0x90008be6   0x90008be6   0x00000002   PAD
    0x90008be8   0x90008be8   0x0000000e   Code   RO         2040    .text.USBD_LL_CloseEP  usbd_conf.o
    0x90008bf6   0x90008bf6   0x00000002   PAD
    0x90008bf8   0x90008bf8   0x000000b6   Code   RO         2098    .text.USBD_LL_DataInStage  usbd_core.o
    0x90008cae   0x90008cae   0x00000002   PAD
    0x90008cb0   0x90008cb0   0x00000076   Code   RO         2092    .text.USBD_LL_DataOutStage  usbd_core.o
    0x90008d26   0x90008d26   0x00000002   PAD
    0x90008d28   0x90008d28   0x00000004   Code   RO         2114    .text.USBD_LL_DevConnected  usbd_core.o
    0x90008d2c   0x90008d2c   0x00000004   PAD
    0x90008d30   0x90008d30   0x00000020   Code   RO         2116    .text.USBD_LL_DevDisconnected  usbd_core.o
    0x90008d50   0x90008d50   0x00000008   Code   RO         2056    .text.USBD_LL_GetRxDataSize  usbd_conf.o
    0x90008d58   0x90008d58   0x00000050   Code   RO         2030    .text.USBD_LL_Init  usbd_conf.o
    0x90008da8   0x90008da8   0x00000020   Code   RO         2048    .text.USBD_LL_IsStallEP  usbd_conf.o
    0x90008dc8   0x90008dc8   0x00000026   Code   RO         2110    .text.USBD_LL_IsoINIncomplete  usbd_core.o
    0x90008dee   0x90008dee   0x00000002   PAD
    0x90008df0   0x90008df0   0x00000026   Code   RO         2112    .text.USBD_LL_IsoOUTIncomplete  usbd_core.o
    0x90008e16   0x90008e16   0x00000002   PAD
    0x90008e18   0x90008e18   0x00000014   Code   RO         2038    .text.USBD_LL_OpenEP  usbd_conf.o
    0x90008e2c   0x90008e2c   0x00000004   PAD
    0x90008e30   0x90008e30   0x0000000e   Code   RO         2054    .text.USBD_LL_PrepareReceive  usbd_conf.o
    0x90008e3e   0x90008e3e   0x00000002   PAD
    0x90008e40   0x90008e40   0x00000064   Code   RO         2100    .text.USBD_LL_Reset  usbd_core.o
    0x90008ea4   0x90008ea4   0x00000004   PAD
    0x90008ea8   0x90008ea8   0x00000014   Code   RO         2106    .text.USBD_LL_Resume  usbd_core.o
    0x90008ebc   0x90008ebc   0x00000004   PAD
    0x90008ec0   0x90008ec0   0x0000001a   Code   RO         2108    .text.USBD_LL_SOF   usbd_core.o
    0x90008eda   0x90008eda   0x00000006   PAD
    0x90008ee0   0x90008ee0   0x00000008   Code   RO         2102    .text.USBD_LL_SetSpeed  usbd_core.o
    0x90008ee8   0x90008ee8   0x0000000e   Code   RO         2050    .text.USBD_LL_SetUSBAddress  usbd_conf.o
    0x90008ef6   0x90008ef6   0x00000002   PAD
    0x90008ef8   0x90008ef8   0x00000060   Code   RO         2090    .text.USBD_LL_SetupStage  usbd_core.o
    0x90008f58   0x90008f58   0x0000000e   Code   RO         2044    .text.USBD_LL_StallEP  usbd_conf.o
    0x90008f66   0x90008f66   0x00000002   PAD
    0x90008f68   0x90008f68   0x0000000e   Code   RO         2034    .text.USBD_LL_Start  usbd_conf.o
    0x90008f76   0x90008f76   0x00000002   PAD
    0x90008f78   0x90008f78   0x0000001c   Code   RO         2104    .text.USBD_LL_Suspend  usbd_core.o
    0x90008f94   0x90008f94   0x00000004   PAD
    0x90008f98   0x90008f98   0x0000001e   Code   RO         2052    .text.USBD_LL_Transmit  usbd_conf.o
    0x90008fb6   0x90008fb6   0x00000002   PAD
    0x90008fb8   0x90008fb8   0x00000016   Code   RO         2138    .text.USBD_ParseSetupRequest  usbd_ctlreq.o
    0x90008fce   0x90008fce   0x00000002   PAD
    0x90008fd0   0x90008fd0   0x00000044   Code   RO         2078    .text.USBD_RegisterClass  usbd_core.o
    0x90009014   0x90009014   0x00000004   PAD
    0x90009018   0x90009018   0x0000000e   Code   RO         2086    .text.USBD_SetClassConfig  usbd_core.o
    0x90009026   0x90009026   0x00000002   PAD
    0x90009028   0x90009028   0x00000004   Code   RO         2080    .text.USBD_Start    usbd_core.o
    0x9000902c   0x9000902c   0x00000004   PAD
    0x90009030   0x90009030   0x00000366   Code   RO         2130    .text.USBD_StdDevReq  usbd_ctlreq.o
    0x90009396   0x90009396   0x00000002   PAD
    0x90009398   0x90009398   0x00000194   Code   RO         2136    .text.USBD_StdEPReq  usbd_ctlreq.o
    0x9000952c   0x9000952c   0x00000004   PAD
    0x90009530   0x90009530   0x00000094   Code   RO         2134    .text.USBD_StdItfReq  usbd_ctlreq.o
    0x900095c4   0x900095c4   0x00000004   PAD
    0x900095c8   0x900095c8   0x00000024   Code   RO         2161    .text.USBD_VCP_ConfigStrDescriptor  usbd_desc.o
    0x900095ec   0x900095ec   0x00000004   PAD
    0x900095f0   0x900095f0   0x0000000e   Code   RO         2151    .text.USBD_VCP_DeviceDescriptor  usbd_desc.o
    0x900095fe   0x900095fe   0x00000002   PAD
    0x90009600   0x90009600   0x00000028   Code   RO         2163    .text.USBD_VCP_InterfaceStrDescriptor  usbd_desc.o
    0x90009628   0x90009628   0x0000000e   Code   RO         2153    .text.USBD_VCP_LangIDStrDescriptor  usbd_desc.o
    0x90009636   0x90009636   0x00000002   PAD
    0x90009638   0x90009638   0x0000002c   Code   RO         2155    .text.USBD_VCP_ManufacturerStrDescriptor  usbd_desc.o
    0x90009664   0x90009664   0x00000004   PAD
    0x90009668   0x90009668   0x0000006c   Code   RO         2157    .text.USBD_VCP_ProductStrDescriptor  usbd_desc.o
    0x900096d4   0x900096d4   0x00000004   PAD
    0x900096d8   0x900096d8   0x00000030   Code   RO         2159    .text.USBD_VCP_SerialStrDescriptor  usbd_desc.o
    0x90009708   0x90009708   0x00000002   Code   RO         2060    .text.USBD_static_free  usbd_conf.o
    0x9000970a   0x9000970a   0x00000006   PAD
    0x90009710   0x90009710   0x0000000a   Code   RO         2058    .text.USBD_static_malloc  usbd_conf.o
    0x9000971a   0x9000971a   0x00000006   PAD
    0x90009720   0x90009720   0x00000092   Code   RO         1742    .text.USB_ActivateEndpoint  stm32h7xx_ll_usb.o
    0x900097b2   0x900097b2   0x00000006   PAD
    0x900097b8   0x900097b8   0x00000020   Code   RO         1784    .text.USB_ActivateSetup  stm32h7xx_ll_usb.o
    0x900097d8   0x900097d8   0x0000022c   Code   RO         1720    .text.USB_CoreInit  stm32h7xx_ll_usb.o
    0x90009a04   0x90009a04   0x00000004   PAD
    0x90009a08   0x90009a08   0x0000008e   Code   RO         1746    .text.USB_DeactivateEndpoint  stm32h7xx_ll_usb.o
    0x90009a96   0x90009a96   0x00000002   PAD
    0x90009a98   0x90009a98   0x0000001e   Code   RO         1766    .text.USB_DevConnect  stm32h7xx_ll_usb.o
    0x90009ab6   0x90009ab6   0x00000002   PAD
    0x90009ab8   0x90009ab8   0x0000001e   Code   RO         1768    .text.USB_DevDisconnect  stm32h7xx_ll_usb.o
    0x90009ad6   0x90009ad6   0x00000002   PAD
    0x90009ad8   0x90009ad8   0x00000466   Code   RO         1732    .text.USB_DevInit   stm32h7xx_ll_usb.o
    0x90009f3e   0x90009f3e   0x00000002   PAD
    0x90009f40   0x90009f40   0x0000000e   Code   RO         1726    .text.USB_DisableGlobalInt  stm32h7xx_ll_usb.o
    0x90009f4e   0x90009f4e   0x00000002   PAD
    0x90009f50   0x90009f50   0x0000005a   Code   RO         1786    .text.USB_EP0_OutStart  stm32h7xx_ll_usb.o
    0x90009faa   0x90009faa   0x00000006   PAD
    0x90009fb0   0x90009fb0   0x00000050   Code   RO         1760    .text.USB_EPClearStall  stm32h7xx_ll_usb.o
    0x9000a000   0x9000a000   0x0000004a   Code   RO         1758    .text.USB_EPSetStall  stm32h7xx_ll_usb.o
    0x9000a04a   0x9000a04a   0x00000006   PAD
    0x9000a050   0x9000a050   0x00000240   Code   RO         1750    .text.USB_EPStartXfer  stm32h7xx_ll_usb.o
    0x9000a290   0x9000a290   0x0000010a   Code   RO         1754    .text.USB_EPStopXfer  stm32h7xx_ll_usb.o
    0x9000a39a   0x9000a39a   0x00000006   PAD
    0x9000a3a0   0x9000a3a0   0x0000000e   Code   RO         1724    .text.USB_EnableGlobalInt  stm32h7xx_ll_usb.o
    0x9000a3ae   0x9000a3ae   0x00000002   PAD
    0x9000a3b0   0x9000a3b0   0x000000c0   Code   RO         1736    .text.USB_FlushTxFifo  stm32h7xx_ll_usb.o
    0x9000a470   0x9000a470   0x0000001c   Code   RO         1740    .text.USB_GetDevSpeed  stm32h7xx_ll_usb.o
    0x9000a48c   0x9000a48c   0x00000004   PAD
    0x9000a490   0x9000a490   0x00000008   Code   RO         1730    .text.USB_GetMode   stm32h7xx_ll_usb.o
    0x9000a498   0x9000a498   0x0000000e   Code   RO         1776    .text.USB_ReadDevAllInEpInterrupt  stm32h7xx_ll_usb.o
    0x9000a4a6   0x9000a4a6   0x00000002   PAD
    0x9000a4a8   0x9000a4a8   0x0000000e   Code   RO         1774    .text.USB_ReadDevAllOutEpInterrupt  stm32h7xx_ll_usb.o
    0x9000a4b6   0x9000a4b6   0x00000002   PAD
    0x9000a4b8   0x9000a4b8   0x00000024   Code   RO         1780    .text.USB_ReadDevInEPInterrupt  stm32h7xx_ll_usb.o
    0x9000a4dc   0x9000a4dc   0x00000004   PAD
    0x9000a4e0   0x9000a4e0   0x00000010   Code   RO         1778    .text.USB_ReadDevOutEPInterrupt  stm32h7xx_ll_usb.o
    0x9000a4f0   0x9000a4f0   0x00000008   Code   RO         1770    .text.USB_ReadInterrupts  stm32h7xx_ll_usb.o
    0x9000a4f8   0x9000a4f8   0x000000b6   Code   RO         1756    .text.USB_ReadPacket  stm32h7xx_ll_usb.o
    0x9000a5ae   0x9000a5ae   0x00000002   PAD
    0x9000a5b0   0x9000a5b0   0x00000066   Code   RO         1728    .text.USB_SetCurrentMode  stm32h7xx_ll_usb.o
    0x9000a616   0x9000a616   0x00000002   PAD
    0x9000a618   0x9000a618   0x00000022   Code   RO         1764    .text.USB_SetDevAddress  stm32h7xx_ll_usb.o
    0x9000a63a   0x9000a63a   0x00000006   PAD
    0x9000a640   0x9000a640   0x00000116   Code   RO         1722    .text.USB_SetTurnaroundTime  stm32h7xx_ll_usb.o
    0x9000a756   0x9000a756   0x00000002   PAD
    0x9000a758   0x9000a758   0x00000080   Code   RO         1752    .text.USB_WritePacket  stm32h7xx_ll_usb.o
    0x9000a7d8   0x9000a7d8   0x00000002   Code   RO           54    .text.UsageFault_Handler  stm32h7xx_it.o
    0x9000a7da   0x9000a7da   0x00000006   PAD
    0x9000a7e0   0x9000a7e0   0x000001b0   Code   RO         2265    .text._PrintUnsigned  segger_rtt_printf.o
    0x9000a990   0x9000a990   0x00000332   Code   RO         2279    .text.desktop_display  desktop.o
    0x9000acc2   0x9000acc2   0x00000006   PAD
    0x9000acc8   0x9000acc8   0x0000003c   Code   RO         1919    .text.keyboardPollevent  keyboard.o
    0x9000ad04   0x9000ad04   0x00000004   PAD
    0x9000ad08   0x9000ad08   0x00000016   Code   RO         1921    .text.keyboard_event_over  keyboard.o
    0x9000ad1e   0x9000ad1e   0x00000002   PAD
    0x9000ad20   0x9000ad20   0x000001e8   Code   RO         1923    .text.keyboard_scan  keyboard.o
    0x9000af08   0x9000af08   0x00000d88   Code   RO           13    .text.main          main.o
    0x9000bc90   0x9000bc90   0x00000022   Code   RO         2297    .text.ui_activity_show  szmui_activity.o
    0x9000bcb2   0x9000bcb2   0x00000006   PAD
    0x9000bcb8   0x9000bcb8   0x000000de   Code   RO         2311    .text.ui_button_colored  szmui_button.o
    0x9000bd96   0x9000bd96   0x00000002   PAD
    0x9000bd98   0x9000bd98   0x0000000a   Code   RO         2360    .text.ui_input_is_key_pressed  ui_input.o
    0x9000bda2   0x9000bda2   0x00000006   PAD
    0x9000bda8   0x9000bda8   0x0000000a   Code   RO         2358    .text.ui_input_is_key_short_up  ui_input.o
    0x9000bdb2   0x9000bdb2   0x00000006   PAD
    0x9000bdb8   0x9000bdb8   0x000000fa   Code   RO         2334    .text.ui_layout_do  szmui_layout.o
    0x9000beb2   0x9000beb2   0x00000006   PAD
    0x9000beb8   0x9000beb8   0x00000036   Code   RO         2332    .text.ui_row        szmui_layout.o
    0x9000beee   0x9000beee   0x00000002   PAD
    0x9000bef0   0x9000bef0   0x00000030   Code   RO         2340    .text.ui_scroll_begin  szmui_layout.o
    0x9000bf20   0x9000bf20   0x00000020   Code   RO         2342    .text.ui_scroll_end  szmui_layout.o
    0x9000bf40   0x9000bf40   0x0000003e   Code   RO         2457    CL$$btod_d2e        c_w.l(btod.o)
    0x9000bf7e   0x9000bf7e   0x00000046   Code   RO         2459    CL$$btod_d2e_denorm_low  c_w.l(btod.o)
    0x9000bfc4   0x9000bfc4   0x00000060   Code   RO         2458    CL$$btod_d2e_norm_op1  c_w.l(btod.o)
    0x9000c024   0x9000c024   0x00000338   Code   RO         2467    CL$$btod_div_common  c_w.l(btod.o)
    0x9000c35c   0x9000c35c   0x000000dc   Code   RO         2464    CL$$btod_e2e        c_w.l(btod.o)
    0x9000c438   0x9000c438   0x0000002a   Code   RO         2461    CL$$btod_ediv       c_w.l(btod.o)
    0x9000c462   0x9000c462   0x0000002a   Code   RO         2460    CL$$btod_emul       c_w.l(btod.o)
    0x9000c48c   0x9000c48c   0x00000244   Code   RO         2466    CL$$btod_mult_common  c_w.l(btod.o)
    0x9000c6d0   0x9000c6d0   0x00000030   Code   RO         2487    i.__ARM_fpclassify  m_wv.l(fpclassify.o)
    0x9000c700   0x9000c700   0x0000000e   Code   RO         2389    i._is_digit         c_w.l(__printf_wp.o)
    0x9000c70e   0x9000c70e   0x00000002   PAD
    0x9000c710   0x9000c710   0x0000002c   Code   RO         2482    locale$$code        c_w.l(lc_numeric_c.o)
    0x9000c73c   0x9000c73c   0x0000001a   Code   RO         2557    x$fpl$fpinit        fz_wv.l(fpinit.o)
    0x9000c756   0x9000c756   0x00000004   Code   RO         2414    x$fpl$printf1       fz_wv.l(printf1.o)
    0x9000c75a   0x9000c75a   0x00000000   Code   RO         2486    x$fpl$usenofp       fz_wv.l(usenofp.o)
    0x9000c75a   0x9000c75a   0x00000002   PAD
    0x9000c75c   0x9000c75c   0x00000094   Data   RO         2455    .constdata          c_w.l(bigflt0.o)
    0x9000c7f0   0x9000c7f0   0x00000006   Data   RO         2285    .rodata..L__const.desktop_display.appListGridSize  desktop.o
    0x9000c7f6   0x9000c7f6   0x00000002   PAD
    0x9000c7f8   0x9000c7f8   0x0000000a   Data   RO         2284    .rodata..L__const.desktop_display.row1_width_array  desktop.o
    0x9000c802   0x9000c802   0x00000010   Data   RO         1828    .rodata.D1CorePrescTable  system_stm32h7xx.o
    0x9000c812   0x9000c812   0x00000010   Data   RO          321    .rodata.LL_RCC_PrescTable  stm32h7xx_ll_rcc.o
    0x9000c822   0x9000c822   0x00000002   PAD
    0x9000c824   0x9000c824   0x00000474   Data   RO           23    .rodata.ascii_1206  main.o
    0x9000cc98   0x9000cc98   0x000005f0   Data   RO           24    .rodata.ascii_1608  main.o
    0x9000d288   0x9000d288   0x000011d0   Data   RO           25    .rodata.ascii_2412  main.o
    0x9000e458   0x9000e458   0x000017c0   Data   RO           26    .rodata.ascii_3216  main.o
    0x9000fc18   0x9000fc18   0x00000010   Data   RO         2251    .rodata.cst16       segger_rtt.o
    0x9000fc28   0x9000fc28   0x00000040   Data   RO           34    .rodata.str1.1      main.o
    0x9000fc68   0x9000fc68   0x00000009   Data   RO         2252    .rodata.str1.1      segger_rtt.o
    0x9000fc71   0x9000fc71   0x00000003   PAD
    0x9000fc74   0x9000fc74   0x00000020   Data   RO         2639    Region$$Table       anon$$obj.o
    0x9000fc94   0x9000fc94   0x0000001c   Data   RO         2481    locale$$data        c_w.l(lc_numeric_c.o)


    Execution Region SDRAM (Exec base: 0xd0000000, Load base: 0x9000fdc0, Size: 0x00041a00, Max: 0x04000000, ABSOLUTE, UNINIT)

    Exec Addr    Load Addr    Size         Type   Attr      Idx    E Section Name        Object

    0xd0000000        -       0x00041a00   Zero   RW         1889    .bss.SDRAM          lcd.o


==============================================================================

Image component sizes


      Code (inc. data)   RO Data    RW Data    ZI Data      Debug   Object Name

       818          0         16         68          6       3081   desktop.o
       570          0          0         72        148       4498   keyboard.o
      1384          0          0          0     268812      14746   lcd.o
      8604          0          0          0          0      49903   lcd_init.o
      4166         72      13364         32      14232      40830   main.o
      1358          0         25          0       1209      24220   segger_rtt.o
      1978        198          0          0          0       7586   segger_rtt_printf.o
        64         26        664          0       8192        836   startup_stm32h750xx.o
       356          0          0          8          4      14623   stm32h7xx_hal.o
      3492         12          0          0          0      26799   stm32h7xx_hal_adc.o
        10          0          0          0          0      29312   stm32h7xx_hal_adc_ex.o
       354          0          0          0          0      12329   stm32h7xx_hal_cortex.o
       482          0          0          0          0       7155   stm32h7xx_hal_gpio.o
       470          0          0          0          1      15348   stm32h7xx_hal_msp.o
      3804          0          0          0          0      16466   stm32h7xx_hal_pcd.o
       194          0          0          0          0       6085   stm32h7xx_hal_pcd_ex.o
       556         16          0          0          0      11671   stm32h7xx_hal_rcc.o
      2440        114          0          0          0      20796   stm32h7xx_hal_rcc_ex.o
       196          0          0          0          0      13790   stm32h7xx_hal_sdram.o
       244          0          0          0         17       7479   stm32h7xx_it.o
       420          0          0          0          0       8760   stm32h7xx_ll_fmc.o
       206          0          0          0          0       4585   stm32h7xx_ll_gpio.o
      1712         32         16          0          0      35119   stm32h7xx_ll_rcc.o
       156          0          0          0          0       8821   stm32h7xx_ll_spi.o
       368         48          0          0          0       7606   stm32h7xx_ll_usart.o
      4216          0          0          0          0      31356   stm32h7xx_ll_usb.o
        88          0          0          0          0      13474   stm32h7xx_ll_utils.o
       204          0         16          8          0       5873   system_stm32h7xx.o
        34          0          0          0          0       2254   szmui_activity.o
       222          0          0          0          0       4574   szmui_button.o
       384          0          0          0          0       3974   szmui_layout.o
        32          0          0          0          0        419   tools.o
        20          0          0          0          0       1846   ui_input.o
      1122         12          0        133          0      11514   usbd_cdc.o
       216          0          0         28       4096       4754   usbd_cdc_interface.o
       524          0          0          0       1796      16373   usbd_conf.o
       910          0          0          0          0       9595   usbd_core.o
      1734         30          0          0          1      10091   usbd_ctlreq.o
       304        120          0         76         64       3325   usbd_desc.o
       132          0          0          0          0       4397   usbd_ioreq.o

    ----------------------------------------------------------------------
     45200        696      14140        432     298584     516263   Object Totals
         0          0         32          0          0          0   (incl. Generated)
       656         16          7          7          6          0   (incl. Padding)

    ----------------------------------------------------------------------

      Code (inc. data)   RO Data    RW Data    ZI Data      Debug   Library Member Name

        58          0          0          0          0          0   __dczerorl.o
         8          0          0          0          0         68   __main.o
       352          0          0          0          0         88   __printf_ss_wp.o
        14          0          0          0          0         68   __printf_wp.o
         0          0          0          0          0          0   __rtentry.o
        12          0          0          0          0          0   __rtentry2.o
         6          0          0          0          0          0   __rtentry4.o
        52          8          0          0          0          0   __scatter.o
        28          0          0          0          0          0   __scatter_zi.o
        48          6          0          0          0         96   _printf_char_common.o
       120         16          0          0          0         92   _printf_dec.o
         6          0          0          0          0          0   _printf_f.o
      1052          0          0          0          0        148   _printf_fp_dec.o
       128         16          0          0          0         84   _printf_fp_infnan.o
       178          0          0          0          0         88   _printf_intcommon.o
         0          0          0          0          0          0   _printf_percent.o
         4          0          0          0          0          0   _printf_percent_end.o
         6          0          0          0          0          0   _printf_u.o
        10          0          0          0          0         68   _sputc.o
       228          4        148          0          0         96   bigflt0.o
      1936        128          0          0          0        672   btod.o
        18          0          0          0          0         80   exit.o
         6          0          0          0          0        152   heapauxi.o
         0          0          0          0          0          0   indicate_semi.o
        44         10         28          0          0         76   lc_numeric_c.o
         2          0          0          0          0          0   libinit.o
        22          0          0          0          0          0   libinit2.o
         2          0          0          0          0          0   libshutdown.o
         2          0          0          0          0          0   libshutdown2.o
         8          4          0          0         96         68   libspace.o
       138          0          0          0          0         80   lludiv10.o
        40          6          0          0          0         84   noretval__2sprintf.o
         8          4          0          0          0         68   rt_locale_intlibspace.o
        78          0          0          0          0         80   rt_memclr_w.o
       138          0          0          0          0         68   rt_memcpy_v6.o
       100          0          0          0          0         80   rt_memcpy_w.o
         2          0          0          0          0          0   rtexit.o
        10          0          0          0          0          0   rtexit2.o
       124          0          0          0          0         88   strcmpv7m_pel.o
        12          4          0          0          0         68   sys_exit.o
        74          0          0          0          0         80   sys_stackheap_outer.o
         2          0          0          0          0         68   use_no_semi.o
        26          0          0          0          0        116   fpinit.o
         4          0          0          0          0        116   printf1.o
         0          0          0          0          0          0   usenofp.o
        48          0          0          0          0        124   fpclassify.o

    ----------------------------------------------------------------------
      5172        206        176          0         96       3064   Library Totals
        18          0          0          0          0          0   (incl. Padding)

    ----------------------------------------------------------------------

      Code (inc. data)   RO Data    RW Data    ZI Data      Debug   Library Name

      5076        206        176          0         96       2708   c_w.l
        30          0          0          0          0        232   fz_wv.l
        48          0          0          0          0        124   m_wv.l

    ----------------------------------------------------------------------
      5172        206        176          0         96       3064   Library Totals

    ----------------------------------------------------------------------

==============================================================================


      Code (inc. data)   RO Data    RW Data    ZI Data      Debug   

     50372        902      14316        432     298680     517163   Grand Totals
     50372        902      14316        272     298680     517163   ELF Image Totals (compressed)
     50372        902      14316        272          0          0   ROM Totals

==============================================================================

    Total RO  Size (Code + RO Data)                64688 (  63.17kB)
    Total RW  Size (RW Data + ZI Data)            299112 ( 292.10kB)
    Total ROM Size (Code + RO Data + RW Data)      64960 (  63.44kB)

==============================================================================

