Component: ARM Compiler 6.14 Tool: armlink [5db06800]

==============================================================================

Memory Map of the image

  Image Entry point : 0x90000299

  Load Region LR_qspiflash (Base: 0x90000000, Size: 0x0000f610, Max: 0x01000000, ABSOLUTE, COMPRESSED[0x0000f5c0])

    Execution Region ITCMRAM (Exec base: 0x00000000, Load base: 0x9000f5c0, Size: 0x00000000, Max: 0x00010000, ABSOLUTE)

    **** No section assigned to this execution region ****


    Execution Region DTCMRAM_WITHOUT_400 (Exec base: 0x20000400, Load base: 0x9000f4c0, Size: 0x00007668, Max: 0x0001fc00, ABSOLUTE, COMPRESSED[0x00000100])

    Exec Addr    Load Addr    Size         Type   Attr      Idx    E Section Name        Object

    0x20000400   COMPRESSED   0x00000008   Data   RW          954    .data..L_MergedGlobals  stm32h7xx_hal.o
    0x20000408   COMPRESSED   0x00000008   Data   RW         1829    .data..L_MergedGlobals  system_stm32h7xx.o
    0x20000410   COMPRESSED   0x00000048   Data   RW         1926    .data..L_MergedGlobals  keyboard.o
    0x20000458   COMPRESSED   0x00000008   Data   RW         1989    .data.LineCoding    usbd_cdc_interface.o
    0x20000460   COMPRESSED   0x00000038   Data   RW         1966    .data.USBD_CDC      usbd_cdc.o
    0x20000498   COMPRESSED   0x00000043   Data   RW         1968    .data.USBD_CDC_CfgDesc  usbd_cdc.o
    0x200004db   COMPRESSED   0x00000001   PAD
    0x200004dc   COMPRESSED   0x0000000a   Data   RW         1967    .data.USBD_CDC_DeviceQualifierDesc  usbd_cdc.o
    0x200004e6   COMPRESSED   0x00000002   PAD
    0x200004e8   COMPRESSED   0x00000014   Data   RW         1993    .data.USBD_CDC_fops  usbd_cdc_interface.o
    0x200004fc   COMPRESSED   0x00000012   Data   RW         2166    .data.USBD_DeviceDesc  usbd_desc.o
    0x2000050e   COMPRESSED   0x00000002   PAD
    0x20000510   COMPRESSED   0x00000004   Data   RW         2167    .data.USBD_LangIDDesc  usbd_desc.o
    0x20000514   COMPRESSED   0x0000001a   Data   RW         2168    .data.USBD_StringSerial  usbd_desc.o
    0x2000052e   COMPRESSED   0x00000002   PAD
    0x20000530   COMPRESSED   0x0000001c   Data   RW         2165    .data.VCP_Desc      usbd_desc.o
    0x2000054c   COMPRESSED   0x00000004   PAD
    0x20000550        -       0x00000060   Zero   RW         2485    .bss                c_w.l(libspace.o)
    0x200005b0        -       0x00000064   Zero   RW           37    .bss..L_MergedGlobals  main.o
    0x20000614        -       0x0000000c   Zero   RW         1890    .bss..L_MergedGlobals  lcd.o
    0x20000620        -       0x00000011   Zero   RW         2254    .bss..L_MergedGlobals  segger_rtt.o
    0x20000631   COMPRESSED   0x00000003   PAD
    0x20000634        -       0x00000030   Zero   RW         1927    .bss..L_MergedGlobals.1  keyboard.o
    0x20000664        -       0x00000001   Zero   RW          101    .bss.FMC_Initialized  stm32h7xx_hal_msp.o
    0x20000665        -       0x00000001   Zero   RW           74    .bss.HAL_ADC_ConvCpltCallback.index  stm32h7xx_it.o
    0x20000666   COMPRESSED   0x00000002   PAD
    0x20000668        -       0x000002dc   Zero   RW           27    .bss.USBD_Device    main.o
    0x20000944        -       0x00000001   Zero   RW         2142    .bss.USBD_SetConfig.cfgidx  usbd_ctlreq.o
    0x20000945   COMPRESSED   0x00000003   PAD
    0x20000948        -       0x00000040   Zero   RW         2169    .bss.USBD_StrDesc   usbd_desc.o
    0x20000988        -       0x00000220   Zero   RW         2065    .bss.USBD_static_malloc.mem  usbd_conf.o
    0x20000ba8        -       0x00000800   Zero   RW         1994    .bss.UserRxBuffer   usbd_cdc_interface.o
    0x200013a8        -       0x00000800   Zero   RW         1995    .bss.UserTxBuffer   usbd_cdc_interface.o
    0x20001ba8        -       0x000000a8   Zero   RW         2250    .bss._SEGGER_RTT    segger_rtt.o
    0x20001c50        -       0x00000400   Zero   RW         2253    .bss._acUpBuffer    segger_rtt.o
    0x20002050        -       0x00000474   Zero   RW           32    .bss.ascii_1206_    main.o
    0x200024c4        -       0x000005f0   Zero   RW           31    .bss.ascii_1608_    main.o
    0x20002ab4        -       0x000011d0   Zero   RW           30    .bss.ascii_2412_    main.o
    0x20003c84        -       0x000017c0   Zero   RW           29    .bss.ascii_3216_    main.o
    0x20005444        -       0x00000064   Zero   RW           28    .bss.hadc3          main.o
    0x200054a8        -       0x000004e4   Zero   RW         2064    .bss.hpcd           usbd_conf.o
    0x2000598c        -       0x00000064   Zero   RW         1925    .bss.keyboard_event_buffer  keyboard.o
    0x200059f0        -       0x00000064   Zero   RW           33    .bss.main.key_event_string  main.o
    0x20005a54        -       0x00000004   Zero   RW           75    .bss.time_stamp_1   stm32h7xx_it.o
    0x20005a58        -       0x00000004   Zero   RW           77    .bss.time_stamp_2   stm32h7xx_it.o
    0x20005a5c        -       0x00000004   Zero   RW           76    .bss.time_stamp_3   stm32h7xx_it.o
    0x20005a60        -       0x00000004   Zero   RW           78    .bss.time_stamp_4   stm32h7xx_it.o
    0x20005a64        -       0x00000004   Zero   RW          953    .bss.uwTick         stm32h7xx_hal.o
    0x20005a68        -       0x00001000   Zero   RW            2    HEAP                startup_stm32h750xx.o
    0x20006a68        -       0x00001000   Zero   RW            1    STACK               startup_stm32h750xx.o


    Execution Region RAM_D1 (Exec base: 0x24000000, Load base: 0x9000f5c0, Size: 0x00000000, Max: 0x00080000, ABSOLUTE)

    **** No section assigned to this execution region ****


    Execution Region RAM_D2 (Exec base: 0x30000000, Load base: 0x9000f5c0, Size: 0x00000000, Max: 0x00048000, ABSOLUTE)

    **** No section assigned to this execution region ****


    Execution Region RAM_D3 (Exec base: 0x38000000, Load base: 0x9000f5c0, Size: 0x00000000, Max: 0x00010000, ABSOLUTE)

    **** No section assigned to this execution region ****


    Execution Region ER_qspiflash (Exec base: 0x90000000, Load base: 0x90000000, Size: 0x0000f4c0, Max: 0x01000000, ABSOLUTE)

    Exec Addr    Load Addr    Size         Type   Attr      Idx    E Section Name        Object

    0x90000000   0x90000000   0x00000298   Data   RO            3    RESET               startup_stm32h750xx.o
    0x90000298   0x90000298   0x00000008   Code   RO         2407  * !!!main             c_w.l(__main.o)
    0x900002a0   0x900002a0   0x00000034   Code   RO         2637    !!!scatter          c_w.l(__scatter.o)
    0x900002d4   0x900002d4   0x0000003a   Code   RO         2635    !!dczerorl          c_w.l(__dczerorl.o)
    0x9000030e   0x9000030e   0x00000002   PAD
    0x90000310   0x90000310   0x0000001c   Code   RO         2639    !!handler_zi        c_w.l(__scatter_zi.o)
    0x9000032c   0x9000032c   0x00000000   Code   RO         2396    .ARM.Collect$$_printf_percent$$00000000  c_w.l(_printf_percent.o)
    0x9000032c   0x9000032c   0x00000006   Code   RO         2395    .ARM.Collect$$_printf_percent$$00000003  c_w.l(_printf_f.o)
    0x90000332   0x90000332   0x00000006   Code   RO         2394    .ARM.Collect$$_printf_percent$$0000000A  c_w.l(_printf_u.o)
    0x90000338   0x90000338   0x00000004   Code   RO         2422    .ARM.Collect$$_printf_percent$$00000017  c_w.l(_printf_percent_end.o)
    0x9000033c   0x9000033c   0x00000002   Code   RO         2500    .ARM.Collect$$libinit$$00000000  c_w.l(libinit.o)
    0x9000033e   0x9000033e   0x00000004   Code   RO         2501    .ARM.Collect$$libinit$$00000001  c_w.l(libinit2.o)
    0x90000342   0x90000342   0x00000000   Code   RO         2504    .ARM.Collect$$libinit$$00000004  c_w.l(libinit2.o)
    0x90000342   0x90000342   0x00000000   Code   RO         2507    .ARM.Collect$$libinit$$0000000A  c_w.l(libinit2.o)
    0x90000342   0x90000342   0x00000000   Code   RO         2509    .ARM.Collect$$libinit$$0000000C  c_w.l(libinit2.o)
    0x90000342   0x90000342   0x00000000   Code   RO         2511    .ARM.Collect$$libinit$$0000000E  c_w.l(libinit2.o)
    0x90000342   0x90000342   0x00000006   Code   RO         2512    .ARM.Collect$$libinit$$0000000F  c_w.l(libinit2.o)
    0x90000348   0x90000348   0x00000000   Code   RO         2514    .ARM.Collect$$libinit$$00000011  c_w.l(libinit2.o)
    0x90000348   0x90000348   0x00000000   Code   RO         2516    .ARM.Collect$$libinit$$00000013  c_w.l(libinit2.o)
    0x90000348   0x90000348   0x00000000   Code   RO         2518    .ARM.Collect$$libinit$$00000015  c_w.l(libinit2.o)
    0x90000348   0x90000348   0x0000000a   Code   RO         2519    .ARM.Collect$$libinit$$00000016  c_w.l(libinit2.o)
    0x90000352   0x90000352   0x00000000   Code   RO         2520    .ARM.Collect$$libinit$$00000017  c_w.l(libinit2.o)
    0x90000352   0x90000352   0x00000000   Code   RO         2522    .ARM.Collect$$libinit$$00000019  c_w.l(libinit2.o)
    0x90000352   0x90000352   0x00000000   Code   RO         2524    .ARM.Collect$$libinit$$0000001B  c_w.l(libinit2.o)
    0x90000352   0x90000352   0x00000000   Code   RO         2526    .ARM.Collect$$libinit$$0000001D  c_w.l(libinit2.o)
    0x90000352   0x90000352   0x00000000   Code   RO         2528    .ARM.Collect$$libinit$$0000001F  c_w.l(libinit2.o)
    0x90000352   0x90000352   0x00000000   Code   RO         2530    .ARM.Collect$$libinit$$00000021  c_w.l(libinit2.o)
    0x90000352   0x90000352   0x00000000   Code   RO         2532    .ARM.Collect$$libinit$$00000023  c_w.l(libinit2.o)
    0x90000352   0x90000352   0x00000000   Code   RO         2534    .ARM.Collect$$libinit$$00000025  c_w.l(libinit2.o)
    0x90000352   0x90000352   0x00000000   Code   RO         2538    .ARM.Collect$$libinit$$0000002C  c_w.l(libinit2.o)
    0x90000352   0x90000352   0x00000000   Code   RO         2540    .ARM.Collect$$libinit$$0000002E  c_w.l(libinit2.o)
    0x90000352   0x90000352   0x00000000   Code   RO         2542    .ARM.Collect$$libinit$$00000030  c_w.l(libinit2.o)
    0x90000352   0x90000352   0x00000000   Code   RO         2544    .ARM.Collect$$libinit$$00000032  c_w.l(libinit2.o)
    0x90000352   0x90000352   0x00000002   Code   RO         2545    .ARM.Collect$$libinit$$00000033  c_w.l(libinit2.o)
    0x90000354   0x90000354   0x00000002   Code   RO         2581    .ARM.Collect$$libshutdown$$00000000  c_w.l(libshutdown.o)
    0x90000356   0x90000356   0x00000000   Code   RO         2592    .ARM.Collect$$libshutdown$$00000002  c_w.l(libshutdown2.o)
    0x90000356   0x90000356   0x00000000   Code   RO         2594    .ARM.Collect$$libshutdown$$00000004  c_w.l(libshutdown2.o)
    0x90000356   0x90000356   0x00000000   Code   RO         2597    .ARM.Collect$$libshutdown$$00000007  c_w.l(libshutdown2.o)
    0x90000356   0x90000356   0x00000000   Code   RO         2600    .ARM.Collect$$libshutdown$$0000000A  c_w.l(libshutdown2.o)
    0x90000356   0x90000356   0x00000000   Code   RO         2602    .ARM.Collect$$libshutdown$$0000000C  c_w.l(libshutdown2.o)
    0x90000356   0x90000356   0x00000000   Code   RO         2605    .ARM.Collect$$libshutdown$$0000000F  c_w.l(libshutdown2.o)
    0x90000356   0x90000356   0x00000002   Code   RO         2606    .ARM.Collect$$libshutdown$$00000010  c_w.l(libshutdown2.o)
    0x90000358   0x90000358   0x00000000   Code   RO         2411    .ARM.Collect$$rtentry$$00000000  c_w.l(__rtentry.o)
    0x90000358   0x90000358   0x00000000   Code   RO         2424    .ARM.Collect$$rtentry$$00000002  c_w.l(__rtentry2.o)
    0x90000358   0x90000358   0x00000006   Code   RO         2436    .ARM.Collect$$rtentry$$00000004  c_w.l(__rtentry4.o)
    0x9000035e   0x9000035e   0x00000000   Code   RO         2426    .ARM.Collect$$rtentry$$00000009  c_w.l(__rtentry2.o)
    0x9000035e   0x9000035e   0x00000004   Code   RO         2427    .ARM.Collect$$rtentry$$0000000A  c_w.l(__rtentry2.o)
    0x90000362   0x90000362   0x00000000   Code   RO         2429    .ARM.Collect$$rtentry$$0000000C  c_w.l(__rtentry2.o)
    0x90000362   0x90000362   0x00000008   Code   RO         2430    .ARM.Collect$$rtentry$$0000000D  c_w.l(__rtentry2.o)
    0x9000036a   0x9000036a   0x00000002   Code   RO         2546    .ARM.Collect$$rtexit$$00000000  c_w.l(rtexit.o)
    0x9000036c   0x9000036c   0x00000000   Code   RO         2555    .ARM.Collect$$rtexit$$00000002  c_w.l(rtexit2.o)
    0x9000036c   0x9000036c   0x00000004   Code   RO         2556    .ARM.Collect$$rtexit$$00000003  c_w.l(rtexit2.o)
    0x90000370   0x90000370   0x00000006   Code   RO         2557    .ARM.Collect$$rtexit$$00000004  c_w.l(rtexit2.o)
    0x90000376   0x90000376   0x00000002   PAD
    0x90000378   0x90000378   0x00000040   Code   RO            4    .text               startup_stm32h750xx.o
    0x900003b8   0x900003b8   0x00000028   Code   RO         2368    .text               c_w.l(noretval__2sprintf.o)
    0x900003e0   0x900003e0   0x00000078   Code   RO         2372    .text               c_w.l(_printf_dec.o)
    0x90000458   0x90000458   0x000000b8   Code   RO         2377    .text               c_w.l(__printf_ss.o)
    0x90000510   0x90000510   0x0000008a   Code   RO         2399    .text               c_w.l(rt_memcpy_v6.o)
    0x9000059a   0x9000059a   0x00000064   Code   RO         2401    .text               c_w.l(rt_memcpy_w.o)
    0x900005fe   0x900005fe   0x0000004e   Code   RO         2403    .text               c_w.l(rt_memclr_w.o)
    0x9000064c   0x9000064c   0x00000006   Code   RO         2405    .text               c_w.l(heapauxi.o)
    0x90000652   0x90000652   0x000000b2   Code   RO         2412    .text               c_w.l(_printf_intcommon.o)
    0x90000704   0x90000704   0x0000041c   Code   RO         2414    .text               c_w.l(_printf_fp_dec.o)
    0x90000b20   0x90000b20   0x00000030   Code   RO         2418    .text               c_w.l(_printf_char_common.o)
    0x90000b50   0x90000b50   0x0000000a   Code   RO         2420    .text               c_w.l(_sputc.o)
    0x90000b5a   0x90000b5a   0x00000002   PAD
    0x90000b5c   0x90000b5c   0x00000008   Code   RO         2441    .text               c_w.l(rt_locale_intlibspace.o)
    0x90000b64   0x90000b64   0x0000008a   Code   RO         2443    .text               c_w.l(lludiv10.o)
    0x90000bee   0x90000bee   0x00000002   PAD
    0x90000bf0   0x90000bf0   0x00000080   Code   RO         2445    .text               c_w.l(_printf_fp_infnan.o)
    0x90000c70   0x90000c70   0x000000e4   Code   RO         2449    .text               c_w.l(bigflt0.o)
    0x90000d54   0x90000d54   0x00000008   Code   RO         2484    .text               c_w.l(libspace.o)
    0x90000d5c   0x90000d5c   0x0000004a   Code   RO         2487    .text               c_w.l(sys_stackheap_outer.o)
    0x90000da6   0x90000da6   0x00000012   Code   RO         2491    .text               c_w.l(exit.o)
    0x90000db8   0x90000db8   0x0000007c   Code   RO         2493    .text               c_w.l(strcmpv7m_pel.o)
    0x90000e34   0x90000e34   0x0000000c   Code   RO         2567    .text               c_w.l(sys_exit.o)
    0x90000e40   0x90000e40   0x00000002   Code   RO         2582    .text               c_w.l(use_no_semi.o)
    0x90000e42   0x90000e42   0x00000000   Code   RO         2584    .text               c_w.l(indicate_semi.o)
    0x90000e42   0x90000e42   0x00000006   PAD
    0x90000e48   0x90000e48   0x0000000c   Code   RO           70    .text.ADC3_IRQHandler  stm32h7xx_it.o
    0x90000e54   0x90000e54   0x00000004   PAD
    0x90000e58   0x90000e58   0x00000122   Code   RO          143    .text.ADC_ConfigureBoostMode  stm32h7xx_hal_adc.o
    0x90000f7a   0x90000f7a   0x00000006   PAD
    0x90000f80   0x90000f80   0x000000ec   Code   RO          147    .text.ADC_ConversionStop  stm32h7xx_hal_adc.o
    0x9000106c   0x9000106c   0x00000004   PAD
    0x90001070   0x90001070   0x0000007c   Code   RO          149    .text.ADC_Disable   stm32h7xx_hal_adc.o
    0x900010ec   0x900010ec   0x00000004   PAD
    0x900010f0   0x900010f0   0x000000b8   Code   RO          155    .text.ADC_Enable    stm32h7xx_hal_adc.o
    0x900011a8   0x900011a8   0x00000002   Code   RO           52    .text.BusFault_Handler  stm32h7xx_it.o
    0x900011aa   0x900011aa   0x00000006   PAD
    0x900011b0   0x900011b0   0x0000004e   Code   RO         1981    .text.CDC_Itf_Control  usbd_cdc_interface.o
    0x900011fe   0x900011fe   0x00000002   PAD
    0x90001200   0x90001200   0x00000004   Code   RO         1979    .text.CDC_Itf_DeInit  usbd_cdc_interface.o
    0x90001204   0x90001204   0x00000004   PAD
    0x90001208   0x90001208   0x0000002c   Code   RO         1977    .text.CDC_Itf_Init  usbd_cdc_interface.o
    0x90001234   0x90001234   0x00000004   PAD
    0x90001238   0x90001238   0x00000056   Code   RO         1983    .text.CDC_Itf_Receive  usbd_cdc_interface.o
    0x9000128e   0x9000128e   0x00000002   PAD
    0x90001290   0x90001290   0x00000004   Code   RO         1985    .text.CDC_TransmitCplt  usbd_cdc_interface.o
    0x90001294   0x90001294   0x00000004   PAD
    0x90001298   0x90001298   0x00000046   Code   RO           64    .text.DMA1_Stream0_IRQHandler  stm32h7xx_it.o
    0x900012de   0x900012de   0x00000002   PAD
    0x900012e0   0x900012e0   0x00000002   Code   RO           58    .text.DebugMon_Handler  stm32h7xx_it.o
    0x900012e2   0x900012e2   0x00000006   PAD
    0x900012e8   0x900012e8   0x0000008e   Code   RO         1198    .text.FMC_SDRAM_Init  stm32h7xx_ll_fmc.o
    0x90001376   0x90001376   0x00000002   PAD
    0x90001378   0x90001378   0x00000016   Code   RO         1210    .text.FMC_SDRAM_ProgramRefreshRate  stm32h7xx_ll_fmc.o
    0x9000138e   0x9000138e   0x00000002   PAD
    0x90001390   0x90001390   0x0000002e   Code   RO         1208    .text.FMC_SDRAM_SendCommand  stm32h7xx_ll_fmc.o
    0x900013be   0x900013be   0x00000002   PAD
    0x900013c0   0x900013c0   0x000000d2   Code   RO         1200    .text.FMC_SDRAM_Timing_Init  stm32h7xx_ll_fmc.o
    0x90001492   0x90001492   0x00000006   PAD
    0x90001498   0x90001498   0x00000002   Code   RO          243    .text.HAL_ADCEx_EndOfSamplingCallback  stm32h7xx_hal_adc_ex.o
    0x9000149a   0x9000149a   0x00000006   PAD
    0x900014a0   0x900014a0   0x00000002   Code   RO          235    .text.HAL_ADCEx_InjectedConvCpltCallback  stm32h7xx_hal_adc_ex.o
    0x900014a2   0x900014a2   0x00000006   PAD
    0x900014a8   0x900014a8   0x00000002   Code   RO          237    .text.HAL_ADCEx_InjectedQueueOverflowCallback  stm32h7xx_hal_adc_ex.o
    0x900014aa   0x900014aa   0x00000006   PAD
    0x900014b0   0x900014b0   0x00000002   Code   RO          239    .text.HAL_ADCEx_LevelOutOfWindow2Callback  stm32h7xx_hal_adc_ex.o
    0x900014b2   0x900014b2   0x00000006   PAD
    0x900014b8   0x900014b8   0x00000002   Code   RO          241    .text.HAL_ADCEx_LevelOutOfWindow3Callback  stm32h7xx_hal_adc_ex.o
    0x900014ba   0x900014ba   0x00000006   PAD
    0x900014c0   0x900014c0   0x000003e2   Code   RO          189    .text.HAL_ADC_ConfigChannel  stm32h7xx_hal_adc.o
    0x900018a2   0x900018a2   0x00000006   PAD
    0x900018a8   0x900018a8   0x00000036   Code   RO           72    .text.HAL_ADC_ConvCpltCallback  stm32h7xx_it.o
    0x900018de   0x900018de   0x00000002   PAD
    0x900018e0   0x900018e0   0x00000002   Code   RO          185    .text.HAL_ADC_ErrorCallback  stm32h7xx_hal_adc.o
    0x900018e2   0x900018e2   0x00000006   PAD
    0x900018e8   0x900018e8   0x00000006   Code   RO          177    .text.HAL_ADC_GetValue  stm32h7xx_hal_adc.o
    0x900018ee   0x900018ee   0x00000002   PAD
    0x900018f0   0x900018f0   0x00000250   Code   RO          179    .text.HAL_ADC_IRQHandler  stm32h7xx_hal_adc.o
    0x90001b40   0x90001b40   0x00000272   Code   RO          139    .text.HAL_ADC_Init  stm32h7xx_hal_adc.o
    0x90001db2   0x90001db2   0x00000006   PAD
    0x90001db8   0x90001db8   0x00000002   Code   RO          183    .text.HAL_ADC_LevelOutOfWindowCallback  stm32h7xx_hal_adc.o
    0x90001dba   0x90001dba   0x00000006   PAD
    0x90001dc0   0x90001dc0   0x00000086   Code   RO           89    .text.HAL_ADC_MspInit  stm32h7xx_hal_msp.o
    0x90001e46   0x90001e46   0x00000002   PAD
    0x90001e48   0x90001e48   0x00000162   Code   RO          163    .text.HAL_ADC_Start_IT  stm32h7xx_hal_adc.o
    0x90001faa   0x90001faa   0x00000006   PAD
    0x90001fb0   0x90001fb0   0x00000052   Code   RO          165    .text.HAL_ADC_Stop_IT  stm32h7xx_hal_adc.o
    0x90002002   0x90002002   0x00000006   PAD
    0x90002008   0x90002008   0x00000028   Code   RO          877    .text.HAL_Delay     stm32h7xx_hal.o
    0x90002030   0x90002030   0x000001e2   Code   RO          513    .text.HAL_GPIO_Init  stm32h7xx_hal_gpio.o
    0x90002212   0x90002212   0x00000006   PAD
    0x90002218   0x90002218   0x0000000e   Code   RO          885    .text.HAL_GetREVID  stm32h7xx_hal.o
    0x90002226   0x90002226   0x00000002   PAD
    0x90002228   0x90002228   0x0000000c   Code   RO          869    .text.HAL_GetTick   stm32h7xx_hal.o
    0x90002234   0x90002234   0x00000004   PAD
    0x90002238   0x90002238   0x0000001a   Code   RO          867    .text.HAL_IncTick   stm32h7xx_hal.o
    0x90002252   0x90002252   0x00000006   PAD
    0x90002258   0x90002258   0x00000064   Code   RO          857    .text.HAL_Init      stm32h7xx_hal.o
    0x900022bc   0x900022bc   0x00000004   PAD
    0x900022c0   0x900022c0   0x0000004c   Code   RO          859    .text.HAL_InitTick  stm32h7xx_hal.o
    0x9000230c   0x9000230c   0x00000004   PAD
    0x90002310   0x90002310   0x0000005e   Code   RO          827    .text.HAL_MPU_ConfigRegion  stm32h7xx_hal_cortex.o
    0x9000236e   0x9000236e   0x00000002   PAD
    0x90002370   0x90002370   0x0000001a   Code   RO          819    .text.HAL_MPU_Disable  stm32h7xx_hal_cortex.o
    0x9000238a   0x9000238a   0x00000006   PAD
    0x90002390   0x90002390   0x00000020   Code   RO          821    .text.HAL_MPU_Enable  stm32h7xx_hal_cortex.o
    0x900023b0   0x900023b0   0x00000046   Code   RO           87    .text.HAL_MspInit   stm32h7xx_hal_msp.o
    0x900023f6   0x900023f6   0x00000002   PAD
    0x900023f8   0x900023f8   0x00000020   Code   RO          809    .text.HAL_NVIC_EnableIRQ  stm32h7xx_hal_cortex.o
    0x90002418   0x90002418   0x0000005e   Code   RO          807    .text.HAL_NVIC_SetPriority  stm32h7xx_hal_cortex.o
    0x90002476   0x90002476   0x00000002   PAD
    0x90002478   0x90002478   0x00000020   Code   RO          805    .text.HAL_NVIC_SetPriorityGrouping  stm32h7xx_hal_cortex.o
    0x90002498   0x90002498   0x00000026   Code   RO         1698    .text.HAL_PCDEx_ActivateLPM  stm32h7xx_hal_pcd_ex.o
    0x900024be   0x900024be   0x00000002   PAD
    0x900024c0   0x900024c0   0x00000002   Code   RO         1710    .text.HAL_PCDEx_LPM_Callback  stm32h7xx_hal_pcd_ex.o
    0x900024c2   0x900024c2   0x00000006   PAD
    0x900024c8   0x900024c8   0x00000008   Code   RO         1696    .text.HAL_PCDEx_SetRxFiFo  stm32h7xx_hal_pcd_ex.o
    0x900024d0   0x900024d0   0x00000092   Code   RO         1694    .text.HAL_PCDEx_SetTxFiFo  stm32h7xx_hal_pcd_ex.o
    0x90002562   0x90002562   0x00000006   PAD
    0x90002568   0x90002568   0x00000008   Code   RO         2026    .text.HAL_PCD_ConnectCallback  usbd_conf.o
    0x90002570   0x90002570   0x00000012   Code   RO         2012    .text.HAL_PCD_DataInStageCallback  usbd_conf.o
    0x90002582   0x90002582   0x00000006   PAD
    0x90002588   0x90002588   0x00000014   Code   RO         2010    .text.HAL_PCD_DataOutStageCallback  usbd_conf.o
    0x9000259c   0x9000259c   0x00000004   PAD
    0x900025a0   0x900025a0   0x00000008   Code   RO         2028    .text.HAL_PCD_DisconnectCallback  usbd_conf.o
    0x900025a8   0x900025a8   0x00000052   Code   RO         1664    .text.HAL_PCD_EP_Close  stm32h7xx_hal_pcd.o
    0x900025fa   0x900025fa   0x00000006   PAD
    0x90002600   0x90002600   0x00000060   Code   RO         1674    .text.HAL_PCD_EP_ClrStall  stm32h7xx_hal_pcd.o
    0x90002660   0x90002660   0x00000012   Code   RO         1668    .text.HAL_PCD_EP_GetRxCount  stm32h7xx_hal_pcd.o
    0x90002672   0x90002672   0x00000006   PAD
    0x90002678   0x90002678   0x00000060   Code   RO         1662    .text.HAL_PCD_EP_Open  stm32h7xx_hal_pcd.o
    0x900026d8   0x900026d8   0x0000003a   Code   RO         1666    .text.HAL_PCD_EP_Receive  stm32h7xx_hal_pcd.o
    0x90002712   0x90002712   0x00000006   PAD
    0x90002718   0x90002718   0x00000074   Code   RO         1672    .text.HAL_PCD_EP_SetStall  stm32h7xx_hal_pcd.o
    0x9000278c   0x9000278c   0x00000004   PAD
    0x90002790   0x90002790   0x0000003e   Code   RO         1670    .text.HAL_PCD_EP_Transmit  stm32h7xx_hal_pcd.o
    0x900027ce   0x900027ce   0x00000002   PAD
    0x900027d0   0x900027d0   0x000009e8   Code   RO         1630    .text.HAL_PCD_IRQHandler  stm32h7xx_hal_pcd.o
    0x900031b8   0x900031b8   0x00000008   Code   RO         2024    .text.HAL_PCD_ISOINIncompleteCallback  usbd_conf.o
    0x900031c0   0x900031c0   0x00000008   Code   RO         2022    .text.HAL_PCD_ISOOUTIncompleteCallback  usbd_conf.o
    0x900031c8   0x900031c8   0x00000280   Code   RO         1618    .text.HAL_PCD_Init  stm32h7xx_hal_pcd.o
    0x90003448   0x90003448   0x00000074   Code   RO         2004    .text.HAL_PCD_MspInit  usbd_conf.o
    0x900034bc   0x900034bc   0x00000004   PAD
    0x900034c0   0x900034c0   0x00000022   Code   RO         2016    .text.HAL_PCD_ResetCallback  usbd_conf.o
    0x900034e2   0x900034e2   0x00000006   PAD
    0x900034e8   0x900034e8   0x00000008   Code   RO         2020    .text.HAL_PCD_ResumeCallback  usbd_conf.o
    0x900034f0   0x900034f0   0x00000008   Code   RO         2014    .text.HAL_PCD_SOFCallback  usbd_conf.o
    0x900034f8   0x900034f8   0x00000026   Code   RO         1660    .text.HAL_PCD_SetAddress  stm32h7xx_hal_pcd.o
    0x9000351e   0x9000351e   0x00000002   PAD
    0x90003520   0x90003520   0x0000000e   Code   RO         2008    .text.HAL_PCD_SetupStageCallback  usbd_conf.o
    0x9000352e   0x9000352e   0x00000002   PAD
    0x90003530   0x90003530   0x0000003e   Code   RO         1626    .text.HAL_PCD_Start  stm32h7xx_hal_pcd.o
    0x9000356e   0x9000356e   0x00000002   PAD
    0x90003570   0x90003570   0x00000008   Code   RO         2018    .text.HAL_PCD_SuspendCallback  usbd_conf.o
    0x90003578   0x90003578   0x00000198   Code   RO          398    .text.HAL_RCCEx_GetPLL1ClockFreq  stm32h7xx_hal_rcc_ex.o
    0x90003710   0x90003710   0x00000198   Code   RO          400    .text.HAL_RCCEx_GetPLL2ClockFreq  stm32h7xx_hal_rcc_ex.o
    0x900038a8   0x900038a8   0x00000198   Code   RO          402    .text.HAL_RCCEx_GetPLL3ClockFreq  stm32h7xx_hal_rcc_ex.o
    0x90003a40   0x90003a40   0x000004c0   Code   RO          396    .text.HAL_RCCEx_GetPeriphCLKFreq  stm32h7xx_hal_rcc_ex.o
    0x90003f00   0x90003f00   0x0000004c   Code   RO          366    .text.HAL_RCC_GetHCLKFreq  stm32h7xx_hal_rcc.o
    0x90003f4c   0x90003f4c   0x00000004   PAD
    0x90003f50   0x90003f50   0x00000060   Code   RO          368    .text.HAL_RCC_GetPCLK1Freq  stm32h7xx_hal_rcc.o
    0x90003fb0   0x90003fb0   0x00000180   Code   RO          358    .text.HAL_RCC_GetSysClockFreq  stm32h7xx_hal_rcc.o
    0x90004130   0x90004130   0x00000050   Code   RO         1224    .text.HAL_SDRAM_Init  stm32h7xx_hal_sdram.o
    0x90004180   0x90004180   0x0000010a   Code   RO           97    .text.HAL_SDRAM_MspInit  stm32h7xx_hal_msp.o
    0x9000428a   0x9000428a   0x00000006   PAD
    0x90004290   0x90004290   0x00000030   Code   RO         1268    .text.HAL_SDRAM_ProgramRefreshRate  stm32h7xx_hal_sdram.o
    0x900042c0   0x900042c0   0x00000044   Code   RO         1266    .text.HAL_SDRAM_SendCommand  stm32h7xx_hal_sdram.o
    0x90004304   0x90004304   0x00000004   PAD
    0x90004308   0x90004308   0x00000030   Code   RO          901    .text.HAL_SYSCFG_EnableVREFBUF  stm32h7xx_hal.o
    0x90004338   0x90004338   0x00000014   Code   RO          897    .text.HAL_SYSCFG_VREFBUF_HighImpedanceConfig  stm32h7xx_hal.o
    0x9000434c   0x9000434c   0x00000004   PAD
    0x90004350   0x90004350   0x00000014   Code   RO          895    .text.HAL_SYSCFG_VREFBUF_VoltageScalingConfig  stm32h7xx_hal.o
    0x90004364   0x90004364   0x00000004   PAD
    0x90004368   0x90004368   0x0000002c   Code   RO          817    .text.HAL_SYSTICK_Config  stm32h7xx_hal_cortex.o
    0x90004394   0x90004394   0x00000004   PAD
    0x90004398   0x90004398   0x00000002   Code   RO           48    .text.HardFault_Handler  stm32h7xx_it.o
    0x9000439a   0x9000439a   0x00000006   PAD
    0x900043a0   0x900043a0   0x000001ee   Code   RO         1907    .text.LCD_Address_Set  lcd_init.o
    0x9000458e   0x9000458e   0x00000002   PAD
    0x90004590   0x90004590   0x000003b8   Code   RO         1885    .text.LCD_DrawChar  lcd.o
    0x90004948   0x90004948   0x0000003c   Code   RO         1887    .text.LCD_DrawString  lcd.o
    0x90004984   0x90004984   0x00000004   PAD
    0x90004988   0x90004988   0x0000007e   Code   RO         1875    .text.LCD_FillRect  lcd.o
    0x90004a06   0x90004a06   0x00000002   PAD
    0x90004a08   0x90004a08   0x000000f6   Code   RO         1871    .text.LCD_Present_Buffer_DMA_IT  lcd.o
    0x90004afe   0x90004afe   0x00000002   PAD
    0x90004b00   0x90004b00   0x00000118   Code   RO         1903    .text.LCD_Write16   lcd_init.o
    0x90004c18   0x90004c18   0x000000ce   Code   RO          127    .text.LL_GPIO_Init  stm32h7xx_ll_gpio.o
    0x90004ce6   0x90004ce6   0x00000002   PAD
    0x90004ce8   0x90004ce8   0x00000180   Code   RO          277    .text.LL_RCC_GetPLL1ClockFreq  stm32h7xx_ll_rcc.o
    0x90004e68   0x90004e68   0x00000180   Code   RO          281    .text.LL_RCC_GetPLL2ClockFreq  stm32h7xx_ll_rcc.o
    0x90004fe8   0x90004fe8   0x0000018c   Code   RO          283    .text.LL_RCC_GetPLL3ClockFreq  stm32h7xx_ll_rcc.o
    0x90005174   0x90005174   0x00000004   PAD
    0x90005178   0x90005178   0x00000224   Code   RO          285    .text.LL_RCC_GetUSARTClockFreq  stm32h7xx_ll_rcc.o
    0x9000539c   0x9000539c   0x00000004   PAD
    0x900053a0   0x900053a0   0x0000009c   Code   RO         1578    .text.LL_SPI_Init   stm32h7xx_ll_spi.o
    0x9000543c   0x9000543c   0x00000004   PAD
    0x90005440   0x90005440   0x0000000c   Code   RO          334    .text.LL_SetSystemCoreClock  stm32h7xx_ll_utils.o
    0x9000544c   0x9000544c   0x00000004   PAD
    0x90005450   0x90005450   0x00000170   Code   RO         1602    .text.LL_USART_Init  stm32h7xx_ll_usart.o
    0x900055c0   0x900055c0   0x0000004c   Code   RO          332    .text.LL_mDelay     stm32h7xx_ll_utils.o
    0x9000560c   0x9000560c   0x00000004   PAD
    0x90005610   0x90005610   0x00001e96   Code   RO         1909    .text.Lcd_Init      lcd_init.o
    0x900074a6   0x900074a6   0x00000002   PAD
    0x900074a8   0x900074a8   0x00000002   Code   RO           50    .text.MemManage_Handler  stm32h7xx_it.o
    0x900074aa   0x900074aa   0x00000006   PAD
    0x900074b0   0x900074b0   0x00000002   Code   RO           46    .text.NMI_Handler   stm32h7xx_it.o
    0x900074b2   0x900074b2   0x00000006   PAD
    0x900074b8   0x900074b8   0x0000000c   Code   RO           68    .text.OTG_FS_IRQHandler  stm32h7xx_it.o
    0x900074c4   0x900074c4   0x00000004   PAD
    0x900074c8   0x900074c8   0x00000002   Code   RO           60    .text.PendSV_Handler  stm32h7xx_it.o
    0x900074ca   0x900074ca   0x00000006   PAD
    0x900074d0   0x900074d0   0x000000e0   Code   RO           17    .text.PeriphCommonClock_Config  main.o
    0x900075b0   0x900075b0   0x0000006c   Code   RO         2244    .text.SEGGER_RTT_Init  segger_rtt.o
    0x9000761c   0x9000761c   0x00000004   PAD
    0x90007620   0x90007620   0x000001c2   Code   RO         2246    .text.SEGGER_RTT_SetTerminal  segger_rtt.o
    0x900077e2   0x900077e2   0x00000006   PAD
    0x900077e8   0x900077e8   0x0000009e   Code   RO         2208    .text.SEGGER_RTT_Write  segger_rtt.o
    0x90007886   0x90007886   0x00000002   PAD
    0x90007888   0x90007888   0x00000176   Code   RO         2206    .text.SEGGER_RTT_WriteNoLock  segger_rtt.o
    0x900079fe   0x900079fe   0x00000002   PAD
    0x90007a00   0x90007a00   0x0000001e   Code   RO         2267    .text.SEGGER_RTT_printf  segger_rtt_printf.o
    0x90007a1e   0x90007a1e   0x00000002   PAD
    0x90007a20   0x90007a20   0x000005ec   Code   RO         2263    .text.SEGGER_RTT_vprintf  segger_rtt_printf.o
    0x9000800c   0x9000800c   0x00000004   PAD
    0x90008010   0x90008010   0x00000030   Code   RO           66    .text.SPI1_IRQHandler  stm32h7xx_it.o
    0x90008040   0x90008040   0x00000002   Code   RO           56    .text.SVC_Handler   stm32h7xx_it.o
    0x90008042   0x90008042   0x00000006   PAD
    0x90008048   0x90008048   0x00000004   Code   RO           62    .text.SysTick_Handler  stm32h7xx_it.o
    0x9000804c   0x9000804c   0x00000004   PAD
    0x90008050   0x90008050   0x000001de   Code   RO           15    .text.SystemClock_Config  main.o
    0x9000822e   0x9000822e   0x00000002   PAD
    0x90008230   0x90008230   0x000000cc   Code   RO         1824    .text.SystemInit    system_stm32h7xx.o
    0x900082fc   0x900082fc   0x00000004   PAD
    0x90008300   0x90008300   0x00000020   Code   RO         1863    .text.TSG_INIT      tools.o
    0x90008320   0x90008320   0x00000072   Code   RO         1944    .text.USBD_CDC_DataIn  usbd_cdc.o
    0x90008392   0x90008392   0x00000006   PAD
    0x90008398   0x90008398   0x0000003c   Code   RO         1946    .text.USBD_CDC_DataOut  usbd_cdc.o
    0x900083d4   0x900083d4   0x00000004   PAD
    0x900083d8   0x900083d8   0x0000005a   Code   RO         1938    .text.USBD_CDC_DeInit  usbd_cdc.o
    0x90008432   0x90008432   0x00000006   PAD
    0x90008438   0x90008438   0x0000003a   Code   RO         1942    .text.USBD_CDC_EP0_RxReady  usbd_cdc.o
    0x90008472   0x90008472   0x00000006   PAD
    0x90008478   0x90008478   0x00000010   Code   RO         1954    .text.USBD_CDC_GetDeviceQualifierDescriptor  usbd_cdc.o
    0x90008488   0x90008488   0x00000052   Code   RO         1950    .text.USBD_CDC_GetFSCfgDesc  usbd_cdc.o
    0x900084da   0x900084da   0x00000006   PAD
    0x900084e0   0x900084e0   0x00000056   Code   RO         1948    .text.USBD_CDC_GetHSCfgDesc  usbd_cdc.o
    0x90008536   0x90008536   0x00000002   PAD
    0x90008538   0x90008538   0x00000052   Code   RO         1952    .text.USBD_CDC_GetOtherSpeedCfgDesc  usbd_cdc.o
    0x9000858a   0x9000858a   0x00000006   PAD
    0x90008590   0x90008590   0x000000d6   Code   RO         1936    .text.USBD_CDC_Init  usbd_cdc.o
    0x90008666   0x90008666   0x00000002   PAD
    0x90008668   0x90008668   0x00000016   Code   RO         1956    .text.USBD_CDC_RegisterInterface  usbd_cdc.o
    0x9000867e   0x9000867e   0x00000002   PAD
    0x90008680   0x90008680   0x0000001a   Code   RO         1960    .text.USBD_CDC_SetRxBuffer  usbd_cdc.o
    0x9000869a   0x9000869a   0x00000006   PAD
    0x900086a0   0x900086a0   0x0000001e   Code   RO         1958    .text.USBD_CDC_SetTxBuffer  usbd_cdc.o
    0x900086be   0x900086be   0x00000002   PAD
    0x900086c0   0x900086c0   0x000000f2   Code   RO         1940    .text.USBD_CDC_Setup  usbd_cdc.o
    0x900087b2   0x900087b2   0x00000006   PAD
    0x900087b8   0x900087b8   0x00000012   Code   RO         2088    .text.USBD_ClrClassConfig  usbd_core.o
    0x900087ca   0x900087ca   0x00000006   PAD
    0x900087d0   0x900087d0   0x00000004   Code   RO         2096    .text.USBD_CoreFindEP  usbd_core.o
    0x900087d4   0x900087d4   0x00000004   PAD
    0x900087d8   0x900087d8   0x00000004   Code   RO         2094    .text.USBD_CoreFindIF  usbd_core.o
    0x900087dc   0x900087dc   0x00000004   PAD
    0x900087e0   0x900087e0   0x00000010   Code   RO         2184    .text.USBD_CtlContinueRx  usbd_ioreq.o
    0x900087f0   0x900087f0   0x00000010   Code   RO         2180    .text.USBD_CtlContinueSendData  usbd_ioreq.o
    0x90008800   0x90008800   0x00000016   Code   RO         2132    .text.USBD_CtlError  usbd_ctlreq.o
    0x90008816   0x90008816   0x00000002   PAD
    0x90008818   0x90008818   0x0000001e   Code   RO         2182    .text.USBD_CtlPrepareRx  usbd_ioreq.o
    0x90008836   0x90008836   0x00000002   PAD
    0x90008838   0x90008838   0x00000016   Code   RO         2188    .text.USBD_CtlReceiveStatus  usbd_ioreq.o
    0x9000884e   0x9000884e   0x00000002   PAD
    0x90008850   0x90008850   0x0000001a   Code   RO         2178    .text.USBD_CtlSendData  usbd_ioreq.o
    0x9000886a   0x9000886a   0x00000006   PAD
    0x90008870   0x90008870   0x00000016   Code   RO         2186    .text.USBD_CtlSendStatus  usbd_ioreq.o
    0x90008886   0x90008886   0x00000002   PAD
    0x90008888   0x90008888   0x00000044   Code   RO         2118    .text.USBD_GetEpDesc  usbd_core.o
    0x900088cc   0x900088cc   0x00000004   PAD
    0x900088d0   0x900088d0   0x0000010c   Code   RO         2140    .text.USBD_GetString  usbd_ctlreq.o
    0x900089dc   0x900089dc   0x00000004   PAD
    0x900089e0   0x900089e0   0x00000028   Code   RO         2074    .text.USBD_Init     usbd_core.o
    0x90008a08   0x90008a08   0x0000000e   Code   RO         2046    .text.USBD_LL_ClearStallEP  usbd_conf.o
    0x90008a16   0x90008a16   0x00000002   PAD
    0x90008a18   0x90008a18   0x0000000e   Code   RO         2040    .text.USBD_LL_CloseEP  usbd_conf.o
    0x90008a26   0x90008a26   0x00000002   PAD
    0x90008a28   0x90008a28   0x000000b6   Code   RO         2098    .text.USBD_LL_DataInStage  usbd_core.o
    0x90008ade   0x90008ade   0x00000002   PAD
    0x90008ae0   0x90008ae0   0x00000076   Code   RO         2092    .text.USBD_LL_DataOutStage  usbd_core.o
    0x90008b56   0x90008b56   0x00000002   PAD
    0x90008b58   0x90008b58   0x00000004   Code   RO         2114    .text.USBD_LL_DevConnected  usbd_core.o
    0x90008b5c   0x90008b5c   0x00000004   PAD
    0x90008b60   0x90008b60   0x00000020   Code   RO         2116    .text.USBD_LL_DevDisconnected  usbd_core.o
    0x90008b80   0x90008b80   0x00000008   Code   RO         2056    .text.USBD_LL_GetRxDataSize  usbd_conf.o
    0x90008b88   0x90008b88   0x00000050   Code   RO         2030    .text.USBD_LL_Init  usbd_conf.o
    0x90008bd8   0x90008bd8   0x00000020   Code   RO         2048    .text.USBD_LL_IsStallEP  usbd_conf.o
    0x90008bf8   0x90008bf8   0x00000026   Code   RO         2110    .text.USBD_LL_IsoINIncomplete  usbd_core.o
    0x90008c1e   0x90008c1e   0x00000002   PAD
    0x90008c20   0x90008c20   0x00000026   Code   RO         2112    .text.USBD_LL_IsoOUTIncomplete  usbd_core.o
    0x90008c46   0x90008c46   0x00000002   PAD
    0x90008c48   0x90008c48   0x00000014   Code   RO         2038    .text.USBD_LL_OpenEP  usbd_conf.o
    0x90008c5c   0x90008c5c   0x00000004   PAD
    0x90008c60   0x90008c60   0x0000000e   Code   RO         2054    .text.USBD_LL_PrepareReceive  usbd_conf.o
    0x90008c6e   0x90008c6e   0x00000002   PAD
    0x90008c70   0x90008c70   0x00000064   Code   RO         2100    .text.USBD_LL_Reset  usbd_core.o
    0x90008cd4   0x90008cd4   0x00000004   PAD
    0x90008cd8   0x90008cd8   0x00000014   Code   RO         2106    .text.USBD_LL_Resume  usbd_core.o
    0x90008cec   0x90008cec   0x00000004   PAD
    0x90008cf0   0x90008cf0   0x0000001a   Code   RO         2108    .text.USBD_LL_SOF   usbd_core.o
    0x90008d0a   0x90008d0a   0x00000006   PAD
    0x90008d10   0x90008d10   0x00000008   Code   RO         2102    .text.USBD_LL_SetSpeed  usbd_core.o
    0x90008d18   0x90008d18   0x0000000e   Code   RO         2050    .text.USBD_LL_SetUSBAddress  usbd_conf.o
    0x90008d26   0x90008d26   0x00000002   PAD
    0x90008d28   0x90008d28   0x00000060   Code   RO         2090    .text.USBD_LL_SetupStage  usbd_core.o
    0x90008d88   0x90008d88   0x0000000e   Code   RO         2044    .text.USBD_LL_StallEP  usbd_conf.o
    0x90008d96   0x90008d96   0x00000002   PAD
    0x90008d98   0x90008d98   0x0000000e   Code   RO         2034    .text.USBD_LL_Start  usbd_conf.o
    0x90008da6   0x90008da6   0x00000002   PAD
    0x90008da8   0x90008da8   0x0000001c   Code   RO         2104    .text.USBD_LL_Suspend  usbd_core.o
    0x90008dc4   0x90008dc4   0x00000004   PAD
    0x90008dc8   0x90008dc8   0x0000001e   Code   RO         2052    .text.USBD_LL_Transmit  usbd_conf.o
    0x90008de6   0x90008de6   0x00000002   PAD
    0x90008de8   0x90008de8   0x00000016   Code   RO         2138    .text.USBD_ParseSetupRequest  usbd_ctlreq.o
    0x90008dfe   0x90008dfe   0x00000002   PAD
    0x90008e00   0x90008e00   0x00000044   Code   RO         2078    .text.USBD_RegisterClass  usbd_core.o
    0x90008e44   0x90008e44   0x00000004   PAD
    0x90008e48   0x90008e48   0x0000000e   Code   RO         2086    .text.USBD_SetClassConfig  usbd_core.o
    0x90008e56   0x90008e56   0x00000002   PAD
    0x90008e58   0x90008e58   0x00000004   Code   RO         2080    .text.USBD_Start    usbd_core.o
    0x90008e5c   0x90008e5c   0x00000004   PAD
    0x90008e60   0x90008e60   0x00000366   Code   RO         2130    .text.USBD_StdDevReq  usbd_ctlreq.o
    0x900091c6   0x900091c6   0x00000002   PAD
    0x900091c8   0x900091c8   0x00000194   Code   RO         2136    .text.USBD_StdEPReq  usbd_ctlreq.o
    0x9000935c   0x9000935c   0x00000004   PAD
    0x90009360   0x90009360   0x00000094   Code   RO         2134    .text.USBD_StdItfReq  usbd_ctlreq.o
    0x900093f4   0x900093f4   0x00000004   PAD
    0x900093f8   0x900093f8   0x00000024   Code   RO         2161    .text.USBD_VCP_ConfigStrDescriptor  usbd_desc.o
    0x9000941c   0x9000941c   0x00000004   PAD
    0x90009420   0x90009420   0x0000000e   Code   RO         2151    .text.USBD_VCP_DeviceDescriptor  usbd_desc.o
    0x9000942e   0x9000942e   0x00000002   PAD
    0x90009430   0x90009430   0x00000028   Code   RO         2163    .text.USBD_VCP_InterfaceStrDescriptor  usbd_desc.o
    0x90009458   0x90009458   0x0000000e   Code   RO         2153    .text.USBD_VCP_LangIDStrDescriptor  usbd_desc.o
    0x90009466   0x90009466   0x00000002   PAD
    0x90009468   0x90009468   0x0000002c   Code   RO         2155    .text.USBD_VCP_ManufacturerStrDescriptor  usbd_desc.o
    0x90009494   0x90009494   0x00000004   PAD
    0x90009498   0x90009498   0x0000006c   Code   RO         2157    .text.USBD_VCP_ProductStrDescriptor  usbd_desc.o
    0x90009504   0x90009504   0x00000004   PAD
    0x90009508   0x90009508   0x00000030   Code   RO         2159    .text.USBD_VCP_SerialStrDescriptor  usbd_desc.o
    0x90009538   0x90009538   0x00000002   Code   RO         2060    .text.USBD_static_free  usbd_conf.o
    0x9000953a   0x9000953a   0x00000006   PAD
    0x90009540   0x90009540   0x0000000a   Code   RO         2058    .text.USBD_static_malloc  usbd_conf.o
    0x9000954a   0x9000954a   0x00000006   PAD
    0x90009550   0x90009550   0x00000092   Code   RO         1742    .text.USB_ActivateEndpoint  stm32h7xx_ll_usb.o
    0x900095e2   0x900095e2   0x00000006   PAD
    0x900095e8   0x900095e8   0x00000020   Code   RO         1784    .text.USB_ActivateSetup  stm32h7xx_ll_usb.o
    0x90009608   0x90009608   0x0000022c   Code   RO         1720    .text.USB_CoreInit  stm32h7xx_ll_usb.o
    0x90009834   0x90009834   0x00000004   PAD
    0x90009838   0x90009838   0x0000008e   Code   RO         1746    .text.USB_DeactivateEndpoint  stm32h7xx_ll_usb.o
    0x900098c6   0x900098c6   0x00000002   PAD
    0x900098c8   0x900098c8   0x0000001e   Code   RO         1766    .text.USB_DevConnect  stm32h7xx_ll_usb.o
    0x900098e6   0x900098e6   0x00000002   PAD
    0x900098e8   0x900098e8   0x0000001e   Code   RO         1768    .text.USB_DevDisconnect  stm32h7xx_ll_usb.o
    0x90009906   0x90009906   0x00000002   PAD
    0x90009908   0x90009908   0x00000466   Code   RO         1732    .text.USB_DevInit   stm32h7xx_ll_usb.o
    0x90009d6e   0x90009d6e   0x00000002   PAD
    0x90009d70   0x90009d70   0x0000000e   Code   RO         1726    .text.USB_DisableGlobalInt  stm32h7xx_ll_usb.o
    0x90009d7e   0x90009d7e   0x00000002   PAD
    0x90009d80   0x90009d80   0x0000005a   Code   RO         1786    .text.USB_EP0_OutStart  stm32h7xx_ll_usb.o
    0x90009dda   0x90009dda   0x00000006   PAD
    0x90009de0   0x90009de0   0x00000050   Code   RO         1760    .text.USB_EPClearStall  stm32h7xx_ll_usb.o
    0x90009e30   0x90009e30   0x0000004a   Code   RO         1758    .text.USB_EPSetStall  stm32h7xx_ll_usb.o
    0x90009e7a   0x90009e7a   0x00000006   PAD
    0x90009e80   0x90009e80   0x00000240   Code   RO         1750    .text.USB_EPStartXfer  stm32h7xx_ll_usb.o
    0x9000a0c0   0x9000a0c0   0x0000010a   Code   RO         1754    .text.USB_EPStopXfer  stm32h7xx_ll_usb.o
    0x9000a1ca   0x9000a1ca   0x00000006   PAD
    0x9000a1d0   0x9000a1d0   0x0000000e   Code   RO         1724    .text.USB_EnableGlobalInt  stm32h7xx_ll_usb.o
    0x9000a1de   0x9000a1de   0x00000002   PAD
    0x9000a1e0   0x9000a1e0   0x000000c0   Code   RO         1736    .text.USB_FlushTxFifo  stm32h7xx_ll_usb.o
    0x9000a2a0   0x9000a2a0   0x0000001c   Code   RO         1740    .text.USB_GetDevSpeed  stm32h7xx_ll_usb.o
    0x9000a2bc   0x9000a2bc   0x00000004   PAD
    0x9000a2c0   0x9000a2c0   0x00000008   Code   RO         1730    .text.USB_GetMode   stm32h7xx_ll_usb.o
    0x9000a2c8   0x9000a2c8   0x0000000e   Code   RO         1776    .text.USB_ReadDevAllInEpInterrupt  stm32h7xx_ll_usb.o
    0x9000a2d6   0x9000a2d6   0x00000002   PAD
    0x9000a2d8   0x9000a2d8   0x0000000e   Code   RO         1774    .text.USB_ReadDevAllOutEpInterrupt  stm32h7xx_ll_usb.o
    0x9000a2e6   0x9000a2e6   0x00000002   PAD
    0x9000a2e8   0x9000a2e8   0x00000024   Code   RO         1780    .text.USB_ReadDevInEPInterrupt  stm32h7xx_ll_usb.o
    0x9000a30c   0x9000a30c   0x00000004   PAD
    0x9000a310   0x9000a310   0x00000010   Code   RO         1778    .text.USB_ReadDevOutEPInterrupt  stm32h7xx_ll_usb.o
    0x9000a320   0x9000a320   0x00000008   Code   RO         1770    .text.USB_ReadInterrupts  stm32h7xx_ll_usb.o
    0x9000a328   0x9000a328   0x000000b6   Code   RO         1756    .text.USB_ReadPacket  stm32h7xx_ll_usb.o
    0x9000a3de   0x9000a3de   0x00000002   PAD
    0x9000a3e0   0x9000a3e0   0x00000066   Code   RO         1728    .text.USB_SetCurrentMode  stm32h7xx_ll_usb.o
    0x9000a446   0x9000a446   0x00000002   PAD
    0x9000a448   0x9000a448   0x00000022   Code   RO         1764    .text.USB_SetDevAddress  stm32h7xx_ll_usb.o
    0x9000a46a   0x9000a46a   0x00000006   PAD
    0x9000a470   0x9000a470   0x00000116   Code   RO         1722    .text.USB_SetTurnaroundTime  stm32h7xx_ll_usb.o
    0x9000a586   0x9000a586   0x00000002   PAD
    0x9000a588   0x9000a588   0x00000080   Code   RO         1752    .text.USB_WritePacket  stm32h7xx_ll_usb.o
    0x9000a608   0x9000a608   0x00000002   Code   RO           54    .text.UsageFault_Handler  stm32h7xx_it.o
    0x9000a60a   0x9000a60a   0x00000006   PAD
    0x9000a610   0x9000a610   0x000001b0   Code   RO         2265    .text._PrintUnsigned  segger_rtt_printf.o
    0x9000a7c0   0x9000a7c0   0x0000003c   Code   RO         1919    .text.keyboardPollevent  keyboard.o
    0x9000a7fc   0x9000a7fc   0x00000004   PAD
    0x9000a800   0x9000a800   0x00000016   Code   RO         1921    .text.keyboard_event_over  keyboard.o
    0x9000a816   0x9000a816   0x00000002   PAD
    0x9000a818   0x9000a818   0x000001e8   Code   RO         1923    .text.keyboard_scan  keyboard.o
    0x9000aa00   0x9000aa00   0x00000d74   Code   RO           13    .text.main          main.o
    0x9000b774   0x9000b774   0x0000003e   Code   RO         2452    CL$$btod_d2e        c_w.l(btod.o)
    0x9000b7b2   0x9000b7b2   0x00000046   Code   RO         2454    CL$$btod_d2e_denorm_low  c_w.l(btod.o)
    0x9000b7f8   0x9000b7f8   0x00000060   Code   RO         2453    CL$$btod_d2e_norm_op1  c_w.l(btod.o)
    0x9000b858   0x9000b858   0x00000338   Code   RO         2462    CL$$btod_div_common  c_w.l(btod.o)
    0x9000bb90   0x9000bb90   0x000000dc   Code   RO         2459    CL$$btod_e2e        c_w.l(btod.o)
    0x9000bc6c   0x9000bc6c   0x0000002a   Code   RO         2456    CL$$btod_ediv       c_w.l(btod.o)
    0x9000bc96   0x9000bc96   0x0000002a   Code   RO         2455    CL$$btod_emul       c_w.l(btod.o)
    0x9000bcc0   0x9000bcc0   0x00000244   Code   RO         2461    CL$$btod_mult_common  c_w.l(btod.o)
    0x9000bf04   0x9000bf04   0x00000030   Code   RO         2482    i.__ARM_fpclassify  m_wv.l(fpclassify.o)
    0x9000bf34   0x9000bf34   0x0000002c   Code   RO         2477    locale$$code        c_w.l(lc_numeric_c.o)
    0x9000bf60   0x9000bf60   0x0000001a   Code   RO         2552    x$fpl$fpinit        fz_wv.l(fpinit.o)
    0x9000bf7a   0x9000bf7a   0x00000004   Code   RO         2409    x$fpl$printf1       fz_wv.l(printf1.o)
    0x9000bf7e   0x9000bf7e   0x00000000   Code   RO         2481    x$fpl$usenofp       fz_wv.l(usenofp.o)
    0x9000bf7e   0x9000bf7e   0x00000002   PAD
    0x9000bf80   0x9000bf80   0x00000094   Data   RO         2450    .constdata          c_w.l(bigflt0.o)
    0x9000c014   0x9000c014   0x00000010   Data   RO         1828    .rodata.D1CorePrescTable  system_stm32h7xx.o
    0x9000c024   0x9000c024   0x00000010   Data   RO          321    .rodata.LL_RCC_PrescTable  stm32h7xx_ll_rcc.o
    0x9000c034   0x9000c034   0x00000474   Data   RO           23    .rodata.ascii_1206  main.o
    0x9000c4a8   0x9000c4a8   0x000005f0   Data   RO           24    .rodata.ascii_1608  main.o
    0x9000ca98   0x9000ca98   0x000011d0   Data   RO           25    .rodata.ascii_2412  main.o
    0x9000dc68   0x9000dc68   0x000017c0   Data   RO           26    .rodata.ascii_3216  main.o
    0x9000f428   0x9000f428   0x00000010   Data   RO         2251    .rodata.cst16       segger_rtt.o
    0x9000f438   0x9000f438   0x00000040   Data   RO           34    .rodata.str1.1      main.o
    0x9000f478   0x9000f478   0x00000009   Data   RO         2252    .rodata.str1.1      segger_rtt.o
    0x9000f481   0x9000f481   0x00000003   PAD
    0x9000f484   0x9000f484   0x00000020   Data   RO         2634    Region$$Table       anon$$obj.o
    0x9000f4a4   0x9000f4a4   0x0000001c   Data   RO         2476    locale$$data        c_w.l(lc_numeric_c.o)


    Execution Region SDRAM (Exec base: 0xd0000000, Load base: 0x9000f5c0, Size: 0x00041a00, Max: 0x04000000, ABSOLUTE, UNINIT)

    Exec Addr    Load Addr    Size         Type   Attr      Idx    E Section Name        Object

    0xd0000000        -       0x00041a00   Zero   RW         1889    .bss.SDRAM          lcd.o


==============================================================================

Image component sizes


      Code (inc. data)   RO Data    RW Data    ZI Data      Debug   Object Name

       570          0          0         72        148       4498   keyboard.o
      1384          0          0          0     268812      14746   lcd.o
      8604          0          0          0          0      49903   lcd_init.o
      4146        124      13364          0      14332      39442   main.o
      1090          0         25          0       1209      24220   segger_rtt.o
      1978        198          0          0          0       7586   segger_rtt_printf.o
        64         26        664          0       8192        836   startup_stm32h750xx.o
       356          0          0          8          4      14623   stm32h7xx_hal.o
      3492         12          0          0          0      26799   stm32h7xx_hal_adc.o
        10          0          0          0          0      29312   stm32h7xx_hal_adc_ex.o
       354          0          0          0          0      12329   stm32h7xx_hal_cortex.o
       482          0          0          0          0       7155   stm32h7xx_hal_gpio.o
       470          0          0          0          1      15348   stm32h7xx_hal_msp.o
      3804          0          0          0          0      16466   stm32h7xx_hal_pcd.o
       194          0          0          0          0       6085   stm32h7xx_hal_pcd_ex.o
       556         16          0          0          0      11671   stm32h7xx_hal_rcc.o
      2440        114          0          0          0      20796   stm32h7xx_hal_rcc_ex.o
       196          0          0          0          0      13790   stm32h7xx_hal_sdram.o
       216          0          0          0         17       7039   stm32h7xx_it.o
       420          0          0          0          0       8760   stm32h7xx_ll_fmc.o
       206          0          0          0          0       4585   stm32h7xx_ll_gpio.o
      1712         32         16          0          0      35119   stm32h7xx_ll_rcc.o
       156          0          0          0          0       8821   stm32h7xx_ll_spi.o
       368         48          0          0          0       7606   stm32h7xx_ll_usart.o
      4216          0          0          0          0      31356   stm32h7xx_ll_usb.o
        88          0          0          0          0      13474   stm32h7xx_ll_utils.o
       204          0         16          8          0       5873   system_stm32h7xx.o
        32          0          0          0          0        419   tools.o
      1122         12          0        133          0      11514   usbd_cdc.o
       216          0          0         28       4096       4754   usbd_cdc_interface.o
       524          0          0          0       1796      16373   usbd_conf.o
       910          0          0          0          0       9595   usbd_core.o
      1734         30          0          0          1      10091   usbd_ctlreq.o
       304        120          0         76         64       3325   usbd_desc.o
       132          0          0          0          0       4397   usbd_ioreq.o

    ----------------------------------------------------------------------
     43372        748      14120        332     298684     498706   Object Totals
         0          0         32          0          0          0   (incl. Generated)
       622         16          3          7         12          0   (incl. Padding)

    ----------------------------------------------------------------------

      Code (inc. data)   RO Data    RW Data    ZI Data      Debug   Library Member Name

        58          0          0          0          0          0   __dczerorl.o
         8          0          0          0          0         68   __main.o
       184          0          0          0          0         84   __printf_ss.o
         0          0          0          0          0          0   __rtentry.o
        12          0          0          0          0          0   __rtentry2.o
         6          0          0          0          0          0   __rtentry4.o
        52          8          0          0          0          0   __scatter.o
        28          0          0          0          0          0   __scatter_zi.o
        48          6          0          0          0         96   _printf_char_common.o
       120         16          0          0          0         92   _printf_dec.o
         6          0          0          0          0          0   _printf_f.o
      1052          0          0          0          0        148   _printf_fp_dec.o
       128         16          0          0          0         84   _printf_fp_infnan.o
       178          0          0          0          0         88   _printf_intcommon.o
         0          0          0          0          0          0   _printf_percent.o
         4          0          0          0          0          0   _printf_percent_end.o
         6          0          0          0          0          0   _printf_u.o
        10          0          0          0          0         68   _sputc.o
       228          4        148          0          0         96   bigflt0.o
      1936        128          0          0          0        672   btod.o
        18          0          0          0          0         80   exit.o
         6          0          0          0          0        152   heapauxi.o
         0          0          0          0          0          0   indicate_semi.o
        44         10         28          0          0         76   lc_numeric_c.o
         2          0          0          0          0          0   libinit.o
        22          0          0          0          0          0   libinit2.o
         2          0          0          0          0          0   libshutdown.o
         2          0          0          0          0          0   libshutdown2.o
         8          4          0          0         96         68   libspace.o
       138          0          0          0          0         80   lludiv10.o
        40          6          0          0          0         84   noretval__2sprintf.o
         8          4          0          0          0         68   rt_locale_intlibspace.o
        78          0          0          0          0         80   rt_memclr_w.o
       138          0          0          0          0         68   rt_memcpy_v6.o
       100          0          0          0          0         80   rt_memcpy_w.o
         2          0          0          0          0          0   rtexit.o
        10          0          0          0          0          0   rtexit2.o
       124          0          0          0          0         88   strcmpv7m_pel.o
        12          4          0          0          0         68   sys_exit.o
        74          0          0          0          0         80   sys_stackheap_outer.o
         2          0          0          0          0         68   use_no_semi.o
        26          0          0          0          0        116   fpinit.o
         4          0          0          0          0        116   printf1.o
         0          0          0          0          0          0   usenofp.o
        48          0          0          0          0        124   fpclassify.o

    ----------------------------------------------------------------------
      4988        206        176          0         96       2992   Library Totals
        16          0          0          0          0          0   (incl. Padding)

    ----------------------------------------------------------------------

      Code (inc. data)   RO Data    RW Data    ZI Data      Debug   Library Name

      4894        206        176          0         96       2636   c_w.l
        30          0          0          0          0        232   fz_wv.l
        48          0          0          0          0        124   m_wv.l

    ----------------------------------------------------------------------
      4988        206        176          0         96       2992   Library Totals

    ----------------------------------------------------------------------

==============================================================================


      Code (inc. data)   RO Data    RW Data    ZI Data      Debug   

     48360        954      14296        332     298780     499666   Grand Totals
     48360        954      14296        256     298780     499666   ELF Image Totals (compressed)
     48360        954      14296        256          0          0   ROM Totals

==============================================================================

    Total RO  Size (Code + RO Data)                62656 (  61.19kB)
    Total RW  Size (RW Data + ZI Data)            299112 ( 292.10kB)
    Total ROM Size (Code + RO Data + RW Data)      62912 (  61.44kB)

==============================================================================

