Component: ARM Compiler 6.14 Tool: armlink [5db06800]

==============================================================================

Memory Map of the image

  Image Entry point : 0x90000299

  Load Region LR_qspiflash (Base: 0x90000000, Size: 0x0000fba0, Max: 0x01000000, ABSOLUTE, COMPRESSED[0x0000fb10])

    Execution Region ITCMRAM (Exec base: 0x00000000, Load base: 0x9000fb10, Size: 0x00000000, Max: 0x00010000, ABSOLUTE)

    **** No section assigned to this execution region ****


    Execution Region DTCMRAM_WITHOUT_400 (Exec base: 0x20000400, Load base: 0x9000fa00, Size: 0x00007660, Max: 0x0001fc00, ABSOLUTE, COMPRESSED[0x00000110])

    Exec Addr    Load Addr    Size         Type   Attr      Idx    E Section Name        Object

    0x20000400   COMPRESSED   0x00000008   Data   RW          955    .data..L_MergedGlobals  stm32h7xx_hal.o
    0x20000408   COMPRESSED   0x00000008   Data   RW         1830    .data..L_MergedGlobals  system_stm32h7xx.o
    0x20000410   COMPRESSED   0x00000048   Data   RW         1927    .data..L_MergedGlobals  keyboard.o
    0x20000458   COMPRESSED   0x00000008   Data   RW         1990    .data.LineCoding    usbd_cdc_interface.o
    0x20000460   COMPRESSED   0x00000038   Data   RW         1967    .data.USBD_CDC      usbd_cdc.o
    0x20000498   COMPRESSED   0x00000043   Data   RW         1969    .data.USBD_CDC_CfgDesc  usbd_cdc.o
    0x200004db   COMPRESSED   0x00000001   PAD
    0x200004dc   COMPRESSED   0x0000000a   Data   RW         1968    .data.USBD_CDC_DeviceQualifierDesc  usbd_cdc.o
    0x200004e6   COMPRESSED   0x00000002   PAD
    0x200004e8   COMPRESSED   0x00000014   Data   RW         1994    .data.USBD_CDC_fops  usbd_cdc_interface.o
    0x200004fc   COMPRESSED   0x00000012   Data   RW         2167    .data.USBD_DeviceDesc  usbd_desc.o
    0x2000050e   COMPRESSED   0x00000002   PAD
    0x20000510   COMPRESSED   0x00000004   Data   RW         2168    .data.USBD_LangIDDesc  usbd_desc.o
    0x20000514   COMPRESSED   0x0000001a   Data   RW         2169    .data.USBD_StringSerial  usbd_desc.o
    0x2000052e   COMPRESSED   0x00000002   PAD
    0x20000530   COMPRESSED   0x0000001c   Data   RW         2166    .data.VCP_Desc      usbd_desc.o
    0x2000054c   COMPRESSED   0x00000020   Data   RW           27    .data.ctx           main.o
    0x2000056c   COMPRESSED   0x00000030   Data   RW         2284    .data.desktop_activity  desktop.o
    0x2000059c   COMPRESSED   0x00000004   PAD
    0x200005a0        -       0x00000060   Zero   RW         2490    .bss                c_w.l(libspace.o)
    0x20000600        -       0x00000064   Zero   RW           37    .bss..L_MergedGlobals  main.o
    0x20000664        -       0x0000000c   Zero   RW         1891    .bss..L_MergedGlobals  lcd.o
    0x20000670        -       0x00000011   Zero   RW         2255    .bss..L_MergedGlobals  segger_rtt.o
    0x20000681   COMPRESSED   0x00000003   PAD
    0x20000684        -       0x00000008   Zero   RW         2286    .bss..L_MergedGlobals  desktop.o
    0x2000068c        -       0x00000030   Zero   RW         1928    .bss..L_MergedGlobals.1  keyboard.o
    0x200006bc        -       0x00000001   Zero   RW          102    .bss.FMC_Initialized  stm32h7xx_hal_msp.o
    0x200006bd        -       0x00000001   Zero   RW           75    .bss.HAL_ADC_ConvCpltCallback.index  stm32h7xx_it.o
    0x200006be        -       0x00000001   Zero   RW           74    .bss.SysTick_Handler.counter  stm32h7xx_it.o
    0x200006bf   COMPRESSED   0x00000001   PAD
    0x200006c0        -       0x000002dc   Zero   RW           28    .bss.USBD_Device    main.o
    0x2000099c        -       0x00000001   Zero   RW         2143    .bss.USBD_SetConfig.cfgidx  usbd_ctlreq.o
    0x2000099d   COMPRESSED   0x00000003   PAD
    0x200009a0        -       0x00000040   Zero   RW         2170    .bss.USBD_StrDesc   usbd_desc.o
    0x200009e0        -       0x00000220   Zero   RW         2066    .bss.USBD_static_malloc.mem  usbd_conf.o
    0x20000c00        -       0x00000800   Zero   RW         1995    .bss.UserRxBuffer   usbd_cdc_interface.o
    0x20001400        -       0x00000800   Zero   RW         1996    .bss.UserTxBuffer   usbd_cdc_interface.o
    0x20001c00        -       0x000000a8   Zero   RW         2251    .bss._SEGGER_RTT    segger_rtt.o
    0x20001ca8        -       0x00000400   Zero   RW         2254    .bss._acUpBuffer    segger_rtt.o
    0x200020a8        -       0x00000474   Zero   RW           33    .bss.ascii_1206_    main.o
    0x2000251c        -       0x000005f0   Zero   RW           32    .bss.ascii_1608_    main.o
    0x20002b0c        -       0x000011d0   Zero   RW           31    .bss.ascii_2412_    main.o
    0x20003cdc        -       0x000017c0   Zero   RW           30    .bss.ascii_3216_    main.o
    0x2000549c        -       0x00000064   Zero   RW           29    .bss.hadc3          main.o
    0x20005500        -       0x000004e4   Zero   RW         2065    .bss.hpcd           usbd_conf.o
    0x200059e4        -       0x00000064   Zero   RW         1926    .bss.keyboard_event_buffer  keyboard.o
    0x20005a48        -       0x00000004   Zero   RW           76    .bss.time_stamp_1   stm32h7xx_it.o
    0x20005a4c        -       0x00000004   Zero   RW           78    .bss.time_stamp_2   stm32h7xx_it.o
    0x20005a50        -       0x00000004   Zero   RW           77    .bss.time_stamp_3   stm32h7xx_it.o
    0x20005a54        -       0x00000004   Zero   RW           79    .bss.time_stamp_4   stm32h7xx_it.o
    0x20005a58        -       0x00000004   Zero   RW          954    .bss.uwTick         stm32h7xx_hal.o
    0x20005a5c   COMPRESSED   0x00000004   PAD
    0x20005a60        -       0x00001000   Zero   RW            2    HEAP                startup_stm32h750xx.o
    0x20006a60        -       0x00001000   Zero   RW            1    STACK               startup_stm32h750xx.o


    Execution Region RAM_D1 (Exec base: 0x24000000, Load base: 0x9000fb10, Size: 0x00000000, Max: 0x00080000, ABSOLUTE)

    **** No section assigned to this execution region ****


    Execution Region RAM_D2 (Exec base: 0x30000000, Load base: 0x9000fb10, Size: 0x00000000, Max: 0x00048000, ABSOLUTE)

    **** No section assigned to this execution region ****


    Execution Region RAM_D3 (Exec base: 0x38000000, Load base: 0x9000fb10, Size: 0x00000000, Max: 0x00010000, ABSOLUTE)

    **** No section assigned to this execution region ****


    Execution Region ER_qspiflash (Exec base: 0x90000000, Load base: 0x90000000, Size: 0x0000f9fc, Max: 0x01000000, ABSOLUTE)

    Exec Addr    Load Addr    Size         Type   Attr      Idx    E Section Name        Object

    0x90000000   0x90000000   0x00000298   Data   RO            3    RESET               startup_stm32h750xx.o
    0x90000298   0x90000298   0x00000008   Code   RO         2412  * !!!main             c_w.l(__main.o)
    0x900002a0   0x900002a0   0x00000034   Code   RO         2642    !!!scatter          c_w.l(__scatter.o)
    0x900002d4   0x900002d4   0x0000003a   Code   RO         2640    !!dczerorl          c_w.l(__dczerorl.o)
    0x9000030e   0x9000030e   0x00000002   PAD
    0x90000310   0x90000310   0x0000001c   Code   RO         2644    !!handler_zi        c_w.l(__scatter_zi.o)
    0x9000032c   0x9000032c   0x00000000   Code   RO         2401    .ARM.Collect$$_printf_percent$$00000000  c_w.l(_printf_percent.o)
    0x9000032c   0x9000032c   0x00000006   Code   RO         2400    .ARM.Collect$$_printf_percent$$00000003  c_w.l(_printf_f.o)
    0x90000332   0x90000332   0x00000006   Code   RO         2399    .ARM.Collect$$_printf_percent$$0000000A  c_w.l(_printf_u.o)
    0x90000338   0x90000338   0x00000004   Code   RO         2427    .ARM.Collect$$_printf_percent$$00000017  c_w.l(_printf_percent_end.o)
    0x9000033c   0x9000033c   0x00000002   Code   RO         2505    .ARM.Collect$$libinit$$00000000  c_w.l(libinit.o)
    0x9000033e   0x9000033e   0x00000004   Code   RO         2506    .ARM.Collect$$libinit$$00000001  c_w.l(libinit2.o)
    0x90000342   0x90000342   0x00000000   Code   RO         2509    .ARM.Collect$$libinit$$00000004  c_w.l(libinit2.o)
    0x90000342   0x90000342   0x00000000   Code   RO         2512    .ARM.Collect$$libinit$$0000000A  c_w.l(libinit2.o)
    0x90000342   0x90000342   0x00000000   Code   RO         2514    .ARM.Collect$$libinit$$0000000C  c_w.l(libinit2.o)
    0x90000342   0x90000342   0x00000000   Code   RO         2516    .ARM.Collect$$libinit$$0000000E  c_w.l(libinit2.o)
    0x90000342   0x90000342   0x00000006   Code   RO         2517    .ARM.Collect$$libinit$$0000000F  c_w.l(libinit2.o)
    0x90000348   0x90000348   0x00000000   Code   RO         2519    .ARM.Collect$$libinit$$00000011  c_w.l(libinit2.o)
    0x90000348   0x90000348   0x00000000   Code   RO         2521    .ARM.Collect$$libinit$$00000013  c_w.l(libinit2.o)
    0x90000348   0x90000348   0x00000000   Code   RO         2523    .ARM.Collect$$libinit$$00000015  c_w.l(libinit2.o)
    0x90000348   0x90000348   0x0000000a   Code   RO         2524    .ARM.Collect$$libinit$$00000016  c_w.l(libinit2.o)
    0x90000352   0x90000352   0x00000000   Code   RO         2525    .ARM.Collect$$libinit$$00000017  c_w.l(libinit2.o)
    0x90000352   0x90000352   0x00000000   Code   RO         2527    .ARM.Collect$$libinit$$00000019  c_w.l(libinit2.o)
    0x90000352   0x90000352   0x00000000   Code   RO         2529    .ARM.Collect$$libinit$$0000001B  c_w.l(libinit2.o)
    0x90000352   0x90000352   0x00000000   Code   RO         2531    .ARM.Collect$$libinit$$0000001D  c_w.l(libinit2.o)
    0x90000352   0x90000352   0x00000000   Code   RO         2533    .ARM.Collect$$libinit$$0000001F  c_w.l(libinit2.o)
    0x90000352   0x90000352   0x00000000   Code   RO         2535    .ARM.Collect$$libinit$$00000021  c_w.l(libinit2.o)
    0x90000352   0x90000352   0x00000000   Code   RO         2537    .ARM.Collect$$libinit$$00000023  c_w.l(libinit2.o)
    0x90000352   0x90000352   0x00000000   Code   RO         2539    .ARM.Collect$$libinit$$00000025  c_w.l(libinit2.o)
    0x90000352   0x90000352   0x00000000   Code   RO         2543    .ARM.Collect$$libinit$$0000002C  c_w.l(libinit2.o)
    0x90000352   0x90000352   0x00000000   Code   RO         2545    .ARM.Collect$$libinit$$0000002E  c_w.l(libinit2.o)
    0x90000352   0x90000352   0x00000000   Code   RO         2547    .ARM.Collect$$libinit$$00000030  c_w.l(libinit2.o)
    0x90000352   0x90000352   0x00000000   Code   RO         2549    .ARM.Collect$$libinit$$00000032  c_w.l(libinit2.o)
    0x90000352   0x90000352   0x00000002   Code   RO         2550    .ARM.Collect$$libinit$$00000033  c_w.l(libinit2.o)
    0x90000354   0x90000354   0x00000002   Code   RO         2586    .ARM.Collect$$libshutdown$$00000000  c_w.l(libshutdown.o)
    0x90000356   0x90000356   0x00000000   Code   RO         2597    .ARM.Collect$$libshutdown$$00000002  c_w.l(libshutdown2.o)
    0x90000356   0x90000356   0x00000000   Code   RO         2599    .ARM.Collect$$libshutdown$$00000004  c_w.l(libshutdown2.o)
    0x90000356   0x90000356   0x00000000   Code   RO         2602    .ARM.Collect$$libshutdown$$00000007  c_w.l(libshutdown2.o)
    0x90000356   0x90000356   0x00000000   Code   RO         2605    .ARM.Collect$$libshutdown$$0000000A  c_w.l(libshutdown2.o)
    0x90000356   0x90000356   0x00000000   Code   RO         2607    .ARM.Collect$$libshutdown$$0000000C  c_w.l(libshutdown2.o)
    0x90000356   0x90000356   0x00000000   Code   RO         2610    .ARM.Collect$$libshutdown$$0000000F  c_w.l(libshutdown2.o)
    0x90000356   0x90000356   0x00000002   Code   RO         2611    .ARM.Collect$$libshutdown$$00000010  c_w.l(libshutdown2.o)
    0x90000358   0x90000358   0x00000000   Code   RO         2416    .ARM.Collect$$rtentry$$00000000  c_w.l(__rtentry.o)
    0x90000358   0x90000358   0x00000000   Code   RO         2429    .ARM.Collect$$rtentry$$00000002  c_w.l(__rtentry2.o)
    0x90000358   0x90000358   0x00000006   Code   RO         2441    .ARM.Collect$$rtentry$$00000004  c_w.l(__rtentry4.o)
    0x9000035e   0x9000035e   0x00000000   Code   RO         2431    .ARM.Collect$$rtentry$$00000009  c_w.l(__rtentry2.o)
    0x9000035e   0x9000035e   0x00000004   Code   RO         2432    .ARM.Collect$$rtentry$$0000000A  c_w.l(__rtentry2.o)
    0x90000362   0x90000362   0x00000000   Code   RO         2434    .ARM.Collect$$rtentry$$0000000C  c_w.l(__rtentry2.o)
    0x90000362   0x90000362   0x00000008   Code   RO         2435    .ARM.Collect$$rtentry$$0000000D  c_w.l(__rtentry2.o)
    0x9000036a   0x9000036a   0x00000002   Code   RO         2551    .ARM.Collect$$rtexit$$00000000  c_w.l(rtexit.o)
    0x9000036c   0x9000036c   0x00000000   Code   RO         2560    .ARM.Collect$$rtexit$$00000002  c_w.l(rtexit2.o)
    0x9000036c   0x9000036c   0x00000004   Code   RO         2561    .ARM.Collect$$rtexit$$00000003  c_w.l(rtexit2.o)
    0x90000370   0x90000370   0x00000006   Code   RO         2562    .ARM.Collect$$rtexit$$00000004  c_w.l(rtexit2.o)
    0x90000376   0x90000376   0x00000002   PAD
    0x90000378   0x90000378   0x00000040   Code   RO            4    .text               startup_stm32h750xx.o
    0x900003b8   0x900003b8   0x00000028   Code   RO         2373    .text               c_w.l(noretval__2sprintf.o)
    0x900003e0   0x900003e0   0x00000078   Code   RO         2377    .text               c_w.l(_printf_dec.o)
    0x90000458   0x90000458   0x000000b8   Code   RO         2382    .text               c_w.l(__printf_ss.o)
    0x90000510   0x90000510   0x0000008a   Code   RO         2404    .text               c_w.l(rt_memcpy_v6.o)
    0x9000059a   0x9000059a   0x00000064   Code   RO         2406    .text               c_w.l(rt_memcpy_w.o)
    0x900005fe   0x900005fe   0x0000004e   Code   RO         2408    .text               c_w.l(rt_memclr_w.o)
    0x9000064c   0x9000064c   0x00000006   Code   RO         2410    .text               c_w.l(heapauxi.o)
    0x90000652   0x90000652   0x000000b2   Code   RO         2417    .text               c_w.l(_printf_intcommon.o)
    0x90000704   0x90000704   0x0000041c   Code   RO         2419    .text               c_w.l(_printf_fp_dec.o)
    0x90000b20   0x90000b20   0x00000030   Code   RO         2423    .text               c_w.l(_printf_char_common.o)
    0x90000b50   0x90000b50   0x0000000a   Code   RO         2425    .text               c_w.l(_sputc.o)
    0x90000b5a   0x90000b5a   0x00000002   PAD
    0x90000b5c   0x90000b5c   0x00000008   Code   RO         2446    .text               c_w.l(rt_locale_intlibspace.o)
    0x90000b64   0x90000b64   0x0000008a   Code   RO         2448    .text               c_w.l(lludiv10.o)
    0x90000bee   0x90000bee   0x00000002   PAD
    0x90000bf0   0x90000bf0   0x00000080   Code   RO         2450    .text               c_w.l(_printf_fp_infnan.o)
    0x90000c70   0x90000c70   0x000000e4   Code   RO         2454    .text               c_w.l(bigflt0.o)
    0x90000d54   0x90000d54   0x00000008   Code   RO         2489    .text               c_w.l(libspace.o)
    0x90000d5c   0x90000d5c   0x0000004a   Code   RO         2492    .text               c_w.l(sys_stackheap_outer.o)
    0x90000da6   0x90000da6   0x00000012   Code   RO         2496    .text               c_w.l(exit.o)
    0x90000db8   0x90000db8   0x0000007c   Code   RO         2498    .text               c_w.l(strcmpv7m_pel.o)
    0x90000e34   0x90000e34   0x0000000c   Code   RO         2572    .text               c_w.l(sys_exit.o)
    0x90000e40   0x90000e40   0x00000002   Code   RO         2587    .text               c_w.l(use_no_semi.o)
    0x90000e42   0x90000e42   0x00000000   Code   RO         2589    .text               c_w.l(indicate_semi.o)
    0x90000e42   0x90000e42   0x00000006   PAD
    0x90000e48   0x90000e48   0x0000000c   Code   RO           70    .text.ADC3_IRQHandler  stm32h7xx_it.o
    0x90000e54   0x90000e54   0x00000004   PAD
    0x90000e58   0x90000e58   0x00000122   Code   RO          144    .text.ADC_ConfigureBoostMode  stm32h7xx_hal_adc.o
    0x90000f7a   0x90000f7a   0x00000006   PAD
    0x90000f80   0x90000f80   0x000000ec   Code   RO          148    .text.ADC_ConversionStop  stm32h7xx_hal_adc.o
    0x9000106c   0x9000106c   0x00000004   PAD
    0x90001070   0x90001070   0x0000007c   Code   RO          150    .text.ADC_Disable   stm32h7xx_hal_adc.o
    0x900010ec   0x900010ec   0x00000004   PAD
    0x900010f0   0x900010f0   0x000000b8   Code   RO          156    .text.ADC_Enable    stm32h7xx_hal_adc.o
    0x900011a8   0x900011a8   0x00000002   Code   RO           52    .text.BusFault_Handler  stm32h7xx_it.o
    0x900011aa   0x900011aa   0x00000006   PAD
    0x900011b0   0x900011b0   0x0000004e   Code   RO         1982    .text.CDC_Itf_Control  usbd_cdc_interface.o
    0x900011fe   0x900011fe   0x00000002   PAD
    0x90001200   0x90001200   0x00000004   Code   RO         1980    .text.CDC_Itf_DeInit  usbd_cdc_interface.o
    0x90001204   0x90001204   0x00000004   PAD
    0x90001208   0x90001208   0x0000002c   Code   RO         1978    .text.CDC_Itf_Init  usbd_cdc_interface.o
    0x90001234   0x90001234   0x00000004   PAD
    0x90001238   0x90001238   0x00000056   Code   RO         1984    .text.CDC_Itf_Receive  usbd_cdc_interface.o
    0x9000128e   0x9000128e   0x00000002   PAD
    0x90001290   0x90001290   0x00000004   Code   RO         1986    .text.CDC_TransmitCplt  usbd_cdc_interface.o
    0x90001294   0x90001294   0x00000004   PAD
    0x90001298   0x90001298   0x00000046   Code   RO           64    .text.DMA1_Stream0_IRQHandler  stm32h7xx_it.o
    0x900012de   0x900012de   0x00000002   PAD
    0x900012e0   0x900012e0   0x00000002   Code   RO           58    .text.DebugMon_Handler  stm32h7xx_it.o
    0x900012e2   0x900012e2   0x00000006   PAD
    0x900012e8   0x900012e8   0x0000008e   Code   RO         1199    .text.FMC_SDRAM_Init  stm32h7xx_ll_fmc.o
    0x90001376   0x90001376   0x00000002   PAD
    0x90001378   0x90001378   0x00000016   Code   RO         1211    .text.FMC_SDRAM_ProgramRefreshRate  stm32h7xx_ll_fmc.o
    0x9000138e   0x9000138e   0x00000002   PAD
    0x90001390   0x90001390   0x0000002e   Code   RO         1209    .text.FMC_SDRAM_SendCommand  stm32h7xx_ll_fmc.o
    0x900013be   0x900013be   0x00000002   PAD
    0x900013c0   0x900013c0   0x000000d2   Code   RO         1201    .text.FMC_SDRAM_Timing_Init  stm32h7xx_ll_fmc.o
    0x90001492   0x90001492   0x00000006   PAD
    0x90001498   0x90001498   0x00000002   Code   RO          244    .text.HAL_ADCEx_EndOfSamplingCallback  stm32h7xx_hal_adc_ex.o
    0x9000149a   0x9000149a   0x00000006   PAD
    0x900014a0   0x900014a0   0x00000002   Code   RO          236    .text.HAL_ADCEx_InjectedConvCpltCallback  stm32h7xx_hal_adc_ex.o
    0x900014a2   0x900014a2   0x00000006   PAD
    0x900014a8   0x900014a8   0x00000002   Code   RO          238    .text.HAL_ADCEx_InjectedQueueOverflowCallback  stm32h7xx_hal_adc_ex.o
    0x900014aa   0x900014aa   0x00000006   PAD
    0x900014b0   0x900014b0   0x00000002   Code   RO          240    .text.HAL_ADCEx_LevelOutOfWindow2Callback  stm32h7xx_hal_adc_ex.o
    0x900014b2   0x900014b2   0x00000006   PAD
    0x900014b8   0x900014b8   0x00000002   Code   RO          242    .text.HAL_ADCEx_LevelOutOfWindow3Callback  stm32h7xx_hal_adc_ex.o
    0x900014ba   0x900014ba   0x00000006   PAD
    0x900014c0   0x900014c0   0x000003e2   Code   RO          190    .text.HAL_ADC_ConfigChannel  stm32h7xx_hal_adc.o
    0x900018a2   0x900018a2   0x00000006   PAD
    0x900018a8   0x900018a8   0x00000036   Code   RO           72    .text.HAL_ADC_ConvCpltCallback  stm32h7xx_it.o
    0x900018de   0x900018de   0x00000002   PAD
    0x900018e0   0x900018e0   0x00000002   Code   RO          186    .text.HAL_ADC_ErrorCallback  stm32h7xx_hal_adc.o
    0x900018e2   0x900018e2   0x00000006   PAD
    0x900018e8   0x900018e8   0x00000006   Code   RO          178    .text.HAL_ADC_GetValue  stm32h7xx_hal_adc.o
    0x900018ee   0x900018ee   0x00000002   PAD
    0x900018f0   0x900018f0   0x00000250   Code   RO          180    .text.HAL_ADC_IRQHandler  stm32h7xx_hal_adc.o
    0x90001b40   0x90001b40   0x00000272   Code   RO          140    .text.HAL_ADC_Init  stm32h7xx_hal_adc.o
    0x90001db2   0x90001db2   0x00000006   PAD
    0x90001db8   0x90001db8   0x00000002   Code   RO          184    .text.HAL_ADC_LevelOutOfWindowCallback  stm32h7xx_hal_adc.o
    0x90001dba   0x90001dba   0x00000006   PAD
    0x90001dc0   0x90001dc0   0x00000086   Code   RO           90    .text.HAL_ADC_MspInit  stm32h7xx_hal_msp.o
    0x90001e46   0x90001e46   0x00000002   PAD
    0x90001e48   0x90001e48   0x00000162   Code   RO          164    .text.HAL_ADC_Start_IT  stm32h7xx_hal_adc.o
    0x90001faa   0x90001faa   0x00000006   PAD
    0x90001fb0   0x90001fb0   0x00000052   Code   RO          166    .text.HAL_ADC_Stop_IT  stm32h7xx_hal_adc.o
    0x90002002   0x90002002   0x00000006   PAD
    0x90002008   0x90002008   0x00000028   Code   RO          878    .text.HAL_Delay     stm32h7xx_hal.o
    0x90002030   0x90002030   0x000001e2   Code   RO          514    .text.HAL_GPIO_Init  stm32h7xx_hal_gpio.o
    0x90002212   0x90002212   0x00000006   PAD
    0x90002218   0x90002218   0x0000000e   Code   RO          886    .text.HAL_GetREVID  stm32h7xx_hal.o
    0x90002226   0x90002226   0x00000002   PAD
    0x90002228   0x90002228   0x0000000c   Code   RO          870    .text.HAL_GetTick   stm32h7xx_hal.o
    0x90002234   0x90002234   0x00000004   PAD
    0x90002238   0x90002238   0x0000001a   Code   RO          868    .text.HAL_IncTick   stm32h7xx_hal.o
    0x90002252   0x90002252   0x00000006   PAD
    0x90002258   0x90002258   0x00000064   Code   RO          858    .text.HAL_Init      stm32h7xx_hal.o
    0x900022bc   0x900022bc   0x00000004   PAD
    0x900022c0   0x900022c0   0x0000004c   Code   RO          860    .text.HAL_InitTick  stm32h7xx_hal.o
    0x9000230c   0x9000230c   0x00000004   PAD
    0x90002310   0x90002310   0x0000005e   Code   RO          828    .text.HAL_MPU_ConfigRegion  stm32h7xx_hal_cortex.o
    0x9000236e   0x9000236e   0x00000002   PAD
    0x90002370   0x90002370   0x0000001a   Code   RO          820    .text.HAL_MPU_Disable  stm32h7xx_hal_cortex.o
    0x9000238a   0x9000238a   0x00000006   PAD
    0x90002390   0x90002390   0x00000020   Code   RO          822    .text.HAL_MPU_Enable  stm32h7xx_hal_cortex.o
    0x900023b0   0x900023b0   0x00000046   Code   RO           88    .text.HAL_MspInit   stm32h7xx_hal_msp.o
    0x900023f6   0x900023f6   0x00000002   PAD
    0x900023f8   0x900023f8   0x00000020   Code   RO          810    .text.HAL_NVIC_EnableIRQ  stm32h7xx_hal_cortex.o
    0x90002418   0x90002418   0x0000005e   Code   RO          808    .text.HAL_NVIC_SetPriority  stm32h7xx_hal_cortex.o
    0x90002476   0x90002476   0x00000002   PAD
    0x90002478   0x90002478   0x00000020   Code   RO          806    .text.HAL_NVIC_SetPriorityGrouping  stm32h7xx_hal_cortex.o
    0x90002498   0x90002498   0x00000026   Code   RO         1699    .text.HAL_PCDEx_ActivateLPM  stm32h7xx_hal_pcd_ex.o
    0x900024be   0x900024be   0x00000002   PAD
    0x900024c0   0x900024c0   0x00000002   Code   RO         1711    .text.HAL_PCDEx_LPM_Callback  stm32h7xx_hal_pcd_ex.o
    0x900024c2   0x900024c2   0x00000006   PAD
    0x900024c8   0x900024c8   0x00000008   Code   RO         1697    .text.HAL_PCDEx_SetRxFiFo  stm32h7xx_hal_pcd_ex.o
    0x900024d0   0x900024d0   0x00000092   Code   RO         1695    .text.HAL_PCDEx_SetTxFiFo  stm32h7xx_hal_pcd_ex.o
    0x90002562   0x90002562   0x00000006   PAD
    0x90002568   0x90002568   0x00000008   Code   RO         2027    .text.HAL_PCD_ConnectCallback  usbd_conf.o
    0x90002570   0x90002570   0x00000012   Code   RO         2013    .text.HAL_PCD_DataInStageCallback  usbd_conf.o
    0x90002582   0x90002582   0x00000006   PAD
    0x90002588   0x90002588   0x00000014   Code   RO         2011    .text.HAL_PCD_DataOutStageCallback  usbd_conf.o
    0x9000259c   0x9000259c   0x00000004   PAD
    0x900025a0   0x900025a0   0x00000008   Code   RO         2029    .text.HAL_PCD_DisconnectCallback  usbd_conf.o
    0x900025a8   0x900025a8   0x00000052   Code   RO         1665    .text.HAL_PCD_EP_Close  stm32h7xx_hal_pcd.o
    0x900025fa   0x900025fa   0x00000006   PAD
    0x90002600   0x90002600   0x00000060   Code   RO         1675    .text.HAL_PCD_EP_ClrStall  stm32h7xx_hal_pcd.o
    0x90002660   0x90002660   0x00000012   Code   RO         1669    .text.HAL_PCD_EP_GetRxCount  stm32h7xx_hal_pcd.o
    0x90002672   0x90002672   0x00000006   PAD
    0x90002678   0x90002678   0x00000060   Code   RO         1663    .text.HAL_PCD_EP_Open  stm32h7xx_hal_pcd.o
    0x900026d8   0x900026d8   0x0000003a   Code   RO         1667    .text.HAL_PCD_EP_Receive  stm32h7xx_hal_pcd.o
    0x90002712   0x90002712   0x00000006   PAD
    0x90002718   0x90002718   0x00000074   Code   RO         1673    .text.HAL_PCD_EP_SetStall  stm32h7xx_hal_pcd.o
    0x9000278c   0x9000278c   0x00000004   PAD
    0x90002790   0x90002790   0x0000003e   Code   RO         1671    .text.HAL_PCD_EP_Transmit  stm32h7xx_hal_pcd.o
    0x900027ce   0x900027ce   0x00000002   PAD
    0x900027d0   0x900027d0   0x000009e8   Code   RO         1631    .text.HAL_PCD_IRQHandler  stm32h7xx_hal_pcd.o
    0x900031b8   0x900031b8   0x00000008   Code   RO         2025    .text.HAL_PCD_ISOINIncompleteCallback  usbd_conf.o
    0x900031c0   0x900031c0   0x00000008   Code   RO         2023    .text.HAL_PCD_ISOOUTIncompleteCallback  usbd_conf.o
    0x900031c8   0x900031c8   0x00000280   Code   RO         1619    .text.HAL_PCD_Init  stm32h7xx_hal_pcd.o
    0x90003448   0x90003448   0x00000074   Code   RO         2005    .text.HAL_PCD_MspInit  usbd_conf.o
    0x900034bc   0x900034bc   0x00000004   PAD
    0x900034c0   0x900034c0   0x00000022   Code   RO         2017    .text.HAL_PCD_ResetCallback  usbd_conf.o
    0x900034e2   0x900034e2   0x00000006   PAD
    0x900034e8   0x900034e8   0x00000008   Code   RO         2021    .text.HAL_PCD_ResumeCallback  usbd_conf.o
    0x900034f0   0x900034f0   0x00000008   Code   RO         2015    .text.HAL_PCD_SOFCallback  usbd_conf.o
    0x900034f8   0x900034f8   0x00000026   Code   RO         1661    .text.HAL_PCD_SetAddress  stm32h7xx_hal_pcd.o
    0x9000351e   0x9000351e   0x00000002   PAD
    0x90003520   0x90003520   0x0000000e   Code   RO         2009    .text.HAL_PCD_SetupStageCallback  usbd_conf.o
    0x9000352e   0x9000352e   0x00000002   PAD
    0x90003530   0x90003530   0x0000003e   Code   RO         1627    .text.HAL_PCD_Start  stm32h7xx_hal_pcd.o
    0x9000356e   0x9000356e   0x00000002   PAD
    0x90003570   0x90003570   0x00000008   Code   RO         2019    .text.HAL_PCD_SuspendCallback  usbd_conf.o
    0x90003578   0x90003578   0x00000198   Code   RO          399    .text.HAL_RCCEx_GetPLL1ClockFreq  stm32h7xx_hal_rcc_ex.o
    0x90003710   0x90003710   0x00000198   Code   RO          401    .text.HAL_RCCEx_GetPLL2ClockFreq  stm32h7xx_hal_rcc_ex.o
    0x900038a8   0x900038a8   0x00000198   Code   RO          403    .text.HAL_RCCEx_GetPLL3ClockFreq  stm32h7xx_hal_rcc_ex.o
    0x90003a40   0x90003a40   0x000004c0   Code   RO          397    .text.HAL_RCCEx_GetPeriphCLKFreq  stm32h7xx_hal_rcc_ex.o
    0x90003f00   0x90003f00   0x0000004c   Code   RO          367    .text.HAL_RCC_GetHCLKFreq  stm32h7xx_hal_rcc.o
    0x90003f4c   0x90003f4c   0x00000004   PAD
    0x90003f50   0x90003f50   0x00000060   Code   RO          369    .text.HAL_RCC_GetPCLK1Freq  stm32h7xx_hal_rcc.o
    0x90003fb0   0x90003fb0   0x00000180   Code   RO          359    .text.HAL_RCC_GetSysClockFreq  stm32h7xx_hal_rcc.o
    0x90004130   0x90004130   0x00000050   Code   RO         1225    .text.HAL_SDRAM_Init  stm32h7xx_hal_sdram.o
    0x90004180   0x90004180   0x0000010a   Code   RO           98    .text.HAL_SDRAM_MspInit  stm32h7xx_hal_msp.o
    0x9000428a   0x9000428a   0x00000006   PAD
    0x90004290   0x90004290   0x00000030   Code   RO         1269    .text.HAL_SDRAM_ProgramRefreshRate  stm32h7xx_hal_sdram.o
    0x900042c0   0x900042c0   0x00000044   Code   RO         1267    .text.HAL_SDRAM_SendCommand  stm32h7xx_hal_sdram.o
    0x90004304   0x90004304   0x00000004   PAD
    0x90004308   0x90004308   0x00000030   Code   RO          902    .text.HAL_SYSCFG_EnableVREFBUF  stm32h7xx_hal.o
    0x90004338   0x90004338   0x00000014   Code   RO          898    .text.HAL_SYSCFG_VREFBUF_HighImpedanceConfig  stm32h7xx_hal.o
    0x9000434c   0x9000434c   0x00000004   PAD
    0x90004350   0x90004350   0x00000014   Code   RO          896    .text.HAL_SYSCFG_VREFBUF_VoltageScalingConfig  stm32h7xx_hal.o
    0x90004364   0x90004364   0x00000004   PAD
    0x90004368   0x90004368   0x0000002c   Code   RO          818    .text.HAL_SYSTICK_Config  stm32h7xx_hal_cortex.o
    0x90004394   0x90004394   0x00000004   PAD
    0x90004398   0x90004398   0x00000002   Code   RO           48    .text.HardFault_Handler  stm32h7xx_it.o
    0x9000439a   0x9000439a   0x00000006   PAD
    0x900043a0   0x900043a0   0x000001ee   Code   RO         1908    .text.LCD_Address_Set  lcd_init.o
    0x9000458e   0x9000458e   0x00000002   PAD
    0x90004590   0x90004590   0x000003b8   Code   RO         1886    .text.LCD_DrawChar  lcd.o
    0x90004948   0x90004948   0x0000003c   Code   RO         1888    .text.LCD_DrawString  lcd.o
    0x90004984   0x90004984   0x00000004   PAD
    0x90004988   0x90004988   0x0000007e   Code   RO         1876    .text.LCD_FillRect  lcd.o
    0x90004a06   0x90004a06   0x00000002   PAD
    0x90004a08   0x90004a08   0x000000f6   Code   RO         1872    .text.LCD_Present_Buffer_DMA_IT  lcd.o
    0x90004afe   0x90004afe   0x00000002   PAD
    0x90004b00   0x90004b00   0x00000118   Code   RO         1904    .text.LCD_Write16   lcd_init.o
    0x90004c18   0x90004c18   0x000000ce   Code   RO          128    .text.LL_GPIO_Init  stm32h7xx_ll_gpio.o
    0x90004ce6   0x90004ce6   0x00000002   PAD
    0x90004ce8   0x90004ce8   0x00000180   Code   RO          278    .text.LL_RCC_GetPLL1ClockFreq  stm32h7xx_ll_rcc.o
    0x90004e68   0x90004e68   0x00000180   Code   RO          282    .text.LL_RCC_GetPLL2ClockFreq  stm32h7xx_ll_rcc.o
    0x90004fe8   0x90004fe8   0x0000018c   Code   RO          284    .text.LL_RCC_GetPLL3ClockFreq  stm32h7xx_ll_rcc.o
    0x90005174   0x90005174   0x00000004   PAD
    0x90005178   0x90005178   0x00000224   Code   RO          286    .text.LL_RCC_GetUSARTClockFreq  stm32h7xx_ll_rcc.o
    0x9000539c   0x9000539c   0x00000004   PAD
    0x900053a0   0x900053a0   0x0000009c   Code   RO         1579    .text.LL_SPI_Init   stm32h7xx_ll_spi.o
    0x9000543c   0x9000543c   0x00000004   PAD
    0x90005440   0x90005440   0x0000000c   Code   RO          335    .text.LL_SetSystemCoreClock  stm32h7xx_ll_utils.o
    0x9000544c   0x9000544c   0x00000004   PAD
    0x90005450   0x90005450   0x00000170   Code   RO         1603    .text.LL_USART_Init  stm32h7xx_ll_usart.o
    0x900055c0   0x900055c0   0x0000004c   Code   RO          333    .text.LL_mDelay     stm32h7xx_ll_utils.o
    0x9000560c   0x9000560c   0x00000004   PAD
    0x90005610   0x90005610   0x00001e96   Code   RO         1910    .text.Lcd_Init      lcd_init.o
    0x900074a6   0x900074a6   0x00000002   PAD
    0x900074a8   0x900074a8   0x00000002   Code   RO           50    .text.MemManage_Handler  stm32h7xx_it.o
    0x900074aa   0x900074aa   0x00000006   PAD
    0x900074b0   0x900074b0   0x00000002   Code   RO           46    .text.NMI_Handler   stm32h7xx_it.o
    0x900074b2   0x900074b2   0x00000006   PAD
    0x900074b8   0x900074b8   0x0000000c   Code   RO           68    .text.OTG_FS_IRQHandler  stm32h7xx_it.o
    0x900074c4   0x900074c4   0x00000004   PAD
    0x900074c8   0x900074c8   0x00000002   Code   RO           60    .text.PendSV_Handler  stm32h7xx_it.o
    0x900074ca   0x900074ca   0x00000006   PAD
    0x900074d0   0x900074d0   0x000000e0   Code   RO           17    .text.PeriphCommonClock_Config  main.o
    0x900075b0   0x900075b0   0x0000006c   Code   RO         2245    .text.SEGGER_RTT_Init  segger_rtt.o
    0x9000761c   0x9000761c   0x00000004   PAD
    0x90007620   0x90007620   0x000001c2   Code   RO         2247    .text.SEGGER_RTT_SetTerminal  segger_rtt.o
    0x900077e2   0x900077e2   0x00000006   PAD
    0x900077e8   0x900077e8   0x0000009e   Code   RO         2209    .text.SEGGER_RTT_Write  segger_rtt.o
    0x90007886   0x90007886   0x00000002   PAD
    0x90007888   0x90007888   0x00000176   Code   RO         2207    .text.SEGGER_RTT_WriteNoLock  segger_rtt.o
    0x900079fe   0x900079fe   0x00000002   PAD
    0x90007a00   0x90007a00   0x0000001e   Code   RO         2268    .text.SEGGER_RTT_printf  segger_rtt_printf.o
    0x90007a1e   0x90007a1e   0x00000002   PAD
    0x90007a20   0x90007a20   0x000005ec   Code   RO         2264    .text.SEGGER_RTT_vprintf  segger_rtt_printf.o
    0x9000800c   0x9000800c   0x00000004   PAD
    0x90008010   0x90008010   0x00000030   Code   RO           66    .text.SPI1_IRQHandler  stm32h7xx_it.o
    0x90008040   0x90008040   0x00000002   Code   RO           56    .text.SVC_Handler   stm32h7xx_it.o
    0x90008042   0x90008042   0x00000006   PAD
    0x90008048   0x90008048   0x00000042   Code   RO           62    .text.SysTick_Handler  stm32h7xx_it.o
    0x9000808a   0x9000808a   0x00000006   PAD
    0x90008090   0x90008090   0x000001de   Code   RO           15    .text.SystemClock_Config  main.o
    0x9000826e   0x9000826e   0x00000002   PAD
    0x90008270   0x90008270   0x000000cc   Code   RO         1825    .text.SystemInit    system_stm32h7xx.o
    0x9000833c   0x9000833c   0x00000004   PAD
    0x90008340   0x90008340   0x00000020   Code   RO         1864    .text.TSG_INIT      tools.o
    0x90008360   0x90008360   0x00000072   Code   RO         1945    .text.USBD_CDC_DataIn  usbd_cdc.o
    0x900083d2   0x900083d2   0x00000006   PAD
    0x900083d8   0x900083d8   0x0000003c   Code   RO         1947    .text.USBD_CDC_DataOut  usbd_cdc.o
    0x90008414   0x90008414   0x00000004   PAD
    0x90008418   0x90008418   0x0000005a   Code   RO         1939    .text.USBD_CDC_DeInit  usbd_cdc.o
    0x90008472   0x90008472   0x00000006   PAD
    0x90008478   0x90008478   0x0000003a   Code   RO         1943    .text.USBD_CDC_EP0_RxReady  usbd_cdc.o
    0x900084b2   0x900084b2   0x00000006   PAD
    0x900084b8   0x900084b8   0x00000010   Code   RO         1955    .text.USBD_CDC_GetDeviceQualifierDescriptor  usbd_cdc.o
    0x900084c8   0x900084c8   0x00000052   Code   RO         1951    .text.USBD_CDC_GetFSCfgDesc  usbd_cdc.o
    0x9000851a   0x9000851a   0x00000006   PAD
    0x90008520   0x90008520   0x00000056   Code   RO         1949    .text.USBD_CDC_GetHSCfgDesc  usbd_cdc.o
    0x90008576   0x90008576   0x00000002   PAD
    0x90008578   0x90008578   0x00000052   Code   RO         1953    .text.USBD_CDC_GetOtherSpeedCfgDesc  usbd_cdc.o
    0x900085ca   0x900085ca   0x00000006   PAD
    0x900085d0   0x900085d0   0x000000d6   Code   RO         1937    .text.USBD_CDC_Init  usbd_cdc.o
    0x900086a6   0x900086a6   0x00000002   PAD
    0x900086a8   0x900086a8   0x00000016   Code   RO         1957    .text.USBD_CDC_RegisterInterface  usbd_cdc.o
    0x900086be   0x900086be   0x00000002   PAD
    0x900086c0   0x900086c0   0x0000001a   Code   RO         1961    .text.USBD_CDC_SetRxBuffer  usbd_cdc.o
    0x900086da   0x900086da   0x00000006   PAD
    0x900086e0   0x900086e0   0x0000001e   Code   RO         1959    .text.USBD_CDC_SetTxBuffer  usbd_cdc.o
    0x900086fe   0x900086fe   0x00000002   PAD
    0x90008700   0x90008700   0x000000f2   Code   RO         1941    .text.USBD_CDC_Setup  usbd_cdc.o
    0x900087f2   0x900087f2   0x00000006   PAD
    0x900087f8   0x900087f8   0x00000012   Code   RO         2089    .text.USBD_ClrClassConfig  usbd_core.o
    0x9000880a   0x9000880a   0x00000006   PAD
    0x90008810   0x90008810   0x00000004   Code   RO         2097    .text.USBD_CoreFindEP  usbd_core.o
    0x90008814   0x90008814   0x00000004   PAD
    0x90008818   0x90008818   0x00000004   Code   RO         2095    .text.USBD_CoreFindIF  usbd_core.o
    0x9000881c   0x9000881c   0x00000004   PAD
    0x90008820   0x90008820   0x00000010   Code   RO         2185    .text.USBD_CtlContinueRx  usbd_ioreq.o
    0x90008830   0x90008830   0x00000010   Code   RO         2181    .text.USBD_CtlContinueSendData  usbd_ioreq.o
    0x90008840   0x90008840   0x00000016   Code   RO         2133    .text.USBD_CtlError  usbd_ctlreq.o
    0x90008856   0x90008856   0x00000002   PAD
    0x90008858   0x90008858   0x0000001e   Code   RO         2183    .text.USBD_CtlPrepareRx  usbd_ioreq.o
    0x90008876   0x90008876   0x00000002   PAD
    0x90008878   0x90008878   0x00000016   Code   RO         2189    .text.USBD_CtlReceiveStatus  usbd_ioreq.o
    0x9000888e   0x9000888e   0x00000002   PAD
    0x90008890   0x90008890   0x0000001a   Code   RO         2179    .text.USBD_CtlSendData  usbd_ioreq.o
    0x900088aa   0x900088aa   0x00000006   PAD
    0x900088b0   0x900088b0   0x00000016   Code   RO         2187    .text.USBD_CtlSendStatus  usbd_ioreq.o
    0x900088c6   0x900088c6   0x00000002   PAD
    0x900088c8   0x900088c8   0x00000044   Code   RO         2119    .text.USBD_GetEpDesc  usbd_core.o
    0x9000890c   0x9000890c   0x00000004   PAD
    0x90008910   0x90008910   0x0000010c   Code   RO         2141    .text.USBD_GetString  usbd_ctlreq.o
    0x90008a1c   0x90008a1c   0x00000004   PAD
    0x90008a20   0x90008a20   0x00000028   Code   RO         2075    .text.USBD_Init     usbd_core.o
    0x90008a48   0x90008a48   0x0000000e   Code   RO         2047    .text.USBD_LL_ClearStallEP  usbd_conf.o
    0x90008a56   0x90008a56   0x00000002   PAD
    0x90008a58   0x90008a58   0x0000000e   Code   RO         2041    .text.USBD_LL_CloseEP  usbd_conf.o
    0x90008a66   0x90008a66   0x00000002   PAD
    0x90008a68   0x90008a68   0x000000b6   Code   RO         2099    .text.USBD_LL_DataInStage  usbd_core.o
    0x90008b1e   0x90008b1e   0x00000002   PAD
    0x90008b20   0x90008b20   0x00000076   Code   RO         2093    .text.USBD_LL_DataOutStage  usbd_core.o
    0x90008b96   0x90008b96   0x00000002   PAD
    0x90008b98   0x90008b98   0x00000004   Code   RO         2115    .text.USBD_LL_DevConnected  usbd_core.o
    0x90008b9c   0x90008b9c   0x00000004   PAD
    0x90008ba0   0x90008ba0   0x00000020   Code   RO         2117    .text.USBD_LL_DevDisconnected  usbd_core.o
    0x90008bc0   0x90008bc0   0x00000008   Code   RO         2057    .text.USBD_LL_GetRxDataSize  usbd_conf.o
    0x90008bc8   0x90008bc8   0x00000050   Code   RO         2031    .text.USBD_LL_Init  usbd_conf.o
    0x90008c18   0x90008c18   0x00000020   Code   RO         2049    .text.USBD_LL_IsStallEP  usbd_conf.o
    0x90008c38   0x90008c38   0x00000026   Code   RO         2111    .text.USBD_LL_IsoINIncomplete  usbd_core.o
    0x90008c5e   0x90008c5e   0x00000002   PAD
    0x90008c60   0x90008c60   0x00000026   Code   RO         2113    .text.USBD_LL_IsoOUTIncomplete  usbd_core.o
    0x90008c86   0x90008c86   0x00000002   PAD
    0x90008c88   0x90008c88   0x00000014   Code   RO         2039    .text.USBD_LL_OpenEP  usbd_conf.o
    0x90008c9c   0x90008c9c   0x00000004   PAD
    0x90008ca0   0x90008ca0   0x0000000e   Code   RO         2055    .text.USBD_LL_PrepareReceive  usbd_conf.o
    0x90008cae   0x90008cae   0x00000002   PAD
    0x90008cb0   0x90008cb0   0x00000064   Code   RO         2101    .text.USBD_LL_Reset  usbd_core.o
    0x90008d14   0x90008d14   0x00000004   PAD
    0x90008d18   0x90008d18   0x00000014   Code   RO         2107    .text.USBD_LL_Resume  usbd_core.o
    0x90008d2c   0x90008d2c   0x00000004   PAD
    0x90008d30   0x90008d30   0x0000001a   Code   RO         2109    .text.USBD_LL_SOF   usbd_core.o
    0x90008d4a   0x90008d4a   0x00000006   PAD
    0x90008d50   0x90008d50   0x00000008   Code   RO         2103    .text.USBD_LL_SetSpeed  usbd_core.o
    0x90008d58   0x90008d58   0x0000000e   Code   RO         2051    .text.USBD_LL_SetUSBAddress  usbd_conf.o
    0x90008d66   0x90008d66   0x00000002   PAD
    0x90008d68   0x90008d68   0x00000060   Code   RO         2091    .text.USBD_LL_SetupStage  usbd_core.o
    0x90008dc8   0x90008dc8   0x0000000e   Code   RO         2045    .text.USBD_LL_StallEP  usbd_conf.o
    0x90008dd6   0x90008dd6   0x00000002   PAD
    0x90008dd8   0x90008dd8   0x0000000e   Code   RO         2035    .text.USBD_LL_Start  usbd_conf.o
    0x90008de6   0x90008de6   0x00000002   PAD
    0x90008de8   0x90008de8   0x0000001c   Code   RO         2105    .text.USBD_LL_Suspend  usbd_core.o
    0x90008e04   0x90008e04   0x00000004   PAD
    0x90008e08   0x90008e08   0x0000001e   Code   RO         2053    .text.USBD_LL_Transmit  usbd_conf.o
    0x90008e26   0x90008e26   0x00000002   PAD
    0x90008e28   0x90008e28   0x00000016   Code   RO         2139    .text.USBD_ParseSetupRequest  usbd_ctlreq.o
    0x90008e3e   0x90008e3e   0x00000002   PAD
    0x90008e40   0x90008e40   0x00000044   Code   RO         2079    .text.USBD_RegisterClass  usbd_core.o
    0x90008e84   0x90008e84   0x00000004   PAD
    0x90008e88   0x90008e88   0x0000000e   Code   RO         2087    .text.USBD_SetClassConfig  usbd_core.o
    0x90008e96   0x90008e96   0x00000002   PAD
    0x90008e98   0x90008e98   0x00000004   Code   RO         2081    .text.USBD_Start    usbd_core.o
    0x90008e9c   0x90008e9c   0x00000004   PAD
    0x90008ea0   0x90008ea0   0x00000366   Code   RO         2131    .text.USBD_StdDevReq  usbd_ctlreq.o
    0x90009206   0x90009206   0x00000002   PAD
    0x90009208   0x90009208   0x00000194   Code   RO         2137    .text.USBD_StdEPReq  usbd_ctlreq.o
    0x9000939c   0x9000939c   0x00000004   PAD
    0x900093a0   0x900093a0   0x00000094   Code   RO         2135    .text.USBD_StdItfReq  usbd_ctlreq.o
    0x90009434   0x90009434   0x00000004   PAD
    0x90009438   0x90009438   0x00000024   Code   RO         2162    .text.USBD_VCP_ConfigStrDescriptor  usbd_desc.o
    0x9000945c   0x9000945c   0x00000004   PAD
    0x90009460   0x90009460   0x0000000e   Code   RO         2152    .text.USBD_VCP_DeviceDescriptor  usbd_desc.o
    0x9000946e   0x9000946e   0x00000002   PAD
    0x90009470   0x90009470   0x00000028   Code   RO         2164    .text.USBD_VCP_InterfaceStrDescriptor  usbd_desc.o
    0x90009498   0x90009498   0x0000000e   Code   RO         2154    .text.USBD_VCP_LangIDStrDescriptor  usbd_desc.o
    0x900094a6   0x900094a6   0x00000002   PAD
    0x900094a8   0x900094a8   0x0000002c   Code   RO         2156    .text.USBD_VCP_ManufacturerStrDescriptor  usbd_desc.o
    0x900094d4   0x900094d4   0x00000004   PAD
    0x900094d8   0x900094d8   0x0000006c   Code   RO         2158    .text.USBD_VCP_ProductStrDescriptor  usbd_desc.o
    0x90009544   0x90009544   0x00000004   PAD
    0x90009548   0x90009548   0x00000030   Code   RO         2160    .text.USBD_VCP_SerialStrDescriptor  usbd_desc.o
    0x90009578   0x90009578   0x00000002   Code   RO         2061    .text.USBD_static_free  usbd_conf.o
    0x9000957a   0x9000957a   0x00000006   PAD
    0x90009580   0x90009580   0x0000000a   Code   RO         2059    .text.USBD_static_malloc  usbd_conf.o
    0x9000958a   0x9000958a   0x00000006   PAD
    0x90009590   0x90009590   0x00000092   Code   RO         1743    .text.USB_ActivateEndpoint  stm32h7xx_ll_usb.o
    0x90009622   0x90009622   0x00000006   PAD
    0x90009628   0x90009628   0x00000020   Code   RO         1785    .text.USB_ActivateSetup  stm32h7xx_ll_usb.o
    0x90009648   0x90009648   0x0000022c   Code   RO         1721    .text.USB_CoreInit  stm32h7xx_ll_usb.o
    0x90009874   0x90009874   0x00000004   PAD
    0x90009878   0x90009878   0x0000008e   Code   RO         1747    .text.USB_DeactivateEndpoint  stm32h7xx_ll_usb.o
    0x90009906   0x90009906   0x00000002   PAD
    0x90009908   0x90009908   0x0000001e   Code   RO         1767    .text.USB_DevConnect  stm32h7xx_ll_usb.o
    0x90009926   0x90009926   0x00000002   PAD
    0x90009928   0x90009928   0x0000001e   Code   RO         1769    .text.USB_DevDisconnect  stm32h7xx_ll_usb.o
    0x90009946   0x90009946   0x00000002   PAD
    0x90009948   0x90009948   0x00000466   Code   RO         1733    .text.USB_DevInit   stm32h7xx_ll_usb.o
    0x90009dae   0x90009dae   0x00000002   PAD
    0x90009db0   0x90009db0   0x0000000e   Code   RO         1727    .text.USB_DisableGlobalInt  stm32h7xx_ll_usb.o
    0x90009dbe   0x90009dbe   0x00000002   PAD
    0x90009dc0   0x90009dc0   0x0000005a   Code   RO         1787    .text.USB_EP0_OutStart  stm32h7xx_ll_usb.o
    0x90009e1a   0x90009e1a   0x00000006   PAD
    0x90009e20   0x90009e20   0x00000050   Code   RO         1761    .text.USB_EPClearStall  stm32h7xx_ll_usb.o
    0x90009e70   0x90009e70   0x0000004a   Code   RO         1759    .text.USB_EPSetStall  stm32h7xx_ll_usb.o
    0x90009eba   0x90009eba   0x00000006   PAD
    0x90009ec0   0x90009ec0   0x00000240   Code   RO         1751    .text.USB_EPStartXfer  stm32h7xx_ll_usb.o
    0x9000a100   0x9000a100   0x0000010a   Code   RO         1755    .text.USB_EPStopXfer  stm32h7xx_ll_usb.o
    0x9000a20a   0x9000a20a   0x00000006   PAD
    0x9000a210   0x9000a210   0x0000000e   Code   RO         1725    .text.USB_EnableGlobalInt  stm32h7xx_ll_usb.o
    0x9000a21e   0x9000a21e   0x00000002   PAD
    0x9000a220   0x9000a220   0x000000c0   Code   RO         1737    .text.USB_FlushTxFifo  stm32h7xx_ll_usb.o
    0x9000a2e0   0x9000a2e0   0x0000001c   Code   RO         1741    .text.USB_GetDevSpeed  stm32h7xx_ll_usb.o
    0x9000a2fc   0x9000a2fc   0x00000004   PAD
    0x9000a300   0x9000a300   0x00000008   Code   RO         1731    .text.USB_GetMode   stm32h7xx_ll_usb.o
    0x9000a308   0x9000a308   0x0000000e   Code   RO         1777    .text.USB_ReadDevAllInEpInterrupt  stm32h7xx_ll_usb.o
    0x9000a316   0x9000a316   0x00000002   PAD
    0x9000a318   0x9000a318   0x0000000e   Code   RO         1775    .text.USB_ReadDevAllOutEpInterrupt  stm32h7xx_ll_usb.o
    0x9000a326   0x9000a326   0x00000002   PAD
    0x9000a328   0x9000a328   0x00000024   Code   RO         1781    .text.USB_ReadDevInEPInterrupt  stm32h7xx_ll_usb.o
    0x9000a34c   0x9000a34c   0x00000004   PAD
    0x9000a350   0x9000a350   0x00000010   Code   RO         1779    .text.USB_ReadDevOutEPInterrupt  stm32h7xx_ll_usb.o
    0x9000a360   0x9000a360   0x00000008   Code   RO         1771    .text.USB_ReadInterrupts  stm32h7xx_ll_usb.o
    0x9000a368   0x9000a368   0x000000b6   Code   RO         1757    .text.USB_ReadPacket  stm32h7xx_ll_usb.o
    0x9000a41e   0x9000a41e   0x00000002   PAD
    0x9000a420   0x9000a420   0x00000066   Code   RO         1729    .text.USB_SetCurrentMode  stm32h7xx_ll_usb.o
    0x9000a486   0x9000a486   0x00000002   PAD
    0x9000a488   0x9000a488   0x00000022   Code   RO         1765    .text.USB_SetDevAddress  stm32h7xx_ll_usb.o
    0x9000a4aa   0x9000a4aa   0x00000006   PAD
    0x9000a4b0   0x9000a4b0   0x00000116   Code   RO         1723    .text.USB_SetTurnaroundTime  stm32h7xx_ll_usb.o
    0x9000a5c6   0x9000a5c6   0x00000002   PAD
    0x9000a5c8   0x9000a5c8   0x00000080   Code   RO         1753    .text.USB_WritePacket  stm32h7xx_ll_usb.o
    0x9000a648   0x9000a648   0x00000002   Code   RO           54    .text.UsageFault_Handler  stm32h7xx_it.o
    0x9000a64a   0x9000a64a   0x00000006   PAD
    0x9000a650   0x9000a650   0x000001b0   Code   RO         2266    .text._PrintUnsigned  segger_rtt_printf.o
    0x9000a800   0x9000a800   0x00000232   Code   RO         2280    .text.desktop_display  desktop.o
    0x9000aa32   0x9000aa32   0x00000006   PAD
    0x9000aa38   0x9000aa38   0x0000003c   Code   RO         1920    .text.keyboardPollevent  keyboard.o
    0x9000aa74   0x9000aa74   0x00000004   PAD
    0x9000aa78   0x9000aa78   0x00000016   Code   RO         1922    .text.keyboard_event_over  keyboard.o
    0x9000aa8e   0x9000aa8e   0x00000002   PAD
    0x9000aa90   0x9000aa90   0x000001e8   Code   RO         1924    .text.keyboard_scan  keyboard.o
    0x9000ac78   0x9000ac78   0x00000d9c   Code   RO           13    .text.main          main.o
    0x9000ba14   0x9000ba14   0x00000004   PAD
    0x9000ba18   0x9000ba18   0x00000022   Code   RO         2297    .text.ui_activity_show  szmui_activity.o
    0x9000ba3a   0x9000ba3a   0x00000006   PAD
    0x9000ba40   0x9000ba40   0x000000b8   Code   RO         2311    .text.ui_button_colored  szmui_button.o
    0x9000baf8   0x9000baf8   0x0000000a   Code   RO         2360    .text.ui_input_is_key_pressed  ui_input.o
    0x9000bb02   0x9000bb02   0x00000006   PAD
    0x9000bb08   0x9000bb08   0x0000000a   Code   RO         2358    .text.ui_input_is_key_short_up  ui_input.o
    0x9000bb12   0x9000bb12   0x00000006   PAD
    0x9000bb18   0x9000bb18   0x000000da   Code   RO         2334    .text.ui_layout_do  szmui_layout.o
    0x9000bbf2   0x9000bbf2   0x00000006   PAD
    0x9000bbf8   0x9000bbf8   0x00000036   Code   RO         2332    .text.ui_row        szmui_layout.o
    0x9000bc2e   0x9000bc2e   0x00000002   PAD
    0x9000bc30   0x9000bc30   0x00000056   Code   RO         2340    .text.ui_scroll_begin  szmui_layout.o
    0x9000bc86   0x9000bc86   0x00000002   PAD
    0x9000bc88   0x9000bc88   0x0000001e   Code   RO         2342    .text.ui_scroll_end  szmui_layout.o
    0x9000bca6   0x9000bca6   0x0000003e   Code   RO         2457    CL$$btod_d2e        c_w.l(btod.o)
    0x9000bce4   0x9000bce4   0x00000046   Code   RO         2459    CL$$btod_d2e_denorm_low  c_w.l(btod.o)
    0x9000bd2a   0x9000bd2a   0x00000060   Code   RO         2458    CL$$btod_d2e_norm_op1  c_w.l(btod.o)
    0x9000bd8a   0x9000bd8a   0x00000338   Code   RO         2467    CL$$btod_div_common  c_w.l(btod.o)
    0x9000c0c2   0x9000c0c2   0x000000dc   Code   RO         2464    CL$$btod_e2e        c_w.l(btod.o)
    0x9000c19e   0x9000c19e   0x0000002a   Code   RO         2461    CL$$btod_ediv       c_w.l(btod.o)
    0x9000c1c8   0x9000c1c8   0x0000002a   Code   RO         2460    CL$$btod_emul       c_w.l(btod.o)
    0x9000c1f2   0x9000c1f2   0x00000244   Code   RO         2466    CL$$btod_mult_common  c_w.l(btod.o)
    0x9000c436   0x9000c436   0x00000030   Code   RO         2487    i.__ARM_fpclassify  m_wv.l(fpclassify.o)
    0x9000c466   0x9000c466   0x00000002   PAD
    0x9000c468   0x9000c468   0x0000002c   Code   RO         2482    locale$$code        c_w.l(lc_numeric_c.o)
    0x9000c494   0x9000c494   0x0000001a   Code   RO         2557    x$fpl$fpinit        fz_wv.l(fpinit.o)
    0x9000c4ae   0x9000c4ae   0x00000004   Code   RO         2414    x$fpl$printf1       fz_wv.l(printf1.o)
    0x9000c4b2   0x9000c4b2   0x00000000   Code   RO         2486    x$fpl$usenofp       fz_wv.l(usenofp.o)
    0x9000c4b2   0x9000c4b2   0x00000002   PAD
    0x9000c4b4   0x9000c4b4   0x00000094   Data   RO         2455    .constdata          c_w.l(bigflt0.o)
    0x9000c548   0x9000c548   0x00000006   Data   RO         2285    .rodata..L__const.desktop_display.row1_width_array  desktop.o
    0x9000c54e   0x9000c54e   0x00000010   Data   RO         1829    .rodata.D1CorePrescTable  system_stm32h7xx.o
    0x9000c55e   0x9000c55e   0x00000010   Data   RO          322    .rodata.LL_RCC_PrescTable  stm32h7xx_ll_rcc.o
    0x9000c56e   0x9000c56e   0x00000002   PAD
    0x9000c570   0x9000c570   0x00000474   Data   RO           23    .rodata.ascii_1206  main.o
    0x9000c9e4   0x9000c9e4   0x000005f0   Data   RO           24    .rodata.ascii_1608  main.o
    0x9000cfd4   0x9000cfd4   0x000011d0   Data   RO           25    .rodata.ascii_2412  main.o
    0x9000e1a4   0x9000e1a4   0x000017c0   Data   RO           26    .rodata.ascii_3216  main.o
    0x9000f964   0x9000f964   0x00000010   Data   RO         2252    .rodata.cst16       segger_rtt.o
    0x9000f974   0x9000f974   0x00000040   Data   RO           34    .rodata.str1.1      main.o
    0x9000f9b4   0x9000f9b4   0x00000009   Data   RO         2253    .rodata.str1.1      segger_rtt.o
    0x9000f9bd   0x9000f9bd   0x00000003   PAD
    0x9000f9c0   0x9000f9c0   0x00000020   Data   RO         2639    Region$$Table       anon$$obj.o
    0x9000f9e0   0x9000f9e0   0x0000001c   Data   RO         2481    locale$$data        c_w.l(lc_numeric_c.o)


    Execution Region SDRAM (Exec base: 0xd0000000, Load base: 0x9000fb10, Size: 0x00041a00, Max: 0x04000000, ABSOLUTE, UNINIT)

    Exec Addr    Load Addr    Size         Type   Attr      Idx    E Section Name        Object

    0xd0000000        -       0x00041a00   Zero   RW         1890    .bss.SDRAM          lcd.o


==============================================================================

Image component sizes


      Code (inc. data)   RO Data    RW Data    ZI Data      Debug   Object Name

       562          0          6         48          8       2837   desktop.o
       570          0          0         72        148       4498   keyboard.o
      1384          0          0          0     268812      14746   lcd.o
      8604          0          0          0          0      49903   lcd_init.o
      4186        124      13364         32      14232      40668   main.o
      1090          0         25          0       1209      24220   segger_rtt.o
      1978        198          0          0          0       7586   segger_rtt_printf.o
        64         26        664          0       8192        836   startup_stm32h750xx.o
       356          0          0          8          4      14623   stm32h7xx_hal.o
      3492         12          0          0          0      26799   stm32h7xx_hal_adc.o
        10          0          0          0          0      29312   stm32h7xx_hal_adc_ex.o
       354          0          0          0          0      12329   stm32h7xx_hal_cortex.o
       482          0          0          0          0       7155   stm32h7xx_hal_gpio.o
       470          0          0          0          1      15348   stm32h7xx_hal_msp.o
      3804          0          0          0          0      16466   stm32h7xx_hal_pcd.o
       194          0          0          0          0       6085   stm32h7xx_hal_pcd_ex.o
       556         16          0          0          0      11671   stm32h7xx_hal_rcc.o
      2440        114          0          0          0      20796   stm32h7xx_hal_rcc_ex.o
       196          0          0          0          0      13790   stm32h7xx_hal_sdram.o
       278          0          0          0         18       7374   stm32h7xx_it.o
       420          0          0          0          0       8760   stm32h7xx_ll_fmc.o
       206          0          0          0          0       4585   stm32h7xx_ll_gpio.o
      1712         32         16          0          0      35119   stm32h7xx_ll_rcc.o
       156          0          0          0          0       8821   stm32h7xx_ll_spi.o
       368         48          0          0          0       7606   stm32h7xx_ll_usart.o
      4216          0          0          0          0      31356   stm32h7xx_ll_usb.o
        88          0          0          0          0      13474   stm32h7xx_ll_utils.o
       204          0         16          8          0       5873   system_stm32h7xx.o
        34          0          0          0          0       2181   szmui_activity.o
       184          0          0          0          0       4418   szmui_button.o
       388          0          0          0          0       4749   szmui_layout.o
        32          0          0          0          0        419   tools.o
        20          0          0          0          0       1846   ui_input.o
      1122         12          0        133          0      11514   usbd_cdc.o
       216          0          0         28       4096       4754   usbd_cdc_interface.o
       524          0          0          0       1796      16373   usbd_conf.o
       910          0          0          0          0       9595   usbd_core.o
      1734         30          0          0          1      10091   usbd_ctlreq.o
       304        120          0         76         64       3325   usbd_desc.o
       132          0          0          0          0       4397   usbd_ioreq.o

    ----------------------------------------------------------------------
     44702        752      14128        412     298596     516298   Object Totals
         0          0         32          0          0          0   (incl. Generated)
       662         20          5          7         15          0   (incl. Padding)

    ----------------------------------------------------------------------

      Code (inc. data)   RO Data    RW Data    ZI Data      Debug   Library Member Name

        58          0          0          0          0          0   __dczerorl.o
         8          0          0          0          0         68   __main.o
       184          0          0          0          0         84   __printf_ss.o
         0          0          0          0          0          0   __rtentry.o
        12          0          0          0          0          0   __rtentry2.o
         6          0          0          0          0          0   __rtentry4.o
        52          8          0          0          0          0   __scatter.o
        28          0          0          0          0          0   __scatter_zi.o
        48          6          0          0          0         96   _printf_char_common.o
       120         16          0          0          0         92   _printf_dec.o
         6          0          0          0          0          0   _printf_f.o
      1052          0          0          0          0        148   _printf_fp_dec.o
       128         16          0          0          0         84   _printf_fp_infnan.o
       178          0          0          0          0         88   _printf_intcommon.o
         0          0          0          0          0          0   _printf_percent.o
         4          0          0          0          0          0   _printf_percent_end.o
         6          0          0          0          0          0   _printf_u.o
        10          0          0          0          0         68   _sputc.o
       228          4        148          0          0         96   bigflt0.o
      1936        128          0          0          0        672   btod.o
        18          0          0          0          0         80   exit.o
         6          0          0          0          0        152   heapauxi.o
         0          0          0          0          0          0   indicate_semi.o
        44         10         28          0          0         76   lc_numeric_c.o
         2          0          0          0          0          0   libinit.o
        22          0          0          0          0          0   libinit2.o
         2          0          0          0          0          0   libshutdown.o
         2          0          0          0          0          0   libshutdown2.o
         8          4          0          0         96         68   libspace.o
       138          0          0          0          0         80   lludiv10.o
        40          6          0          0          0         84   noretval__2sprintf.o
         8          4          0          0          0         68   rt_locale_intlibspace.o
        78          0          0          0          0         80   rt_memclr_w.o
       138          0          0          0          0         68   rt_memcpy_v6.o
       100          0          0          0          0         80   rt_memcpy_w.o
         2          0          0          0          0          0   rtexit.o
        10          0          0          0          0          0   rtexit2.o
       124          0          0          0          0         88   strcmpv7m_pel.o
        12          4          0          0          0         68   sys_exit.o
        74          0          0          0          0         80   sys_stackheap_outer.o
         2          0          0          0          0         68   use_no_semi.o
        26          0          0          0          0        116   fpinit.o
         4          0          0          0          0        116   printf1.o
         0          0          0          0          0          0   usenofp.o
        48          0          0          0          0        124   fpclassify.o

    ----------------------------------------------------------------------
      4990        206        176          0         96       2992   Library Totals
        18          0          0          0          0          0   (incl. Padding)

    ----------------------------------------------------------------------

      Code (inc. data)   RO Data    RW Data    ZI Data      Debug   Library Name

      4894        206        176          0         96       2636   c_w.l
        30          0          0          0          0        232   fz_wv.l
        48          0          0          0          0        124   m_wv.l

    ----------------------------------------------------------------------
      4990        206        176          0         96       2992   Library Totals

    ----------------------------------------------------------------------

==============================================================================


      Code (inc. data)   RO Data    RW Data    ZI Data      Debug   

     49692        958      14304        412     298692     517178   Grand Totals
     49692        958      14304        272     298692     517178   ELF Image Totals (compressed)
     49692        958      14304        272          0          0   ROM Totals

==============================================================================

    Total RO  Size (Code + RO Data)                63996 (  62.50kB)
    Total RW  Size (RW Data + ZI Data)            299104 ( 292.09kB)
    Total ROM Size (Code + RO Data + RW Data)      64268 (  62.76kB)

==============================================================================

