Component: ARM Compiler 6.14 Tool: armlink [5db06800]

==============================================================================

Memory Map of the image

  Image Entry point : 0x90000299

  Load Region LR_qspiflash (Base: 0x90000000, Size: 0x0000e700, Max: 0x01000000, ABSOLUTE)

    Execution Region ITCMRAM (Exec base: 0x00000000, Load base: 0x9000e700, Size: 0x00000000, Max: 0x00010000, ABSOLUTE)

    **** No section assigned to this execution region ****


    Execution Region DTCMRAM_WITHOUT_400 (Exec base: 0x20000400, Load base: 0x9000e5f8, Size: 0x00007068, Max: 0x0001fc00, ABSOLUTE)

    Exec Addr    Load Addr    Size         Type   Attr      Idx    E Section Name        Object

    0x20000400   0x9000e5f8   0x00000008   Data   RW          952    .data..L_MergedGlobals  stm32h7xx_hal.o
    0x20000408   0x9000e600   0x00000008   Data   RW         1827    .data..L_MergedGlobals  system_stm32h7xx.o
    0x20000410   0x9000e608   0x00000008   Data   RW         1970    .data.LineCoding    usbd_cdc_interface.o
    0x20000418   0x9000e610   0x00000038   Data   RW         1947    .data.USBD_CDC      usbd_cdc.o
    0x20000450   0x9000e648   0x00000043   Data   RW         1949    .data.USBD_CDC_CfgDesc  usbd_cdc.o
    0x20000493   0x9000e68b   0x00000001   PAD
    0x20000494   0x9000e68c   0x0000000a   Data   RW         1948    .data.USBD_CDC_DeviceQualifierDesc  usbd_cdc.o
    0x2000049e   0x9000e696   0x00000002   PAD
    0x200004a0   0x9000e698   0x00000014   Data   RW         1974    .data.USBD_CDC_fops  usbd_cdc_interface.o
    0x200004b4   0x9000e6ac   0x00000012   Data   RW         2147    .data.USBD_DeviceDesc  usbd_desc.o
    0x200004c6   0x9000e6be   0x00000002   PAD
    0x200004c8   0x9000e6c0   0x00000004   Data   RW         2148    .data.USBD_LangIDDesc  usbd_desc.o
    0x200004cc   0x9000e6c4   0x0000001a   Data   RW         2149    .data.USBD_StringSerial  usbd_desc.o
    0x200004e6   0x9000e6de   0x00000002   PAD
    0x200004e8   0x9000e6e0   0x0000001c   Data   RW         2146    .data.VCP_Desc      usbd_desc.o
    0x20000504   0x9000e6fc   0x00000004   PAD
    0x20000508        -       0x00000060   Zero   RW         2297    .bss                c_w.l(libspace.o)
    0x20000568        -       0x00000060   Zero   RW           35    .bss..L_MergedGlobals  main.o
    0x200005c8        -       0x0000000c   Zero   RW         1888    .bss..L_MergedGlobals  lcd.o
    0x200005d4        -       0x00000001   Zero   RW           99    .bss.FMC_Initialized  stm32h7xx_hal_msp.o
    0x200005d5        -       0x00000001   Zero   RW           72    .bss.HAL_ADC_ConvCpltCallback.index  stm32h7xx_it.o
    0x200005d6   0x9000e6fc   0x00000002   PAD
    0x200005d8        -       0x000002dc   Zero   RW           27    .bss.USBD_Device    main.o
    0x200008b4        -       0x00000001   Zero   RW         2123    .bss.USBD_SetConfig.cfgidx  usbd_ctlreq.o
    0x200008b5   0x9000e6fc   0x00000003   PAD
    0x200008b8        -       0x00000040   Zero   RW         2150    .bss.USBD_StrDesc   usbd_desc.o
    0x200008f8        -       0x00000220   Zero   RW         2046    .bss.USBD_static_malloc.mem  usbd_conf.o
    0x20000b18        -       0x00000800   Zero   RW         1975    .bss.UserRxBuffer   usbd_cdc_interface.o
    0x20001318        -       0x00000800   Zero   RW         1976    .bss.UserTxBuffer   usbd_cdc_interface.o
    0x20001b18        -       0x00000474   Zero   RW           32    .bss.ascii_1206_    main.o
    0x20001f8c        -       0x000005f0   Zero   RW           31    .bss.ascii_1608_    main.o
    0x2000257c        -       0x000011d0   Zero   RW           30    .bss.ascii_2412_    main.o
    0x2000374c        -       0x000017c0   Zero   RW           29    .bss.ascii_3216_    main.o
    0x20004f0c        -       0x00000064   Zero   RW           28    .bss.hadc3          main.o
    0x20004f70        -       0x000004e4   Zero   RW         2045    .bss.hpcd           usbd_conf.o
    0x20005454        -       0x00000004   Zero   RW           73    .bss.time_stamp_1   stm32h7xx_it.o
    0x20005458        -       0x00000004   Zero   RW           75    .bss.time_stamp_2   stm32h7xx_it.o
    0x2000545c        -       0x00000004   Zero   RW           74    .bss.time_stamp_3   stm32h7xx_it.o
    0x20005460        -       0x00000004   Zero   RW           76    .bss.time_stamp_4   stm32h7xx_it.o
    0x20005464        -       0x00000004   Zero   RW          951    .bss.uwTick         stm32h7xx_hal.o
    0x20005468        -       0x00001000   Zero   RW            2    HEAP                startup_stm32h750xx.o
    0x20006468        -       0x00001000   Zero   RW            1    STACK               startup_stm32h750xx.o


    Execution Region RAM_D1 (Exec base: 0x24000000, Load base: 0x9000e700, Size: 0x00000000, Max: 0x00080000, ABSOLUTE)

    **** No section assigned to this execution region ****


    Execution Region RAM_D2 (Exec base: 0x30000000, Load base: 0x9000e700, Size: 0x00000000, Max: 0x00048000, ABSOLUTE)

    **** No section assigned to this execution region ****


    Execution Region RAM_D3 (Exec base: 0x38000000, Load base: 0x9000e700, Size: 0x00000000, Max: 0x00010000, ABSOLUTE)

    **** No section assigned to this execution region ****


    Execution Region ER_qspiflash (Exec base: 0x90000000, Load base: 0x90000000, Size: 0x0000e5f8, Max: 0x01000000, ABSOLUTE)

    Exec Addr    Load Addr    Size         Type   Attr      Idx    E Section Name        Object

    0x90000000   0x90000000   0x00000298   Data   RO            3    RESET               startup_stm32h750xx.o
    0x90000298   0x90000298   0x00000008   Code   RO         2219  * !!!main             c_w.l(__main.o)
    0x900002a0   0x900002a0   0x00000034   Code   RO         2447    !!!scatter          c_w.l(__scatter.o)
    0x900002d4   0x900002d4   0x0000001a   Code   RO         2449    !!handler_copy      c_w.l(__scatter_copy.o)
    0x900002ee   0x900002ee   0x00000002   PAD
    0x900002f0   0x900002f0   0x0000001c   Code   RO         2451    !!handler_zi        c_w.l(__scatter_zi.o)
    0x9000030c   0x9000030c   0x00000000   Code   RO         2212    .ARM.Collect$$_printf_percent$$00000000  c_w.l(_printf_percent.o)
    0x9000030c   0x9000030c   0x00000006   Code   RO         2211    .ARM.Collect$$_printf_percent$$00000003  c_w.l(_printf_f.o)
    0x90000312   0x90000312   0x00000006   Code   RO         2210    .ARM.Collect$$_printf_percent$$0000000A  c_w.l(_printf_u.o)
    0x90000318   0x90000318   0x00000004   Code   RO         2234    .ARM.Collect$$_printf_percent$$00000017  c_w.l(_printf_percent_end.o)
    0x9000031c   0x9000031c   0x00000002   Code   RO         2312    .ARM.Collect$$libinit$$00000000  c_w.l(libinit.o)
    0x9000031e   0x9000031e   0x00000004   Code   RO         2313    .ARM.Collect$$libinit$$00000001  c_w.l(libinit2.o)
    0x90000322   0x90000322   0x00000000   Code   RO         2316    .ARM.Collect$$libinit$$00000004  c_w.l(libinit2.o)
    0x90000322   0x90000322   0x00000000   Code   RO         2319    .ARM.Collect$$libinit$$0000000A  c_w.l(libinit2.o)
    0x90000322   0x90000322   0x00000000   Code   RO         2321    .ARM.Collect$$libinit$$0000000C  c_w.l(libinit2.o)
    0x90000322   0x90000322   0x00000000   Code   RO         2323    .ARM.Collect$$libinit$$0000000E  c_w.l(libinit2.o)
    0x90000322   0x90000322   0x00000006   Code   RO         2324    .ARM.Collect$$libinit$$0000000F  c_w.l(libinit2.o)
    0x90000328   0x90000328   0x00000000   Code   RO         2326    .ARM.Collect$$libinit$$00000011  c_w.l(libinit2.o)
    0x90000328   0x90000328   0x00000000   Code   RO         2328    .ARM.Collect$$libinit$$00000013  c_w.l(libinit2.o)
    0x90000328   0x90000328   0x00000000   Code   RO         2330    .ARM.Collect$$libinit$$00000015  c_w.l(libinit2.o)
    0x90000328   0x90000328   0x0000000a   Code   RO         2331    .ARM.Collect$$libinit$$00000016  c_w.l(libinit2.o)
    0x90000332   0x90000332   0x00000000   Code   RO         2332    .ARM.Collect$$libinit$$00000017  c_w.l(libinit2.o)
    0x90000332   0x90000332   0x00000000   Code   RO         2334    .ARM.Collect$$libinit$$00000019  c_w.l(libinit2.o)
    0x90000332   0x90000332   0x00000000   Code   RO         2336    .ARM.Collect$$libinit$$0000001B  c_w.l(libinit2.o)
    0x90000332   0x90000332   0x00000000   Code   RO         2338    .ARM.Collect$$libinit$$0000001D  c_w.l(libinit2.o)
    0x90000332   0x90000332   0x00000000   Code   RO         2340    .ARM.Collect$$libinit$$0000001F  c_w.l(libinit2.o)
    0x90000332   0x90000332   0x00000000   Code   RO         2342    .ARM.Collect$$libinit$$00000021  c_w.l(libinit2.o)
    0x90000332   0x90000332   0x00000000   Code   RO         2344    .ARM.Collect$$libinit$$00000023  c_w.l(libinit2.o)
    0x90000332   0x90000332   0x00000000   Code   RO         2346    .ARM.Collect$$libinit$$00000025  c_w.l(libinit2.o)
    0x90000332   0x90000332   0x00000000   Code   RO         2350    .ARM.Collect$$libinit$$0000002C  c_w.l(libinit2.o)
    0x90000332   0x90000332   0x00000000   Code   RO         2352    .ARM.Collect$$libinit$$0000002E  c_w.l(libinit2.o)
    0x90000332   0x90000332   0x00000000   Code   RO         2354    .ARM.Collect$$libinit$$00000030  c_w.l(libinit2.o)
    0x90000332   0x90000332   0x00000000   Code   RO         2356    .ARM.Collect$$libinit$$00000032  c_w.l(libinit2.o)
    0x90000332   0x90000332   0x00000002   Code   RO         2357    .ARM.Collect$$libinit$$00000033  c_w.l(libinit2.o)
    0x90000334   0x90000334   0x00000002   Code   RO         2393    .ARM.Collect$$libshutdown$$00000000  c_w.l(libshutdown.o)
    0x90000336   0x90000336   0x00000000   Code   RO         2404    .ARM.Collect$$libshutdown$$00000002  c_w.l(libshutdown2.o)
    0x90000336   0x90000336   0x00000000   Code   RO         2406    .ARM.Collect$$libshutdown$$00000004  c_w.l(libshutdown2.o)
    0x90000336   0x90000336   0x00000000   Code   RO         2409    .ARM.Collect$$libshutdown$$00000007  c_w.l(libshutdown2.o)
    0x90000336   0x90000336   0x00000000   Code   RO         2412    .ARM.Collect$$libshutdown$$0000000A  c_w.l(libshutdown2.o)
    0x90000336   0x90000336   0x00000000   Code   RO         2414    .ARM.Collect$$libshutdown$$0000000C  c_w.l(libshutdown2.o)
    0x90000336   0x90000336   0x00000000   Code   RO         2417    .ARM.Collect$$libshutdown$$0000000F  c_w.l(libshutdown2.o)
    0x90000336   0x90000336   0x00000002   Code   RO         2418    .ARM.Collect$$libshutdown$$00000010  c_w.l(libshutdown2.o)
    0x90000338   0x90000338   0x00000000   Code   RO         2223    .ARM.Collect$$rtentry$$00000000  c_w.l(__rtentry.o)
    0x90000338   0x90000338   0x00000000   Code   RO         2236    .ARM.Collect$$rtentry$$00000002  c_w.l(__rtentry2.o)
    0x90000338   0x90000338   0x00000006   Code   RO         2248    .ARM.Collect$$rtentry$$00000004  c_w.l(__rtentry4.o)
    0x9000033e   0x9000033e   0x00000000   Code   RO         2238    .ARM.Collect$$rtentry$$00000009  c_w.l(__rtentry2.o)
    0x9000033e   0x9000033e   0x00000004   Code   RO         2239    .ARM.Collect$$rtentry$$0000000A  c_w.l(__rtentry2.o)
    0x90000342   0x90000342   0x00000000   Code   RO         2241    .ARM.Collect$$rtentry$$0000000C  c_w.l(__rtentry2.o)
    0x90000342   0x90000342   0x00000008   Code   RO         2242    .ARM.Collect$$rtentry$$0000000D  c_w.l(__rtentry2.o)
    0x9000034a   0x9000034a   0x00000002   Code   RO         2358    .ARM.Collect$$rtexit$$00000000  c_w.l(rtexit.o)
    0x9000034c   0x9000034c   0x00000000   Code   RO         2367    .ARM.Collect$$rtexit$$00000002  c_w.l(rtexit2.o)
    0x9000034c   0x9000034c   0x00000004   Code   RO         2368    .ARM.Collect$$rtexit$$00000003  c_w.l(rtexit2.o)
    0x90000350   0x90000350   0x00000006   Code   RO         2369    .ARM.Collect$$rtexit$$00000004  c_w.l(rtexit2.o)
    0x90000356   0x90000356   0x00000002   PAD
    0x90000358   0x90000358   0x00000040   Code   RO            4    .text               startup_stm32h750xx.o
    0x90000398   0x90000398   0x00000028   Code   RO         2184    .text               c_w.l(noretval__2sprintf.o)
    0x900003c0   0x900003c0   0x00000078   Code   RO         2188    .text               c_w.l(_printf_dec.o)
    0x90000438   0x90000438   0x000000b8   Code   RO         2193    .text               c_w.l(__printf_ss.o)
    0x900004f0   0x900004f0   0x00000064   Code   RO         2213    .text               c_w.l(rt_memcpy_w.o)
    0x90000554   0x90000554   0x0000004e   Code   RO         2215    .text               c_w.l(rt_memclr_w.o)
    0x900005a2   0x900005a2   0x00000006   Code   RO         2217    .text               c_w.l(heapauxi.o)
    0x900005a8   0x900005a8   0x000000b2   Code   RO         2224    .text               c_w.l(_printf_intcommon.o)
    0x9000065a   0x9000065a   0x0000041c   Code   RO         2226    .text               c_w.l(_printf_fp_dec.o)
    0x90000a76   0x90000a76   0x00000002   PAD
    0x90000a78   0x90000a78   0x00000030   Code   RO         2230    .text               c_w.l(_printf_char_common.o)
    0x90000aa8   0x90000aa8   0x0000000a   Code   RO         2232    .text               c_w.l(_sputc.o)
    0x90000ab2   0x90000ab2   0x00000002   PAD
    0x90000ab4   0x90000ab4   0x00000008   Code   RO         2253    .text               c_w.l(rt_locale_intlibspace.o)
    0x90000abc   0x90000abc   0x0000008a   Code   RO         2255    .text               c_w.l(lludiv10.o)
    0x90000b46   0x90000b46   0x00000002   PAD
    0x90000b48   0x90000b48   0x00000080   Code   RO         2257    .text               c_w.l(_printf_fp_infnan.o)
    0x90000bc8   0x90000bc8   0x000000e4   Code   RO         2261    .text               c_w.l(bigflt0.o)
    0x90000cac   0x90000cac   0x00000008   Code   RO         2296    .text               c_w.l(libspace.o)
    0x90000cb4   0x90000cb4   0x0000004a   Code   RO         2299    .text               c_w.l(sys_stackheap_outer.o)
    0x90000cfe   0x90000cfe   0x00000012   Code   RO         2303    .text               c_w.l(exit.o)
    0x90000d10   0x90000d10   0x0000007c   Code   RO         2305    .text               c_w.l(strcmpv7m_pel.o)
    0x90000d8c   0x90000d8c   0x0000000c   Code   RO         2379    .text               c_w.l(sys_exit.o)
    0x90000d98   0x90000d98   0x00000002   Code   RO         2394    .text               c_w.l(use_no_semi.o)
    0x90000d9a   0x90000d9a   0x00000000   Code   RO         2396    .text               c_w.l(indicate_semi.o)
    0x90000d9a   0x90000d9a   0x00000006   PAD
    0x90000da0   0x90000da0   0x0000000c   Code   RO           68    .text.ADC3_IRQHandler  stm32h7xx_it.o
    0x90000dac   0x90000dac   0x00000004   PAD
    0x90000db0   0x90000db0   0x00000122   Code   RO          141    .text.ADC_ConfigureBoostMode  stm32h7xx_hal_adc.o
    0x90000ed2   0x90000ed2   0x00000006   PAD
    0x90000ed8   0x90000ed8   0x000000ec   Code   RO          145    .text.ADC_ConversionStop  stm32h7xx_hal_adc.o
    0x90000fc4   0x90000fc4   0x00000004   PAD
    0x90000fc8   0x90000fc8   0x0000007c   Code   RO          147    .text.ADC_Disable   stm32h7xx_hal_adc.o
    0x90001044   0x90001044   0x00000004   PAD
    0x90001048   0x90001048   0x000000b8   Code   RO          153    .text.ADC_Enable    stm32h7xx_hal_adc.o
    0x90001100   0x90001100   0x00000002   Code   RO           50    .text.BusFault_Handler  stm32h7xx_it.o
    0x90001102   0x90001102   0x00000006   PAD
    0x90001108   0x90001108   0x0000004e   Code   RO         1962    .text.CDC_Itf_Control  usbd_cdc_interface.o
    0x90001156   0x90001156   0x00000002   PAD
    0x90001158   0x90001158   0x00000004   Code   RO         1960    .text.CDC_Itf_DeInit  usbd_cdc_interface.o
    0x9000115c   0x9000115c   0x00000004   PAD
    0x90001160   0x90001160   0x0000002c   Code   RO         1958    .text.CDC_Itf_Init  usbd_cdc_interface.o
    0x9000118c   0x9000118c   0x00000004   PAD
    0x90001190   0x90001190   0x00000056   Code   RO         1964    .text.CDC_Itf_Receive  usbd_cdc_interface.o
    0x900011e6   0x900011e6   0x00000002   PAD
    0x900011e8   0x900011e8   0x00000004   Code   RO         1966    .text.CDC_TransmitCplt  usbd_cdc_interface.o
    0x900011ec   0x900011ec   0x00000004   PAD
    0x900011f0   0x900011f0   0x00000046   Code   RO           62    .text.DMA1_Stream0_IRQHandler  stm32h7xx_it.o
    0x90001236   0x90001236   0x00000002   PAD
    0x90001238   0x90001238   0x00000002   Code   RO           56    .text.DebugMon_Handler  stm32h7xx_it.o
    0x9000123a   0x9000123a   0x00000006   PAD
    0x90001240   0x90001240   0x0000008e   Code   RO         1196    .text.FMC_SDRAM_Init  stm32h7xx_ll_fmc.o
    0x900012ce   0x900012ce   0x00000002   PAD
    0x900012d0   0x900012d0   0x00000016   Code   RO         1208    .text.FMC_SDRAM_ProgramRefreshRate  stm32h7xx_ll_fmc.o
    0x900012e6   0x900012e6   0x00000002   PAD
    0x900012e8   0x900012e8   0x0000002e   Code   RO         1206    .text.FMC_SDRAM_SendCommand  stm32h7xx_ll_fmc.o
    0x90001316   0x90001316   0x00000002   PAD
    0x90001318   0x90001318   0x000000d2   Code   RO         1198    .text.FMC_SDRAM_Timing_Init  stm32h7xx_ll_fmc.o
    0x900013ea   0x900013ea   0x00000006   PAD
    0x900013f0   0x900013f0   0x00000002   Code   RO          241    .text.HAL_ADCEx_EndOfSamplingCallback  stm32h7xx_hal_adc_ex.o
    0x900013f2   0x900013f2   0x00000006   PAD
    0x900013f8   0x900013f8   0x00000002   Code   RO          233    .text.HAL_ADCEx_InjectedConvCpltCallback  stm32h7xx_hal_adc_ex.o
    0x900013fa   0x900013fa   0x00000006   PAD
    0x90001400   0x90001400   0x00000002   Code   RO          235    .text.HAL_ADCEx_InjectedQueueOverflowCallback  stm32h7xx_hal_adc_ex.o
    0x90001402   0x90001402   0x00000006   PAD
    0x90001408   0x90001408   0x00000002   Code   RO          237    .text.HAL_ADCEx_LevelOutOfWindow2Callback  stm32h7xx_hal_adc_ex.o
    0x9000140a   0x9000140a   0x00000006   PAD
    0x90001410   0x90001410   0x00000002   Code   RO          239    .text.HAL_ADCEx_LevelOutOfWindow3Callback  stm32h7xx_hal_adc_ex.o
    0x90001412   0x90001412   0x00000006   PAD
    0x90001418   0x90001418   0x000003e2   Code   RO          187    .text.HAL_ADC_ConfigChannel  stm32h7xx_hal_adc.o
    0x900017fa   0x900017fa   0x00000006   PAD
    0x90001800   0x90001800   0x00000036   Code   RO           70    .text.HAL_ADC_ConvCpltCallback  stm32h7xx_it.o
    0x90001836   0x90001836   0x00000002   PAD
    0x90001838   0x90001838   0x00000002   Code   RO          183    .text.HAL_ADC_ErrorCallback  stm32h7xx_hal_adc.o
    0x9000183a   0x9000183a   0x00000006   PAD
    0x90001840   0x90001840   0x00000006   Code   RO          175    .text.HAL_ADC_GetValue  stm32h7xx_hal_adc.o
    0x90001846   0x90001846   0x00000002   PAD
    0x90001848   0x90001848   0x00000250   Code   RO          177    .text.HAL_ADC_IRQHandler  stm32h7xx_hal_adc.o
    0x90001a98   0x90001a98   0x00000272   Code   RO          137    .text.HAL_ADC_Init  stm32h7xx_hal_adc.o
    0x90001d0a   0x90001d0a   0x00000006   PAD
    0x90001d10   0x90001d10   0x00000002   Code   RO          181    .text.HAL_ADC_LevelOutOfWindowCallback  stm32h7xx_hal_adc.o
    0x90001d12   0x90001d12   0x00000006   PAD
    0x90001d18   0x90001d18   0x00000086   Code   RO           87    .text.HAL_ADC_MspInit  stm32h7xx_hal_msp.o
    0x90001d9e   0x90001d9e   0x00000002   PAD
    0x90001da0   0x90001da0   0x00000162   Code   RO          161    .text.HAL_ADC_Start_IT  stm32h7xx_hal_adc.o
    0x90001f02   0x90001f02   0x00000006   PAD
    0x90001f08   0x90001f08   0x00000052   Code   RO          163    .text.HAL_ADC_Stop_IT  stm32h7xx_hal_adc.o
    0x90001f5a   0x90001f5a   0x00000006   PAD
    0x90001f60   0x90001f60   0x00000028   Code   RO          875    .text.HAL_Delay     stm32h7xx_hal.o
    0x90001f88   0x90001f88   0x000001e2   Code   RO          511    .text.HAL_GPIO_Init  stm32h7xx_hal_gpio.o
    0x9000216a   0x9000216a   0x00000006   PAD
    0x90002170   0x90002170   0x0000000e   Code   RO          883    .text.HAL_GetREVID  stm32h7xx_hal.o
    0x9000217e   0x9000217e   0x00000002   PAD
    0x90002180   0x90002180   0x0000000c   Code   RO          867    .text.HAL_GetTick   stm32h7xx_hal.o
    0x9000218c   0x9000218c   0x00000004   PAD
    0x90002190   0x90002190   0x0000001a   Code   RO          865    .text.HAL_IncTick   stm32h7xx_hal.o
    0x900021aa   0x900021aa   0x00000006   PAD
    0x900021b0   0x900021b0   0x00000064   Code   RO          855    .text.HAL_Init      stm32h7xx_hal.o
    0x90002214   0x90002214   0x00000004   PAD
    0x90002218   0x90002218   0x0000004c   Code   RO          857    .text.HAL_InitTick  stm32h7xx_hal.o
    0x90002264   0x90002264   0x00000004   PAD
    0x90002268   0x90002268   0x0000005e   Code   RO          825    .text.HAL_MPU_ConfigRegion  stm32h7xx_hal_cortex.o
    0x900022c6   0x900022c6   0x00000002   PAD
    0x900022c8   0x900022c8   0x0000001a   Code   RO          817    .text.HAL_MPU_Disable  stm32h7xx_hal_cortex.o
    0x900022e2   0x900022e2   0x00000006   PAD
    0x900022e8   0x900022e8   0x00000020   Code   RO          819    .text.HAL_MPU_Enable  stm32h7xx_hal_cortex.o
    0x90002308   0x90002308   0x00000046   Code   RO           85    .text.HAL_MspInit   stm32h7xx_hal_msp.o
    0x9000234e   0x9000234e   0x00000002   PAD
    0x90002350   0x90002350   0x00000020   Code   RO          807    .text.HAL_NVIC_EnableIRQ  stm32h7xx_hal_cortex.o
    0x90002370   0x90002370   0x0000005e   Code   RO          805    .text.HAL_NVIC_SetPriority  stm32h7xx_hal_cortex.o
    0x900023ce   0x900023ce   0x00000002   PAD
    0x900023d0   0x900023d0   0x00000020   Code   RO          803    .text.HAL_NVIC_SetPriorityGrouping  stm32h7xx_hal_cortex.o
    0x900023f0   0x900023f0   0x00000026   Code   RO         1696    .text.HAL_PCDEx_ActivateLPM  stm32h7xx_hal_pcd_ex.o
    0x90002416   0x90002416   0x00000002   PAD
    0x90002418   0x90002418   0x00000002   Code   RO         1708    .text.HAL_PCDEx_LPM_Callback  stm32h7xx_hal_pcd_ex.o
    0x9000241a   0x9000241a   0x00000006   PAD
    0x90002420   0x90002420   0x00000008   Code   RO         1694    .text.HAL_PCDEx_SetRxFiFo  stm32h7xx_hal_pcd_ex.o
    0x90002428   0x90002428   0x00000092   Code   RO         1692    .text.HAL_PCDEx_SetTxFiFo  stm32h7xx_hal_pcd_ex.o
    0x900024ba   0x900024ba   0x00000006   PAD
    0x900024c0   0x900024c0   0x00000008   Code   RO         2007    .text.HAL_PCD_ConnectCallback  usbd_conf.o
    0x900024c8   0x900024c8   0x00000012   Code   RO         1993    .text.HAL_PCD_DataInStageCallback  usbd_conf.o
    0x900024da   0x900024da   0x00000006   PAD
    0x900024e0   0x900024e0   0x00000014   Code   RO         1991    .text.HAL_PCD_DataOutStageCallback  usbd_conf.o
    0x900024f4   0x900024f4   0x00000004   PAD
    0x900024f8   0x900024f8   0x00000008   Code   RO         2009    .text.HAL_PCD_DisconnectCallback  usbd_conf.o
    0x90002500   0x90002500   0x00000052   Code   RO         1662    .text.HAL_PCD_EP_Close  stm32h7xx_hal_pcd.o
    0x90002552   0x90002552   0x00000006   PAD
    0x90002558   0x90002558   0x00000060   Code   RO         1672    .text.HAL_PCD_EP_ClrStall  stm32h7xx_hal_pcd.o
    0x900025b8   0x900025b8   0x00000012   Code   RO         1666    .text.HAL_PCD_EP_GetRxCount  stm32h7xx_hal_pcd.o
    0x900025ca   0x900025ca   0x00000006   PAD
    0x900025d0   0x900025d0   0x00000060   Code   RO         1660    .text.HAL_PCD_EP_Open  stm32h7xx_hal_pcd.o
    0x90002630   0x90002630   0x0000003a   Code   RO         1664    .text.HAL_PCD_EP_Receive  stm32h7xx_hal_pcd.o
    0x9000266a   0x9000266a   0x00000006   PAD
    0x90002670   0x90002670   0x00000074   Code   RO         1670    .text.HAL_PCD_EP_SetStall  stm32h7xx_hal_pcd.o
    0x900026e4   0x900026e4   0x00000004   PAD
    0x900026e8   0x900026e8   0x0000003e   Code   RO         1668    .text.HAL_PCD_EP_Transmit  stm32h7xx_hal_pcd.o
    0x90002726   0x90002726   0x00000002   PAD
    0x90002728   0x90002728   0x000009e8   Code   RO         1628    .text.HAL_PCD_IRQHandler  stm32h7xx_hal_pcd.o
    0x90003110   0x90003110   0x00000008   Code   RO         2005    .text.HAL_PCD_ISOINIncompleteCallback  usbd_conf.o
    0x90003118   0x90003118   0x00000008   Code   RO         2003    .text.HAL_PCD_ISOOUTIncompleteCallback  usbd_conf.o
    0x90003120   0x90003120   0x00000280   Code   RO         1616    .text.HAL_PCD_Init  stm32h7xx_hal_pcd.o
    0x900033a0   0x900033a0   0x00000074   Code   RO         1985    .text.HAL_PCD_MspInit  usbd_conf.o
    0x90003414   0x90003414   0x00000004   PAD
    0x90003418   0x90003418   0x00000022   Code   RO         1997    .text.HAL_PCD_ResetCallback  usbd_conf.o
    0x9000343a   0x9000343a   0x00000006   PAD
    0x90003440   0x90003440   0x00000008   Code   RO         2001    .text.HAL_PCD_ResumeCallback  usbd_conf.o
    0x90003448   0x90003448   0x00000008   Code   RO         1995    .text.HAL_PCD_SOFCallback  usbd_conf.o
    0x90003450   0x90003450   0x00000026   Code   RO         1658    .text.HAL_PCD_SetAddress  stm32h7xx_hal_pcd.o
    0x90003476   0x90003476   0x00000002   PAD
    0x90003478   0x90003478   0x0000000e   Code   RO         1989    .text.HAL_PCD_SetupStageCallback  usbd_conf.o
    0x90003486   0x90003486   0x00000002   PAD
    0x90003488   0x90003488   0x0000003e   Code   RO         1624    .text.HAL_PCD_Start  stm32h7xx_hal_pcd.o
    0x900034c6   0x900034c6   0x00000002   PAD
    0x900034c8   0x900034c8   0x00000008   Code   RO         1999    .text.HAL_PCD_SuspendCallback  usbd_conf.o
    0x900034d0   0x900034d0   0x00000198   Code   RO          396    .text.HAL_RCCEx_GetPLL1ClockFreq  stm32h7xx_hal_rcc_ex.o
    0x90003668   0x90003668   0x00000198   Code   RO          398    .text.HAL_RCCEx_GetPLL2ClockFreq  stm32h7xx_hal_rcc_ex.o
    0x90003800   0x90003800   0x00000198   Code   RO          400    .text.HAL_RCCEx_GetPLL3ClockFreq  stm32h7xx_hal_rcc_ex.o
    0x90003998   0x90003998   0x000004c0   Code   RO          394    .text.HAL_RCCEx_GetPeriphCLKFreq  stm32h7xx_hal_rcc_ex.o
    0x90003e58   0x90003e58   0x0000004c   Code   RO          364    .text.HAL_RCC_GetHCLKFreq  stm32h7xx_hal_rcc.o
    0x90003ea4   0x90003ea4   0x00000004   PAD
    0x90003ea8   0x90003ea8   0x00000060   Code   RO          366    .text.HAL_RCC_GetPCLK1Freq  stm32h7xx_hal_rcc.o
    0x90003f08   0x90003f08   0x00000180   Code   RO          356    .text.HAL_RCC_GetSysClockFreq  stm32h7xx_hal_rcc.o
    0x90004088   0x90004088   0x00000050   Code   RO         1222    .text.HAL_SDRAM_Init  stm32h7xx_hal_sdram.o
    0x900040d8   0x900040d8   0x0000010a   Code   RO           95    .text.HAL_SDRAM_MspInit  stm32h7xx_hal_msp.o
    0x900041e2   0x900041e2   0x00000006   PAD
    0x900041e8   0x900041e8   0x00000030   Code   RO         1266    .text.HAL_SDRAM_ProgramRefreshRate  stm32h7xx_hal_sdram.o
    0x90004218   0x90004218   0x00000044   Code   RO         1264    .text.HAL_SDRAM_SendCommand  stm32h7xx_hal_sdram.o
    0x9000425c   0x9000425c   0x00000004   PAD
    0x90004260   0x90004260   0x00000030   Code   RO          899    .text.HAL_SYSCFG_EnableVREFBUF  stm32h7xx_hal.o
    0x90004290   0x90004290   0x00000014   Code   RO          895    .text.HAL_SYSCFG_VREFBUF_HighImpedanceConfig  stm32h7xx_hal.o
    0x900042a4   0x900042a4   0x00000004   PAD
    0x900042a8   0x900042a8   0x00000014   Code   RO          893    .text.HAL_SYSCFG_VREFBUF_VoltageScalingConfig  stm32h7xx_hal.o
    0x900042bc   0x900042bc   0x00000004   PAD
    0x900042c0   0x900042c0   0x0000002c   Code   RO          815    .text.HAL_SYSTICK_Config  stm32h7xx_hal_cortex.o
    0x900042ec   0x900042ec   0x00000004   PAD
    0x900042f0   0x900042f0   0x00000002   Code   RO           46    .text.HardFault_Handler  stm32h7xx_it.o
    0x900042f2   0x900042f2   0x00000006   PAD
    0x900042f8   0x900042f8   0x000001ee   Code   RO         1905    .text.LCD_Address_Set  lcd_init.o
    0x900044e6   0x900044e6   0x00000002   PAD
    0x900044e8   0x900044e8   0x000003b8   Code   RO         1883    .text.LCD_DrawChar  lcd.o
    0x900048a0   0x900048a0   0x000000ca   Code   RO         1877    .text.LCD_DrawLine  lcd.o
    0x9000496a   0x9000496a   0x00000006   PAD
    0x90004970   0x90004970   0x0000003c   Code   RO         1885    .text.LCD_DrawString  lcd.o
    0x900049ac   0x900049ac   0x00000004   PAD
    0x900049b0   0x900049b0   0x0000007e   Code   RO         1873    .text.LCD_FillRect  lcd.o
    0x90004a2e   0x90004a2e   0x00000002   PAD
    0x90004a30   0x90004a30   0x000000f6   Code   RO         1869    .text.LCD_Present_Buffer_DMA_IT  lcd.o
    0x90004b26   0x90004b26   0x00000002   PAD
    0x90004b28   0x90004b28   0x00000118   Code   RO         1901    .text.LCD_Write16   lcd_init.o
    0x90004c40   0x90004c40   0x000000ce   Code   RO          125    .text.LL_GPIO_Init  stm32h7xx_ll_gpio.o
    0x90004d0e   0x90004d0e   0x00000002   PAD
    0x90004d10   0x90004d10   0x00000180   Code   RO          275    .text.LL_RCC_GetPLL1ClockFreq  stm32h7xx_ll_rcc.o
    0x90004e90   0x90004e90   0x00000180   Code   RO          279    .text.LL_RCC_GetPLL2ClockFreq  stm32h7xx_ll_rcc.o
    0x90005010   0x90005010   0x0000018c   Code   RO          281    .text.LL_RCC_GetPLL3ClockFreq  stm32h7xx_ll_rcc.o
    0x9000519c   0x9000519c   0x00000004   PAD
    0x900051a0   0x900051a0   0x00000224   Code   RO          283    .text.LL_RCC_GetUSARTClockFreq  stm32h7xx_ll_rcc.o
    0x900053c4   0x900053c4   0x00000004   PAD
    0x900053c8   0x900053c8   0x0000009c   Code   RO         1576    .text.LL_SPI_Init   stm32h7xx_ll_spi.o
    0x90005464   0x90005464   0x00000004   PAD
    0x90005468   0x90005468   0x0000000c   Code   RO          332    .text.LL_SetSystemCoreClock  stm32h7xx_ll_utils.o
    0x90005474   0x90005474   0x00000004   PAD
    0x90005478   0x90005478   0x00000170   Code   RO         1600    .text.LL_USART_Init  stm32h7xx_ll_usart.o
    0x900055e8   0x900055e8   0x0000004c   Code   RO          330    .text.LL_mDelay     stm32h7xx_ll_utils.o
    0x90005634   0x90005634   0x00000004   PAD
    0x90005638   0x90005638   0x00001e96   Code   RO         1907    .text.Lcd_Init      lcd_init.o
    0x900074ce   0x900074ce   0x00000002   PAD
    0x900074d0   0x900074d0   0x00000002   Code   RO           48    .text.MemManage_Handler  stm32h7xx_it.o
    0x900074d2   0x900074d2   0x00000006   PAD
    0x900074d8   0x900074d8   0x00000002   Code   RO           44    .text.NMI_Handler   stm32h7xx_it.o
    0x900074da   0x900074da   0x00000006   PAD
    0x900074e0   0x900074e0   0x0000000c   Code   RO           66    .text.OTG_FS_IRQHandler  stm32h7xx_it.o
    0x900074ec   0x900074ec   0x00000004   PAD
    0x900074f0   0x900074f0   0x00000002   Code   RO           58    .text.PendSV_Handler  stm32h7xx_it.o
    0x900074f2   0x900074f2   0x00000006   PAD
    0x900074f8   0x900074f8   0x000000e0   Code   RO           17    .text.PeriphCommonClock_Config  main.o
    0x900075d8   0x900075d8   0x00000030   Code   RO           64    .text.SPI1_IRQHandler  stm32h7xx_it.o
    0x90007608   0x90007608   0x00000002   Code   RO           54    .text.SVC_Handler   stm32h7xx_it.o
    0x9000760a   0x9000760a   0x00000006   PAD
    0x90007610   0x90007610   0x00000004   Code   RO           60    .text.SysTick_Handler  stm32h7xx_it.o
    0x90007614   0x90007614   0x00000004   PAD
    0x90007618   0x90007618   0x000001de   Code   RO           15    .text.SystemClock_Config  main.o
    0x900077f6   0x900077f6   0x00000002   PAD
    0x900077f8   0x900077f8   0x000000cc   Code   RO         1822    .text.SystemInit    system_stm32h7xx.o
    0x900078c4   0x900078c4   0x00000004   PAD
    0x900078c8   0x900078c8   0x00000020   Code   RO         1861    .text.TSG_INIT      tools.o
    0x900078e8   0x900078e8   0x00000072   Code   RO         1925    .text.USBD_CDC_DataIn  usbd_cdc.o
    0x9000795a   0x9000795a   0x00000006   PAD
    0x90007960   0x90007960   0x0000003c   Code   RO         1927    .text.USBD_CDC_DataOut  usbd_cdc.o
    0x9000799c   0x9000799c   0x00000004   PAD
    0x900079a0   0x900079a0   0x0000005a   Code   RO         1919    .text.USBD_CDC_DeInit  usbd_cdc.o
    0x900079fa   0x900079fa   0x00000006   PAD
    0x90007a00   0x90007a00   0x0000003a   Code   RO         1923    .text.USBD_CDC_EP0_RxReady  usbd_cdc.o
    0x90007a3a   0x90007a3a   0x00000006   PAD
    0x90007a40   0x90007a40   0x00000010   Code   RO         1935    .text.USBD_CDC_GetDeviceQualifierDescriptor  usbd_cdc.o
    0x90007a50   0x90007a50   0x00000052   Code   RO         1931    .text.USBD_CDC_GetFSCfgDesc  usbd_cdc.o
    0x90007aa2   0x90007aa2   0x00000006   PAD
    0x90007aa8   0x90007aa8   0x00000056   Code   RO         1929    .text.USBD_CDC_GetHSCfgDesc  usbd_cdc.o
    0x90007afe   0x90007afe   0x00000002   PAD
    0x90007b00   0x90007b00   0x00000052   Code   RO         1933    .text.USBD_CDC_GetOtherSpeedCfgDesc  usbd_cdc.o
    0x90007b52   0x90007b52   0x00000006   PAD
    0x90007b58   0x90007b58   0x000000d6   Code   RO         1917    .text.USBD_CDC_Init  usbd_cdc.o
    0x90007c2e   0x90007c2e   0x00000002   PAD
    0x90007c30   0x90007c30   0x00000016   Code   RO         1937    .text.USBD_CDC_RegisterInterface  usbd_cdc.o
    0x90007c46   0x90007c46   0x00000002   PAD
    0x90007c48   0x90007c48   0x0000001a   Code   RO         1941    .text.USBD_CDC_SetRxBuffer  usbd_cdc.o
    0x90007c62   0x90007c62   0x00000006   PAD
    0x90007c68   0x90007c68   0x0000001e   Code   RO         1939    .text.USBD_CDC_SetTxBuffer  usbd_cdc.o
    0x90007c86   0x90007c86   0x00000002   PAD
    0x90007c88   0x90007c88   0x000000f2   Code   RO         1921    .text.USBD_CDC_Setup  usbd_cdc.o
    0x90007d7a   0x90007d7a   0x00000006   PAD
    0x90007d80   0x90007d80   0x00000012   Code   RO         2069    .text.USBD_ClrClassConfig  usbd_core.o
    0x90007d92   0x90007d92   0x00000006   PAD
    0x90007d98   0x90007d98   0x00000004   Code   RO         2077    .text.USBD_CoreFindEP  usbd_core.o
    0x90007d9c   0x90007d9c   0x00000004   PAD
    0x90007da0   0x90007da0   0x00000004   Code   RO         2075    .text.USBD_CoreFindIF  usbd_core.o
    0x90007da4   0x90007da4   0x00000004   PAD
    0x90007da8   0x90007da8   0x00000010   Code   RO         2165    .text.USBD_CtlContinueRx  usbd_ioreq.o
    0x90007db8   0x90007db8   0x00000010   Code   RO         2161    .text.USBD_CtlContinueSendData  usbd_ioreq.o
    0x90007dc8   0x90007dc8   0x00000016   Code   RO         2113    .text.USBD_CtlError  usbd_ctlreq.o
    0x90007dde   0x90007dde   0x00000002   PAD
    0x90007de0   0x90007de0   0x0000001e   Code   RO         2163    .text.USBD_CtlPrepareRx  usbd_ioreq.o
    0x90007dfe   0x90007dfe   0x00000002   PAD
    0x90007e00   0x90007e00   0x00000016   Code   RO         2169    .text.USBD_CtlReceiveStatus  usbd_ioreq.o
    0x90007e16   0x90007e16   0x00000002   PAD
    0x90007e18   0x90007e18   0x0000001a   Code   RO         2159    .text.USBD_CtlSendData  usbd_ioreq.o
    0x90007e32   0x90007e32   0x00000006   PAD
    0x90007e38   0x90007e38   0x00000016   Code   RO         2167    .text.USBD_CtlSendStatus  usbd_ioreq.o
    0x90007e4e   0x90007e4e   0x00000002   PAD
    0x90007e50   0x90007e50   0x00000044   Code   RO         2099    .text.USBD_GetEpDesc  usbd_core.o
    0x90007e94   0x90007e94   0x00000004   PAD
    0x90007e98   0x90007e98   0x0000010c   Code   RO         2121    .text.USBD_GetString  usbd_ctlreq.o
    0x90007fa4   0x90007fa4   0x00000004   PAD
    0x90007fa8   0x90007fa8   0x00000028   Code   RO         2055    .text.USBD_Init     usbd_core.o
    0x90007fd0   0x90007fd0   0x0000000e   Code   RO         2027    .text.USBD_LL_ClearStallEP  usbd_conf.o
    0x90007fde   0x90007fde   0x00000002   PAD
    0x90007fe0   0x90007fe0   0x0000000e   Code   RO         2021    .text.USBD_LL_CloseEP  usbd_conf.o
    0x90007fee   0x90007fee   0x00000002   PAD
    0x90007ff0   0x90007ff0   0x000000b6   Code   RO         2079    .text.USBD_LL_DataInStage  usbd_core.o
    0x900080a6   0x900080a6   0x00000002   PAD
    0x900080a8   0x900080a8   0x00000076   Code   RO         2073    .text.USBD_LL_DataOutStage  usbd_core.o
    0x9000811e   0x9000811e   0x00000002   PAD
    0x90008120   0x90008120   0x00000004   Code   RO         2095    .text.USBD_LL_DevConnected  usbd_core.o
    0x90008124   0x90008124   0x00000004   PAD
    0x90008128   0x90008128   0x00000020   Code   RO         2097    .text.USBD_LL_DevDisconnected  usbd_core.o
    0x90008148   0x90008148   0x00000008   Code   RO         2037    .text.USBD_LL_GetRxDataSize  usbd_conf.o
    0x90008150   0x90008150   0x00000050   Code   RO         2011    .text.USBD_LL_Init  usbd_conf.o
    0x900081a0   0x900081a0   0x00000020   Code   RO         2029    .text.USBD_LL_IsStallEP  usbd_conf.o
    0x900081c0   0x900081c0   0x00000026   Code   RO         2091    .text.USBD_LL_IsoINIncomplete  usbd_core.o
    0x900081e6   0x900081e6   0x00000002   PAD
    0x900081e8   0x900081e8   0x00000026   Code   RO         2093    .text.USBD_LL_IsoOUTIncomplete  usbd_core.o
    0x9000820e   0x9000820e   0x00000002   PAD
    0x90008210   0x90008210   0x00000014   Code   RO         2019    .text.USBD_LL_OpenEP  usbd_conf.o
    0x90008224   0x90008224   0x00000004   PAD
    0x90008228   0x90008228   0x0000000e   Code   RO         2035    .text.USBD_LL_PrepareReceive  usbd_conf.o
    0x90008236   0x90008236   0x00000002   PAD
    0x90008238   0x90008238   0x00000064   Code   RO         2081    .text.USBD_LL_Reset  usbd_core.o
    0x9000829c   0x9000829c   0x00000004   PAD
    0x900082a0   0x900082a0   0x00000014   Code   RO         2087    .text.USBD_LL_Resume  usbd_core.o
    0x900082b4   0x900082b4   0x00000004   PAD
    0x900082b8   0x900082b8   0x0000001a   Code   RO         2089    .text.USBD_LL_SOF   usbd_core.o
    0x900082d2   0x900082d2   0x00000006   PAD
    0x900082d8   0x900082d8   0x00000008   Code   RO         2083    .text.USBD_LL_SetSpeed  usbd_core.o
    0x900082e0   0x900082e0   0x0000000e   Code   RO         2031    .text.USBD_LL_SetUSBAddress  usbd_conf.o
    0x900082ee   0x900082ee   0x00000002   PAD
    0x900082f0   0x900082f0   0x00000060   Code   RO         2071    .text.USBD_LL_SetupStage  usbd_core.o
    0x90008350   0x90008350   0x0000000e   Code   RO         2025    .text.USBD_LL_StallEP  usbd_conf.o
    0x9000835e   0x9000835e   0x00000002   PAD
    0x90008360   0x90008360   0x0000000e   Code   RO         2015    .text.USBD_LL_Start  usbd_conf.o
    0x9000836e   0x9000836e   0x00000002   PAD
    0x90008370   0x90008370   0x0000001c   Code   RO         2085    .text.USBD_LL_Suspend  usbd_core.o
    0x9000838c   0x9000838c   0x00000004   PAD
    0x90008390   0x90008390   0x0000001e   Code   RO         2033    .text.USBD_LL_Transmit  usbd_conf.o
    0x900083ae   0x900083ae   0x00000002   PAD
    0x900083b0   0x900083b0   0x00000016   Code   RO         2119    .text.USBD_ParseSetupRequest  usbd_ctlreq.o
    0x900083c6   0x900083c6   0x00000002   PAD
    0x900083c8   0x900083c8   0x00000044   Code   RO         2059    .text.USBD_RegisterClass  usbd_core.o
    0x9000840c   0x9000840c   0x00000004   PAD
    0x90008410   0x90008410   0x0000000e   Code   RO         2067    .text.USBD_SetClassConfig  usbd_core.o
    0x9000841e   0x9000841e   0x00000002   PAD
    0x90008420   0x90008420   0x00000004   Code   RO         2061    .text.USBD_Start    usbd_core.o
    0x90008424   0x90008424   0x00000004   PAD
    0x90008428   0x90008428   0x00000366   Code   RO         2111    .text.USBD_StdDevReq  usbd_ctlreq.o
    0x9000878e   0x9000878e   0x00000002   PAD
    0x90008790   0x90008790   0x00000194   Code   RO         2117    .text.USBD_StdEPReq  usbd_ctlreq.o
    0x90008924   0x90008924   0x00000004   PAD
    0x90008928   0x90008928   0x00000094   Code   RO         2115    .text.USBD_StdItfReq  usbd_ctlreq.o
    0x900089bc   0x900089bc   0x00000004   PAD
    0x900089c0   0x900089c0   0x00000024   Code   RO         2142    .text.USBD_VCP_ConfigStrDescriptor  usbd_desc.o
    0x900089e4   0x900089e4   0x00000004   PAD
    0x900089e8   0x900089e8   0x0000000e   Code   RO         2132    .text.USBD_VCP_DeviceDescriptor  usbd_desc.o
    0x900089f6   0x900089f6   0x00000002   PAD
    0x900089f8   0x900089f8   0x00000028   Code   RO         2144    .text.USBD_VCP_InterfaceStrDescriptor  usbd_desc.o
    0x90008a20   0x90008a20   0x0000000e   Code   RO         2134    .text.USBD_VCP_LangIDStrDescriptor  usbd_desc.o
    0x90008a2e   0x90008a2e   0x00000002   PAD
    0x90008a30   0x90008a30   0x0000002c   Code   RO         2136    .text.USBD_VCP_ManufacturerStrDescriptor  usbd_desc.o
    0x90008a5c   0x90008a5c   0x00000004   PAD
    0x90008a60   0x90008a60   0x0000006c   Code   RO         2138    .text.USBD_VCP_ProductStrDescriptor  usbd_desc.o
    0x90008acc   0x90008acc   0x00000004   PAD
    0x90008ad0   0x90008ad0   0x00000030   Code   RO         2140    .text.USBD_VCP_SerialStrDescriptor  usbd_desc.o
    0x90008b00   0x90008b00   0x00000002   Code   RO         2041    .text.USBD_static_free  usbd_conf.o
    0x90008b02   0x90008b02   0x00000006   PAD
    0x90008b08   0x90008b08   0x0000000a   Code   RO         2039    .text.USBD_static_malloc  usbd_conf.o
    0x90008b12   0x90008b12   0x00000006   PAD
    0x90008b18   0x90008b18   0x00000092   Code   RO         1740    .text.USB_ActivateEndpoint  stm32h7xx_ll_usb.o
    0x90008baa   0x90008baa   0x00000006   PAD
    0x90008bb0   0x90008bb0   0x00000020   Code   RO         1782    .text.USB_ActivateSetup  stm32h7xx_ll_usb.o
    0x90008bd0   0x90008bd0   0x0000022c   Code   RO         1718    .text.USB_CoreInit  stm32h7xx_ll_usb.o
    0x90008dfc   0x90008dfc   0x00000004   PAD
    0x90008e00   0x90008e00   0x0000008e   Code   RO         1744    .text.USB_DeactivateEndpoint  stm32h7xx_ll_usb.o
    0x90008e8e   0x90008e8e   0x00000002   PAD
    0x90008e90   0x90008e90   0x0000001e   Code   RO         1764    .text.USB_DevConnect  stm32h7xx_ll_usb.o
    0x90008eae   0x90008eae   0x00000002   PAD
    0x90008eb0   0x90008eb0   0x0000001e   Code   RO         1766    .text.USB_DevDisconnect  stm32h7xx_ll_usb.o
    0x90008ece   0x90008ece   0x00000002   PAD
    0x90008ed0   0x90008ed0   0x00000466   Code   RO         1730    .text.USB_DevInit   stm32h7xx_ll_usb.o
    0x90009336   0x90009336   0x00000002   PAD
    0x90009338   0x90009338   0x0000000e   Code   RO         1724    .text.USB_DisableGlobalInt  stm32h7xx_ll_usb.o
    0x90009346   0x90009346   0x00000002   PAD
    0x90009348   0x90009348   0x0000005a   Code   RO         1784    .text.USB_EP0_OutStart  stm32h7xx_ll_usb.o
    0x900093a2   0x900093a2   0x00000006   PAD
    0x900093a8   0x900093a8   0x00000050   Code   RO         1758    .text.USB_EPClearStall  stm32h7xx_ll_usb.o
    0x900093f8   0x900093f8   0x0000004a   Code   RO         1756    .text.USB_EPSetStall  stm32h7xx_ll_usb.o
    0x90009442   0x90009442   0x00000006   PAD
    0x90009448   0x90009448   0x00000240   Code   RO         1748    .text.USB_EPStartXfer  stm32h7xx_ll_usb.o
    0x90009688   0x90009688   0x0000010a   Code   RO         1752    .text.USB_EPStopXfer  stm32h7xx_ll_usb.o
    0x90009792   0x90009792   0x00000006   PAD
    0x90009798   0x90009798   0x0000000e   Code   RO         1722    .text.USB_EnableGlobalInt  stm32h7xx_ll_usb.o
    0x900097a6   0x900097a6   0x00000002   PAD
    0x900097a8   0x900097a8   0x000000c0   Code   RO         1734    .text.USB_FlushTxFifo  stm32h7xx_ll_usb.o
    0x90009868   0x90009868   0x0000001c   Code   RO         1738    .text.USB_GetDevSpeed  stm32h7xx_ll_usb.o
    0x90009884   0x90009884   0x00000004   PAD
    0x90009888   0x90009888   0x00000008   Code   RO         1728    .text.USB_GetMode   stm32h7xx_ll_usb.o
    0x90009890   0x90009890   0x0000000e   Code   RO         1774    .text.USB_ReadDevAllInEpInterrupt  stm32h7xx_ll_usb.o
    0x9000989e   0x9000989e   0x00000002   PAD
    0x900098a0   0x900098a0   0x0000000e   Code   RO         1772    .text.USB_ReadDevAllOutEpInterrupt  stm32h7xx_ll_usb.o
    0x900098ae   0x900098ae   0x00000002   PAD
    0x900098b0   0x900098b0   0x00000024   Code   RO         1778    .text.USB_ReadDevInEPInterrupt  stm32h7xx_ll_usb.o
    0x900098d4   0x900098d4   0x00000004   PAD
    0x900098d8   0x900098d8   0x00000010   Code   RO         1776    .text.USB_ReadDevOutEPInterrupt  stm32h7xx_ll_usb.o
    0x900098e8   0x900098e8   0x00000008   Code   RO         1768    .text.USB_ReadInterrupts  stm32h7xx_ll_usb.o
    0x900098f0   0x900098f0   0x000000b6   Code   RO         1754    .text.USB_ReadPacket  stm32h7xx_ll_usb.o
    0x900099a6   0x900099a6   0x00000002   PAD
    0x900099a8   0x900099a8   0x00000066   Code   RO         1726    .text.USB_SetCurrentMode  stm32h7xx_ll_usb.o
    0x90009a0e   0x90009a0e   0x00000002   PAD
    0x90009a10   0x90009a10   0x00000022   Code   RO         1762    .text.USB_SetDevAddress  stm32h7xx_ll_usb.o
    0x90009a32   0x90009a32   0x00000006   PAD
    0x90009a38   0x90009a38   0x00000116   Code   RO         1720    .text.USB_SetTurnaroundTime  stm32h7xx_ll_usb.o
    0x90009b4e   0x90009b4e   0x00000002   PAD
    0x90009b50   0x90009b50   0x00000080   Code   RO         1750    .text.USB_WritePacket  stm32h7xx_ll_usb.o
    0x90009bd0   0x90009bd0   0x00000002   Code   RO           52    .text.UsageFault_Handler  stm32h7xx_it.o
    0x90009bd2   0x90009bd2   0x00000006   PAD
    0x90009bd8   0x90009bd8   0x00000d30   Code   RO           13    .text.main          main.o
    0x9000a908   0x9000a908   0x0000003e   Code   RO         2264    CL$$btod_d2e        c_w.l(btod.o)
    0x9000a946   0x9000a946   0x00000046   Code   RO         2266    CL$$btod_d2e_denorm_low  c_w.l(btod.o)
    0x9000a98c   0x9000a98c   0x00000060   Code   RO         2265    CL$$btod_d2e_norm_op1  c_w.l(btod.o)
    0x9000a9ec   0x9000a9ec   0x00000338   Code   RO         2274    CL$$btod_div_common  c_w.l(btod.o)
    0x9000ad24   0x9000ad24   0x000000dc   Code   RO         2271    CL$$btod_e2e        c_w.l(btod.o)
    0x9000ae00   0x9000ae00   0x0000002a   Code   RO         2268    CL$$btod_ediv       c_w.l(btod.o)
    0x9000ae2a   0x9000ae2a   0x0000002a   Code   RO         2267    CL$$btod_emul       c_w.l(btod.o)
    0x9000ae54   0x9000ae54   0x00000244   Code   RO         2273    CL$$btod_mult_common  c_w.l(btod.o)
    0x9000b098   0x9000b098   0x00000030   Code   RO         2294    i.__ARM_fpclassify  m_wv.l(fpclassify.o)
    0x9000b0c8   0x9000b0c8   0x0000002c   Code   RO         2289    locale$$code        c_w.l(lc_numeric_c.o)
    0x9000b0f4   0x9000b0f4   0x0000001a   Code   RO         2364    x$fpl$fpinit        fz_wv.l(fpinit.o)
    0x9000b10e   0x9000b10e   0x00000004   Code   RO         2221    x$fpl$printf1       fz_wv.l(printf1.o)
    0x9000b112   0x9000b112   0x00000000   Code   RO         2293    x$fpl$usenofp       fz_wv.l(usenofp.o)
    0x9000b112   0x9000b112   0x00000002   PAD
    0x9000b114   0x9000b114   0x00000094   Data   RO         2262    .constdata          c_w.l(bigflt0.o)
    0x9000b1a8   0x9000b1a8   0x00000010   Data   RO         1826    .rodata.D1CorePrescTable  system_stm32h7xx.o
    0x9000b1b8   0x9000b1b8   0x00000010   Data   RO          319    .rodata.LL_RCC_PrescTable  stm32h7xx_ll_rcc.o
    0x9000b1c8   0x9000b1c8   0x00000474   Data   RO           23    .rodata.ascii_1206  main.o
    0x9000b63c   0x9000b63c   0x000005f0   Data   RO           24    .rodata.ascii_1608  main.o
    0x9000bc2c   0x9000bc2c   0x000011d0   Data   RO           25    .rodata.ascii_2412  main.o
    0x9000cdfc   0x9000cdfc   0x000017c0   Data   RO           26    .rodata.ascii_3216  main.o
    0x9000e5bc   0x9000e5bc   0x00000020   Data   RO         2446    Region$$Table       anon$$obj.o
    0x9000e5dc   0x9000e5dc   0x0000001c   Data   RO         2288    locale$$data        c_w.l(lc_numeric_c.o)


    Execution Region SDRAM (Exec base: 0xd0000000, Load base: 0x9000e700, Size: 0x00041a00, Max: 0x04000000, ABSOLUTE, UNINIT)

    Exec Addr    Load Addr    Size         Type   Attr      Idx    E Section Name        Object

    0xd0000000        -       0x00041a00   Zero   RW         1887    .bss.SDRAM          lcd.o


==============================================================================

Image component sizes


      Code (inc. data)   RO Data    RW Data    ZI Data      Debug   Object Name

      1586          0          0          0     268812      14746   lcd.o
      8604          0          0          0          0      49903   lcd_init.o
      4078         80      13300          0      14228      38890   main.o
        64         26        664          0       8192        836   startup_stm32h750xx.o
       356          0          0          8          4      14623   stm32h7xx_hal.o
      3492         12          0          0          0      26799   stm32h7xx_hal_adc.o
        10          0          0          0          0      29312   stm32h7xx_hal_adc_ex.o
       354          0          0          0          0      12329   stm32h7xx_hal_cortex.o
       482          0          0          0          0       7155   stm32h7xx_hal_gpio.o
       470          0          0          0          1      15348   stm32h7xx_hal_msp.o
      3804          0          0          0          0      16466   stm32h7xx_hal_pcd.o
       194          0          0          0          0       6085   stm32h7xx_hal_pcd_ex.o
       556         16          0          0          0      11671   stm32h7xx_hal_rcc.o
      2440        114          0          0          0      20796   stm32h7xx_hal_rcc_ex.o
       196          0          0          0          0      13790   stm32h7xx_hal_sdram.o
       216          0          0          0         17       7039   stm32h7xx_it.o
       420          0          0          0          0       8760   stm32h7xx_ll_fmc.o
       206          0          0          0          0       4585   stm32h7xx_ll_gpio.o
      1712         32         16          0          0      35119   stm32h7xx_ll_rcc.o
       156          0          0          0          0       8821   stm32h7xx_ll_spi.o
       368         48          0          0          0       7606   stm32h7xx_ll_usart.o
      4216          0          0          0          0      31356   stm32h7xx_ll_usb.o
        88          0          0          0          0      13474   stm32h7xx_ll_utils.o
       204          0         16          8          0       5873   system_stm32h7xx.o
        32          0          0          0          0        419   tools.o
      1122         12          0        133          0      11514   usbd_cdc.o
       216          0          0         28       4096       4754   usbd_cdc_interface.o
       524          0          0          0       1796      16373   usbd_conf.o
       910          0          0          0          0       9595   usbd_core.o
      1734         30          0          0          1      10091   usbd_ctlreq.o
       304        120          0         76         64       3325   usbd_desc.o
       132          0          0          0          0       4397   usbd_ioreq.o

    ----------------------------------------------------------------------
     39848        506      14028        260     297220     461850   Object Totals
         0          0         32          0          0          0   (incl. Generated)
       602         16          0          7          9          0   (incl. Padding)

    ----------------------------------------------------------------------

      Code (inc. data)   RO Data    RW Data    ZI Data      Debug   Library Member Name

         8          0          0          0          0         68   __main.o
       184          0          0          0          0         84   __printf_ss.o
         0          0          0          0          0          0   __rtentry.o
        12          0          0          0          0          0   __rtentry2.o
         6          0          0          0          0          0   __rtentry4.o
        52          8          0          0          0          0   __scatter.o
        26          0          0          0          0          0   __scatter_copy.o
        28          0          0          0          0          0   __scatter_zi.o
        48          6          0          0          0         96   _printf_char_common.o
       120         16          0          0          0         92   _printf_dec.o
         6          0          0          0          0          0   _printf_f.o
      1052          0          0          0          0        148   _printf_fp_dec.o
       128         16          0          0          0         84   _printf_fp_infnan.o
       178          0          0          0          0         88   _printf_intcommon.o
         0          0          0          0          0          0   _printf_percent.o
         4          0          0          0          0          0   _printf_percent_end.o
         6          0          0          0          0          0   _printf_u.o
        10          0          0          0          0         68   _sputc.o
       228          4        148          0          0         96   bigflt0.o
      1936        128          0          0          0        672   btod.o
        18          0          0          0          0         80   exit.o
         6          0          0          0          0        152   heapauxi.o
         0          0          0          0          0          0   indicate_semi.o
        44         10         28          0          0         76   lc_numeric_c.o
         2          0          0          0          0          0   libinit.o
        22          0          0          0          0          0   libinit2.o
         2          0          0          0          0          0   libshutdown.o
         2          0          0          0          0          0   libshutdown2.o
         8          4          0          0         96         68   libspace.o
       138          0          0          0          0         80   lludiv10.o
        40          6          0          0          0         84   noretval__2sprintf.o
         8          4          0          0          0         68   rt_locale_intlibspace.o
        78          0          0          0          0         80   rt_memclr_w.o
       100          0          0          0          0         80   rt_memcpy_w.o
         2          0          0          0          0          0   rtexit.o
        10          0          0          0          0          0   rtexit2.o
       124          0          0          0          0         88   strcmpv7m_pel.o
        12          4          0          0          0         68   sys_exit.o
        74          0          0          0          0         80   sys_stackheap_outer.o
         2          0          0          0          0         68   use_no_semi.o
        26          0          0          0          0        116   fpinit.o
         4          0          0          0          0        116   printf1.o
         0          0          0          0          0          0   usenofp.o
        48          0          0          0          0        124   fpclassify.o

    ----------------------------------------------------------------------
      4820        206        176          0         96       2924   Library Totals
        18          0          0          0          0          0   (incl. Padding)

    ----------------------------------------------------------------------

      Code (inc. data)   RO Data    RW Data    ZI Data      Debug   Library Name

      4724        206        176          0         96       2568   c_w.l
        30          0          0          0          0        232   fz_wv.l
        48          0          0          0          0        124   m_wv.l

    ----------------------------------------------------------------------
      4820        206        176          0         96       2924   Library Totals

    ----------------------------------------------------------------------

==============================================================================


      Code (inc. data)   RO Data    RW Data    ZI Data      Debug   

     44668        712      14204        260     297316     462842   Grand Totals
     44668        712      14204        260     297316     462842   ELF Image Totals
     44668        712      14204        260          0          0   ROM Totals

==============================================================================

    Total RO  Size (Code + RO Data)                58872 (  57.49kB)
    Total RW  Size (RW Data + ZI Data)            297576 ( 290.60kB)
    Total ROM Size (Code + RO Data + RW Data)      59132 (  57.75kB)

==============================================================================

